Component: ARM Compiler 5.06 update 7 (build 960) Tool: armlink [4d3601]

==============================================================================

Section Cross References

    startup_stm32h723xx.o(RESET) refers to startup_stm32h723xx.o(STACK) for __initial_sp
    startup_stm32h723xx.o(RESET) refers to startup_stm32h723xx.o(.text) for Reset_Handler
    startup_stm32h723xx.o(RESET) refers to stm32h7xx_it.o(i.NMI_Handler) for NMI_Handler
    startup_stm32h723xx.o(RESET) refers to stm32h7xx_it.o(i.HardFault_Handler) for HardFault_Handler
    startup_stm32h723xx.o(RESET) refers to stm32h7xx_it.o(i.MemManage_Handler) for MemManage_Handler
    startup_stm32h723xx.o(RESET) refers to stm32h7xx_it.o(i.BusFault_Handler) for BusFault_Handler
    startup_stm32h723xx.o(RESET) refers to stm32h7xx_it.o(i.UsageFault_Handler) for UsageFault_Handler
    startup_stm32h723xx.o(RESET) refers to port.o(.emb_text) for SVC_Handler
    startup_stm32h723xx.o(RESET) refers to stm32h7xx_it.o(i.DebugMon_Handler) for DebugMon_Handler
    startup_stm32h723xx.o(RESET) refers to cmsis_os2.o(i.SysTick_Handler) for SysTick_Handler
    startup_stm32h723xx.o(RESET) refers to stm32h7xx_it.o(i.DMA1_Stream2_IRQHandler) for DMA1_Stream2_IRQHandler
    startup_stm32h723xx.o(RESET) refers to stm32h7xx_it.o(i.DMA1_Stream3_IRQHandler) for DMA1_Stream3_IRQHandler
    startup_stm32h723xx.o(RESET) refers to stm32h7xx_it.o(i.FDCAN1_IT0_IRQHandler) for FDCAN1_IT0_IRQHandler
    startup_stm32h723xx.o(RESET) refers to stm32h7xx_it.o(i.FDCAN2_IT0_IRQHandler) for FDCAN2_IT0_IRQHandler
    startup_stm32h723xx.o(RESET) refers to stm32h7xx_it.o(i.TIM4_IRQHandler) for TIM4_IRQHandler
    startup_stm32h723xx.o(RESET) refers to stm32h7xx_it.o(i.TIM8_UP_TIM13_IRQHandler) for TIM8_UP_TIM13_IRQHandler
    startup_stm32h723xx.o(RESET) refers to stm32h7xx_it.o(i.TIM5_IRQHandler) for TIM5_IRQHandler
    startup_stm32h723xx.o(RESET) refers to stm32h7xx_it.o(i.UART5_IRQHandler) for UART5_IRQHandler
    startup_stm32h723xx.o(RESET) refers to stm32h7xx_it.o(i.UART7_IRQHandler) for UART7_IRQHandler
    startup_stm32h723xx.o(RESET) refers to stm32h7xx_it.o(i.UART8_IRQHandler) for UART8_IRQHandler
    startup_stm32h723xx.o(RESET) refers to stm32h7xx_it.o(i.FDCAN3_IT0_IRQHandler) for FDCAN3_IT0_IRQHandler
    startup_stm32h723xx.o(.text) refers to system_stm32h7xx.o(i.ExitRun0Mode) for ExitRun0Mode
    startup_stm32h723xx.o(.text) refers to system_stm32h7xx.o(i.SystemInit) for SystemInit
    startup_stm32h723xx.o(.text) refers to entry.o(.ARM.Collect$$$$00000000) for __main
    main.o(i.HAL_TIM_PeriodElapsedCallback) refers to stm32h7xx_hal.o(i.HAL_IncTick) for HAL_IncTick
    main.o(i.MPU_Config) refers to stm32h7xx_hal_cortex.o(i.HAL_MPU_Disable) for HAL_MPU_Disable
    main.o(i.MPU_Config) refers to stm32h7xx_hal_cortex.o(i.HAL_MPU_ConfigRegion) for HAL_MPU_ConfigRegion
    main.o(i.MPU_Config) refers to stm32h7xx_hal_cortex.o(i.HAL_MPU_Enable) for HAL_MPU_Enable
    main.o(i.SystemClock_Config) refers to memseta.o(.text) for __aeabi_memclr4
    main.o(i.SystemClock_Config) refers to stm32h7xx_hal_pwr_ex.o(i.HAL_PWREx_ConfigSupply) for HAL_PWREx_ConfigSupply
    main.o(i.SystemClock_Config) refers to stm32h7xx_hal_rcc.o(i.HAL_RCC_OscConfig) for HAL_RCC_OscConfig
    main.o(i.SystemClock_Config) refers to main.o(i.Error_Handler) for Error_Handler
    main.o(i.SystemClock_Config) refers to stm32h7xx_hal_rcc.o(i.HAL_RCC_ClockConfig) for HAL_RCC_ClockConfig
    main.o(i.main) refers to main.o(i.MPU_Config) for MPU_Config
    main.o(i.main) refers to stm32h7xx_hal.o(i.HAL_Init) for HAL_Init
    main.o(i.main) refers to main.o(i.SystemClock_Config) for SystemClock_Config
    main.o(i.main) refers to gpio.o(i.MX_GPIO_Init) for MX_GPIO_Init
    main.o(i.main) refers to dma.o(i.MX_DMA_Init) for MX_DMA_Init
    main.o(i.main) refers to tim.o(i.MX_TIM2_Init) for MX_TIM2_Init
    main.o(i.main) refers to tim.o(i.MX_TIM4_Init) for MX_TIM4_Init
    main.o(i.main) refers to usart.o(i.MX_UART5_Init) for MX_UART5_Init
    main.o(i.main) refers to usart.o(i.MX_UART7_Init) for MX_UART7_Init
    main.o(i.main) refers to fdcan.o(i.MX_FDCAN1_Init) for MX_FDCAN1_Init
    main.o(i.main) refers to fdcan.o(i.MX_FDCAN2_Init) for MX_FDCAN2_Init
    main.o(i.main) refers to fdcan.o(i.MX_FDCAN3_Init) for MX_FDCAN3_Init
    main.o(i.main) refers to tim.o(i.MX_TIM5_Init) for MX_TIM5_Init
    main.o(i.main) refers to usart.o(i.MX_UART8_Init) for MX_UART8_Init
    main.o(i.main) refers to bsp_can.o(i.BSP_CAN_Init) for BSP_CAN_Init
    main.o(i.main) refers to bsp_uart.o(i.BSP_USART_Init) for BSP_USART_Init
    main.o(i.main) refers to stm32h7xx_hal.o(i.HAL_Delay) for HAL_Delay
    main.o(i.main) refers to register.o(i.Structue_Init) for Structue_Init
    main.o(i.main) refers to stm32h7xx_hal_gpio.o(i.HAL_GPIO_WritePin) for HAL_GPIO_WritePin
    main.o(i.main) refers to stm32h7xx_hal_tim.o(i.HAL_TIM_Base_Start) for HAL_TIM_Base_Start
[...]
    SPDIF_RX_IRQHandler                      0x080003c3   Thumb Code     0  startup_stm32h723xx.o(.text)
    SPI1_IRQHandler                          0x080003c3   Thumb Code     0  startup_stm32h723xx.o(.text)
    SPI2_IRQHandler                          0x080003c3   Thumb Code     0  startup_stm32h723xx.o(.text)
    SPI3_IRQHandler                          0x080003c3   Thumb Code     0  startup_stm32h723xx.o(.text)
    SPI4_IRQHandler                          0x080003c3   Thumb Code     0  startup_stm32h723xx.o(.text)
    SPI5_IRQHandler                          0x080003c3   Thumb Code     0  startup_stm32h723xx.o(.text)
    SPI6_IRQHandler                          0x080003c3   Thumb Code     0  startup_stm32h723xx.o(.text)
    SWPMI1_IRQHandler                        0x080003c3   Thumb Code     0  startup_stm32h723xx.o(.text)
    TAMP_STAMP_IRQHandler                    0x080003c3   Thumb Code     0  startup_stm32h723xx.o(.text)
    TIM15_IRQHandler                         0x080003c3   Thumb Code     0  startup_stm32h723xx.o(.text)
    TIM16_IRQHandler                         0x080003c3   Thumb Code     0  startup_stm32h723xx.o(.text)
    TIM17_IRQHandler                         0x080003c3   Thumb Code     0  startup_stm32h723xx.o(.text)
    TIM1_BRK_IRQHandler                      0x080003c3   Thumb Code     0  startup_stm32h723xx.o(.text)
    TIM1_CC_IRQHandler                       0x080003c3   Thumb Code     0  startup_stm32h723xx.o(.text)
    TIM1_TRG_COM_IRQHandler                  0x080003c3   Thumb Code     0  startup_stm32h723xx.o(.text)
    TIM1_UP_IRQHandler                       0x080003c3   Thumb Code     0  startup_stm32h723xx.o(.text)
    TIM23_IRQHandler                         0x080003c3   Thumb Code     0  startup_stm32h723xx.o(.text)
    TIM24_IRQHandler                         0x080003c3   Thumb Code     0  startup_stm32h723xx.o(.text)
    TIM2_IRQHandler                          0x080003c3   Thumb Code     0  startup_stm32h723xx.o(.text)
    TIM3_IRQHandler                          0x080003c3   Thumb Code     0  startup_stm32h723xx.o(.text)
    TIM6_DAC_IRQHandler                      0x080003c3   Thumb Code     0  startup_stm32h723xx.o(.text)
    TIM7_IRQHandler                          0x080003c3   Thumb Code     0  startup_stm32h723xx.o(.text)
    TIM8_BRK_TIM12_IRQHandler                0x080003c3   Thumb Code     0  startup_stm32h723xx.o(.text)
    TIM8_CC_IRQHandler                       0x080003c3   Thumb Code     0  startup_stm32h723xx.o(.text)
    TIM8_TRG_COM_TIM14_IRQHandler            0x080003c3   Thumb Code     0  startup_stm32h723xx.o(.text)
    UART4_IRQHandler                         0x080003c3   Thumb Code     0  startup_stm32h723xx.o(.text)
    UART9_IRQHandler                         0x080003c3   Thumb Code     0  startup_stm32h723xx.o(.text)
    USART10_IRQHandler                       0x080003c3   Thumb Code     0  startup_stm32h723xx.o(.text)
    USART1_IRQHandler                        0x080003c3   Thumb Code     0  startup_stm32h723xx.o(.text)
    USART2_IRQHandler                        0x080003c3   Thumb Code     0  startup_stm32h723xx.o(.text)
    USART3_IRQHandler                        0x080003c3   Thumb Code     0  startup_stm32h723xx.o(.text)
    USART6_IRQHandler                        0x080003c3   Thumb Code     0  startup_stm32h723xx.o(.text)
    WAKEUP_PIN_IRQHandler                    0x080003c3   Thumb Code     0  startup_stm32h723xx.o(.text)
    WWDG_IRQHandler                          0x080003c3   Thumb Code     0  startup_stm32h723xx.o(.text)
    __aeabi_uldivmod                         0x080003d1   Thumb Code    98  uldiv.o(.text)
    __aeabi_memcpy                           0x08000433   Thumb Code    36  memcpya.o(.text)
    __aeabi_memcpy4                          0x08000433   Thumb Code     0  memcpya.o(.text)
    __aeabi_memcpy8                          0x08000433   Thumb Code     0  memcpya.o(.text)
    __aeabi_memset                           0x08000457   Thumb Code    14  memseta.o(.text)
    __aeabi_memset4                          0x08000457   Thumb Code     0  memseta.o(.text)
    __aeabi_memset8                          0x08000457   Thumb Code     0  memseta.o(.text)
    __aeabi_memclr                           0x08000465   Thumb Code     4  memseta.o(.text)
    __aeabi_memclr4                          0x08000465   Thumb Code     0  memseta.o(.text)
    __aeabi_memclr8                          0x08000465   Thumb Code     0  memseta.o(.text)
    memset                                   0x08000469   Thumb Code    18  memseta.o(.text)
    __aeabi_llsl                             0x0800047b   Thumb Code    30  llshl.o(.text)
    _ll_shift_l                              0x0800047b   Thumb Code     0  llshl.o(.text)
    __aeabi_llsr                             0x08000499   Thumb Code    32  llushr.o(.text)
    _ll_ushift_r                             0x08000499   Thumb Code     0  llushr.o(.text)
    __I$use$fp                               0x080004b9   Thumb Code     0  iusefp.o(.text)
    _drem                                    0x080004b9   Thumb Code   134  drem.o(.text)
    __scatterload                            0x08000541   Thumb Code    28  init.o(.text)
    __scatterload_rt2                        0x08000541   Thumb Code     0  init.o(.text)
    _double_round                            0x08000565   Thumb Code    30  depilogue.o(.text)
    _double_epilogue                         0x08000583   Thumb Code   156  depilogue.o(.text)
    __decompress                             0x0800061f   Thumb Code     0  __dczerorl2.o(.text)
    __decompress1                            0x0800061f   Thumb Code    86  __dczerorl2.o(.text)
    BSP_CAN_Init                             0x08000675   Thumb Code   260  bsp_can.o(i.BSP_CAN_Init)
    BSP_USART_Init                           0x08000785   Thumb Code    44  bsp_uart.o(i.BSP_USART_Init)
    BaseModule_ClearError                    0x080007b9   Thumb Code    10  global.o(i.BaseModule_ClearError)
    BaseModule_GetState                      0x080007c3   Thumb Code     6  global.o(i.BaseModule_GetState)
    BaseModule_Init                          0x080007c9   Thumb Code    10  global.o(i.BaseModule_Init)
    BaseModule_Run                           0x080007d3   Thumb Code     6  global.o(i.BaseModule_Run)
    BaseModule_Stop                          0x080007d9   Thumb Code     6  global.o(i.BaseModule_Stop)
    BusFault_Handler                         0x080007df   Thumb Code     4  stm32h7xx_it.o(i.BusFault_Handler)
    Chassis_Calc                             0x080007e5   Thumb Code  1570  chassis.o(i.Chassis_Calc)
    Chassis_Init                             0x08000e35   Thumb Code   340  register.o(i.Chassis_Init)
    Check_Cells_Status                       0x08000fcd   Thumb Code    98  remote_control.o(i.Check_Cells_Status)
    DJIget_moto_offset                       0x0800102f   Thumb Code    22  dji_motor.o(i.DJIget_moto_offset)
    DJIget_motor_measure                     0x08001045   Thumb Code   164  dji_motor.o(i.DJIget_motor_measure)
    DJImotor_Create                          0x080010e9   Thumb Code   152  dji_motor.o(i.DJImotor_Create)
    DJIset_motor_data                        0x0800118d   Thumb Code   110  dji_motor.o(i.DJIset_motor_data)
    DMA1_Stream2_IRQHandler                  0x080011fd   Thumb Code    10  stm32h7xx_it.o(i.DMA1_Stream2_IRQHandler)
    DMA1_Stream3_IRQHandler                  0x0800120d   Thumb Code    10  stm32h7xx_it.o(i.DMA1_Stream3_IRQHandler)
    DM_Motor_CMD                             0x08001789   Thumb Code   144  dm_motor.o(i.DM_Motor_CMD)
    DMget_motor_measure                      0x08001819   Thumb Code   556  dm_motor.o(i.DMget_motor_measure)
    DMmotor_Create                           0x08001a69   Thumb Code    98  dm_motor.o(i.DMmotor_Create)
    DMset_mit_data                           0x08001ae1   Thumb Code   726  dm_motor.o(i.DMset_mit_data)
    DMset_posvel_data                        0x08001dd9   Thumb Code   104  dm_motor.o(i.DMset_posvel_data)
    DebugMon_Handler                         0x08001e41   Thumb Code     2  stm32h7xx_it.o(i.DebugMon_Handler)
    Error_Handler                            0x08001e43   Thumb Code     6  main.o(i.Error_Handler)
    ExitRun0Mode                             0x08001e49   Thumb Code    30  system_stm32h7xx.o(i.ExitRun0Mode)
    FDCAN1_IT0_IRQHandler                    0x08001e6d   Thumb Code    10  stm32h7xx_it.o(i.FDCAN1_IT0_IRQHandler)
    FDCAN2_IT0_IRQHandler                    0x08001e7d   Thumb Code    10  stm32h7xx_it.o(i.FDCAN2_IT0_IRQHandler)
    FDCAN3_IT0_IRQHandler                    0x08001e8d   Thumb Code    10  stm32h7xx_it.o(i.FDCAN3_IT0_IRQHandler)
    Free_Task                                0x0800218d   Thumb Code   398  can_task.o(i.Free_Task)
    HAL_DMA_Abort                            0x08002341   Thumb Code  1236  stm32h7xx_hal_dma.o(i.HAL_DMA_Abort)
    HAL_DMA_Abort_IT                         0x0800281d   Thumb Code   906  stm32h7xx_hal_dma.o(i.HAL_DMA_Abort_IT)
    HAL_DMA_IRQHandler                       0x08002bb5   Thumb Code  2798  stm32h7xx_hal_dma.o(i.HAL_DMA_IRQHandler)
    HAL_DMA_Init                             0x080036ad   Thumb Code  1292  stm32h7xx_hal_dma.o(i.HAL_DMA_Init)
    HAL_DMA_Start_IT                         0x08003bc1   Thumb Code   980  stm32h7xx_hal_dma.o(i.HAL_DMA_Start_IT)
    HAL_Delay                                0x08003fa1   Thumb Code    36  stm32h7xx_hal.o(i.HAL_Delay)
    HAL_FDCAN_ActivateNotification           0x08003fc9   Thumb Code   158  stm32h7xx_hal_fdcan.o(i.HAL_FDCAN_ActivateNotification)
    HAL_FDCAN_AddMessageToTxFifoQ            0x08004071   Thumb Code   144  stm32h7xx_hal_fdcan.o(i.HAL_FDCAN_AddMessageToTxFifoQ)
    HAL_FDCAN_ClockCalibrationCallback       0x08004101   Thumb Code     2  stm32h7xx_hal_fdcan.o(i.HAL_FDCAN_ClockCalibrationCallback)
    HAL_FDCAN_ConfigFilter                   0x08004103   Thumb Code   168  stm32h7xx_hal_fdcan.o(i.HAL_FDCAN_ConfigFilter)
    HAL_FDCAN_ConfigGlobalFilter             0x080041ab   Thumb Code    52  stm32h7xx_hal_fdcan.o(i.HAL_FDCAN_ConfigGlobalFilter)
    HAL_FDCAN_ErrorCallback                  0x080041df   Thumb Code     2  stm32h7xx_hal_fdcan.o(i.HAL_FDCAN_ErrorCallback)
    HAL_FDCAN_ErrorStatusCallback            0x080041e1   Thumb Code     2  stm32h7xx_hal_fdcan.o(i.HAL_FDCAN_ErrorStatusCallback)
    HAL_FDCAN_GetRxMessage                   0x080041e5   Thumb Code   494  stm32h7xx_hal_fdcan.o(i.HAL_FDCAN_GetRxMessage)
    HAL_FDCAN_HighPriorityMessageCallback    0x080043d9   Thumb Code     2  stm32h7xx_hal_fdcan.o(i.HAL_FDCAN_HighPriorityMessageCallback)
    HAL_FDCAN_IRQHandler                     0x080043dd   Thumb Code   966  stm32h7xx_hal_fdcan.o(i.HAL_FDCAN_IRQHandler)
    HAL_FDCAN_Init                           0x080047b1   Thumb Code   726  stm32h7xx_hal_fdcan.o(i.HAL_FDCAN_Init)
    HAL_FDCAN_MspInit                        0x08004a91   Thumb Code   494  fdcan.o(i.HAL_FDCAN_MspInit)
    HAL_FDCAN_RxBufferNewMessageCallback     0x08004c9d   Thumb Code     2  stm32h7xx_hal_fdcan.o(i.HAL_FDCAN_RxBufferNewMessageCallback)
    HAL_FDCAN_RxFifo0Callback                0x08004ca1   Thumb Code   306  bsp_can.o(i.HAL_FDCAN_RxFifo0Callback)
    HAL_FDCAN_RxFifo1Callback                0x08004e21   Thumb Code     2  stm32h7xx_hal_fdcan.o(i.HAL_FDCAN_RxFifo1Callback)
    HAL_FDCAN_Start                          0x08004e23   Thumb Code    52  stm32h7xx_hal_fdcan.o(i.HAL_FDCAN_Start)
    HAL_FDCAN_TT_GlobalTimeCallback          0x08004e57   Thumb Code     2  stm32h7xx_hal_fdcan.o(i.HAL_FDCAN_TT_GlobalTimeCallback)
    HAL_FDCAN_TT_ScheduleSyncCallback        0x08004e59   Thumb Code     2  stm32h7xx_hal_fdcan.o(i.HAL_FDCAN_TT_ScheduleSyncCallback)
    HAL_FDCAN_TT_StopWatchCallback           0x08004e5b   Thumb Code     2  stm32h7xx_hal_fdcan.o(i.HAL_FDCAN_TT_StopWatchCallback)
    HAL_FDCAN_TT_TimeMarkCallback            0x08004e5d   Thumb Code     2  stm32h7xx_hal_fdcan.o(i.HAL_FDCAN_TT_TimeMarkCallback)
    HAL_FDCAN_TimeoutOccurredCallback        0x08004e5f   Thumb Code     2  stm32h7xx_hal_fdcan.o(i.HAL_FDCAN_TimeoutOccurredCallback)
    HAL_FDCAN_TimestampWraparoundCallback    0x08004e61   Thumb Code     2  stm32h7xx_hal_fdcan.o(i.HAL_FDCAN_TimestampWraparoundCallback)
    HAL_FDCAN_TxBufferAbortCallback          0x08004e63   Thumb Code     2  stm32h7xx_hal_fdcan.o(i.HAL_FDCAN_TxBufferAbortCallback)
    HAL_FDCAN_TxBufferCompleteCallback       0x08004e65   Thumb Code     2  stm32h7xx_hal_fdcan.o(i.HAL_FDCAN_TxBufferCompleteCallback)
    HAL_FDCAN_TxEventFifoCallback            0x08004e67   Thumb Code     2  stm32h7xx_hal_fdcan.o(i.HAL_FDCAN_TxEventFifoCallback)
    HAL_FDCAN_TxFifoEmptyCallback            0x08004e69   Thumb Code     2  stm32h7xx_hal_fdcan.o(i.HAL_FDCAN_TxFifoEmptyCallback)
    HAL_GPIO_Init                            0x08004e6d   Thumb Code   446  stm32h7xx_hal_gpio.o(i.HAL_GPIO_Init)
    HAL_GPIO_WritePin                        0x0800505d   Thumb Code    12  stm32h7xx_hal_gpio.o(i.HAL_GPIO_WritePin)
    HAL_GetTick                              0x08005069   Thumb Code     6  stm32h7xx_hal.o(i.HAL_GetTick)
    HAL_IncTick                              0x08005075   Thumb Code    16  stm32h7xx_hal.o(i.HAL_IncTick)
    HAL_Init                                 0x0800508d   Thumb Code    80  stm32h7xx_hal.o(i.HAL_Init)
    HAL_InitTick                             0x080050ed   Thumb Code   128  stm32h7xx_hal_timebase_tim.o(i.HAL_InitTick)
    HAL_MPU_ConfigRegion                     0x08005181   Thumb Code    86  stm32h7xx_hal_cortex.o(i.HAL_MPU_ConfigRegion)
    HAL_MPU_Disable                          0x080051dd   Thumb Code    38  stm32h7xx_hal_cortex.o(i.HAL_MPU_Disable)
    HAL_MPU_Enable                           0x08005209   Thumb Code    58  stm32h7xx_hal_cortex.o(i.HAL_MPU_Enable)
    HAL_MspInit                              0x08005249   Thumb Code    42  stm32h7xx_hal_msp.o(i.HAL_MspInit)
    HAL_NVIC_EnableIRQ                       0x08005279   Thumb Code    40  stm32h7xx_hal_cortex.o(i.HAL_NVIC_EnableIRQ)
    HAL_NVIC_SetPriority                     0x080052a1   Thumb Code   122  stm32h7xx_hal_cortex.o(i.HAL_NVIC_SetPriority)
    HAL_NVIC_SetPriorityGrouping             0x0800531d   Thumb Code    32  stm32h7xx_hal_cortex.o(i.HAL_NVIC_SetPriorityGrouping)
    HAL_PWREx_ConfigSupply                   0x08005345   Thumb Code    90  stm32h7xx_hal_pwr_ex.o(i.HAL_PWREx_ConfigSupply)
    HAL_RCCEx_GetD3PCLK1Freq                 0x080053a5   Thumb Code    26  stm32h7xx_hal_rcc_ex.o(i.HAL_RCCEx_GetD3PCLK1Freq)
    HAL_RCCEx_GetPLL2ClockFreq               0x080053c9   Thumb Code   536  stm32h7xx_hal_rcc_ex.o(i.HAL_RCCEx_GetPLL2ClockFreq)
    HAL_RCCEx_GetPLL3ClockFreq               0x080055f9   Thumb Code   536  stm32h7xx_hal_rcc_ex.o(i.HAL_RCCEx_GetPLL3ClockFreq)
    HAL_RCCEx_PeriphCLKConfig                0x08005829   Thumb Code  3272  stm32h7xx_hal_rcc_ex.o(i.HAL_RCCEx_PeriphCLKConfig)
    HAL_RCC_ClockConfig                      0x080064f1   Thumb Code   774  stm32h7xx_hal_rcc.o(i.HAL_RCC_ClockConfig)
    HAL_RCC_GetClockConfig                   0x08006811   Thumb Code    98  stm32h7xx_hal_rcc.o(i.HAL_RCC_GetClockConfig)
    HAL_RCC_GetHCLKFreq                      0x0800687d   Thumb Code    60  stm32h7xx_hal_rcc.o(i.HAL_RCC_GetHCLKFreq)
    HAL_RCC_GetPCLK1Freq                     0x080068c9   Thumb Code    26  stm32h7xx_hal_rcc.o(i.HAL_RCC_GetPCLK1Freq)
    HAL_RCC_GetPCLK2Freq                     0x080068ed   Thumb Code    26  stm32h7xx_hal_rcc.o(i.HAL_RCC_GetPCLK2Freq)
    HAL_RCC_GetSysClockFreq                  0x08006911   Thumb Code   524  stm32h7xx_hal_rcc.o(i.HAL_RCC_GetSysClockFreq)
    HAL_RCC_OscConfig                        0x08006b3d   Thumb Code  1874  stm32h7xx_hal_rcc.o(i.HAL_RCC_OscConfig)
    HAL_TIMEx_Break2Callback                 0x08007299   Thumb Code     2  stm32h7xx_hal_tim_ex.o(i.HAL_TIMEx_Break2Callback)
    HAL_TIMEx_BreakCallback                  0x0800729b   Thumb Code     2  stm32h7xx_hal_tim_ex.o(i.HAL_TIMEx_BreakCallback)
    HAL_TIMEx_CommutCallback                 0x0800729d   Thumb Code     2  stm32h7xx_hal_tim_ex.o(i.HAL_TIMEx_CommutCallback)
    HAL_TIMEx_MasterConfigSynchronization    0x080072a1   Thumb Code   190  stm32h7xx_hal_tim_ex.o(i.HAL_TIMEx_MasterConfigSynchronization)
    HAL_TIM_Base_Init                        0x08007385   Thumb Code   110  stm32h7xx_hal_tim.o(i.HAL_TIM_Base_Init)
    HAL_TIM_Base_MspInit                     0x080073f5   Thumb Code   148  tim.o(i.HAL_TIM_Base_MspInit)
    HAL_TIM_Base_Start                       0x08007495   Thumb Code   150  stm32h7xx_hal_tim.o(i.HAL_TIM_Base_Start)
    HAL_TIM_Base_Start_IT                    0x08007555   Thumb Code   162  stm32h7xx_hal_tim.o(i.HAL_TIM_Base_Start_IT)
    HAL_TIM_ConfigClockSource                0x08007621   Thumb Code   304  stm32h7xx_hal_tim.o(i.HAL_TIM_ConfigClockSource)
    HAL_TIM_IC_CaptureCallback               0x08007755   Thumb Code     2  stm32h7xx_hal_tim.o(i.HAL_TIM_IC_CaptureCallback)
    HAL_TIM_IRQHandler                       0x08007757   Thumb Code   408  stm32h7xx_hal_tim.o(i.HAL_TIM_IRQHandler)
    HAL_TIM_MspPostInit                      0x080078f1   Thumb Code    80  tim.o(i.HAL_TIM_MspPostInit)
    HAL_TIM_OC_DelayElapsedCallback          0x08007949   Thumb Code     2  stm32h7xx_hal_tim.o(i.HAL_TIM_OC_DelayElapsedCallback)
    HAL_TIM_PWM_ConfigChannel                0x0800794b   Thumb Code   368  stm32h7xx_hal_tim.o(i.HAL_TIM_PWM_ConfigChannel)
    HAL_TIM_PWM_Init                         0x08007abb   Thumb Code   110  stm32h7xx_hal_tim.o(i.HAL_TIM_PWM_Init)
    HAL_TIM_PWM_MspInit                      0x08007b29   Thumb Code     2  stm32h7xx_hal_tim.o(i.HAL_TIM_PWM_MspInit)
    HAL_TIM_PWM_PulseFinishedCallback        0x08007b2b   Thumb Code     2  stm32h7xx_hal_tim.o(i.HAL_TIM_PWM_PulseFinishedCallback)
    HAL_TIM_PWM_Start                        0x08007b2d   Thumb Code   330  stm32h7xx_hal_tim.o(i.HAL_TIM_PWM_Start)
    HAL_TIM_PeriodElapsedCallback            0x08007ca9   Thumb Code    18  main.o(i.HAL_TIM_PeriodElapsedCallback)
    HAL_TIM_TriggerCallback                  0x08007cc1   Thumb Code     2  stm32h7xx_hal_tim.o(i.HAL_TIM_TriggerCallback)
    HAL_UARTEx_DisableFifoMode               0x08007cc3   Thumb Code    78  stm32h7xx_hal_uart_ex.o(i.HAL_UARTEx_DisableFifoMode)
    HAL_UARTEx_RxEventCallback               0x08007d11   Thumb Code     2  stm32h7xx_hal_uart.o(i.HAL_UARTEx_RxEventCallback)
    HAL_UARTEx_RxFifoFullCallback            0x08007d13   Thumb Code     2  stm32h7xx_hal_uart_ex.o(i.HAL_UARTEx_RxFifoFullCallback)
    HAL_UARTEx_SetRxFifoThreshold            0x08007d15   Thumb Code    94  stm32h7xx_hal_uart_ex.o(i.HAL_UARTEx_SetRxFifoThreshold)
    HAL_UARTEx_SetTxFifoThreshold            0x08007d73   Thumb Code    94  stm32h7xx_hal_uart_ex.o(i.HAL_UARTEx_SetTxFifoThreshold)
    HAL_UARTEx_TxFifoEmptyCallback           0x08007dd1   Thumb Code     2  stm32h7xx_hal_uart_ex.o(i.HAL_UARTEx_TxFifoEmptyCallback)
    HAL_UARTEx_WakeupCallback                0x08007dd3   Thumb Code     2  stm32h7xx_hal_uart_ex.o(i.HAL_UARTEx_WakeupCallback)
    HAL_UART_ErrorCallback                   0x08007dd5   Thumb Code     2  stm32h7xx_hal_uart.o(i.HAL_UART_ErrorCallback)
    HAL_UART_IRQHandler                      0x08007dd9   Thumb Code  1206  stm32h7xx_hal_uart.o(i.HAL_UART_IRQHandler)
    HAL_UART_Init                            0x0800828f   Thumb Code   120  stm32h7xx_hal_uart.o(i.HAL_UART_Init)
    HAL_UART_MspInit                         0x08008309   Thumb Code   616  usart.o(i.HAL_UART_MspInit)
    HAL_UART_Receive_DMA                     0x08008599   Thumb Code    88  stm32h7xx_hal_uart.o(i.HAL_UART_Receive_DMA)
    HAL_UART_RxCpltCallback                  0x080085f5   Thumb Code     2  stm32h7xx_hal_uart.o(i.HAL_UART_RxCpltCallback)
    HAL_UART_RxHalfCpltCallback              0x080085f7   Thumb Code     2  stm32h7xx_hal_uart.o(i.HAL_UART_RxHalfCpltCallback)
    HAL_UART_Transmit                        0x080085f9   Thumb Code   194  stm32h7xx_hal_uart.o(i.HAL_UART_Transmit)
    HAL_UART_TxCpltCallback                  0x080086bb   Thumb Code     2  stm32h7xx_hal_uart.o(i.HAL_UART_TxCpltCallback)
    HF_Task                                  0x080086bd   Thumb Code   408  can_task.o(i.HF_Task)
    HardFault_Handler                        0x08008891   Thumb Code     4  stm32h7xx_it.o(i.HardFault_Handler)
    Kfs_Init                                 0x08008895   Thumb Code   282  register.o(i.Kfs_Init)
    LF_Task                                  0x080089cd   Thumb Code    86  can_task.o(i.LF_Task)
    Lift_Init                                0x08008a2d   Thumb Code   174  register.o(i.Lift_Init)
    MX_DMA_Init                              0x08008b55   Thumb Code    64  dma.o(i.MX_DMA_Init)
    MX_FDCAN1_Init                           0x08008b99   Thumb Code   122  fdcan.o(i.MX_FDCAN1_Init)
    MX_FDCAN2_Init                           0x08008c1d   Thumb Code   124  fdcan.o(i.MX_FDCAN2_Init)
    MX_FDCAN3_Init                           0x08008ca1   Thumb Code   124  fdcan.o(i.MX_FDCAN3_Init)
    MX_FREERTOS_Init                         0x08008d25   Thumb Code    46  freertos.o(i.MX_FREERTOS_Init)
    MX_GPIO_Init                             0x08008d79   Thumb Code   312  gpio.o(i.MX_GPIO_Init)
    MX_TIM2_Init                             0x08008ec1   Thumb Code   176  tim.o(i.MX_TIM2_Init)
    MX_TIM4_Init                             0x08008f75   Thumb Code   118  tim.o(i.MX_TIM4_Init)
    MX_TIM5_Init                             0x08008ff5   Thumb Code   118  tim.o(i.MX_TIM5_Init)
    MX_UART5_Init                            0x08009075   Thumb Code   102  usart.o(i.MX_UART5_Init)
    MX_UART7_Init                            0x080090e5   Thumb Code    98  usart.o(i.MX_UART7_Init)
    MX_UART8_Init                            0x08009151   Thumb Code    98  usart.o(i.MX_UART8_Init)
    MemManage_Handler                        0x080091bd   Thumb Code     4  stm32h7xx_it.o(i.MemManage_Handler)
    MotorModule_Create                       0x080091c1   Thumb Code    92  motor.o(i.MotorModule_Create)
    MotorModule_Run                          0x08009243   Thumb Code     4  motor.o(i.MotorModule_Run)
    Motor_PID_Calculate                      0x08009249   Thumb Code   142  dji_motor.o(i.Motor_PID_Calculate)
    NMI_Handler                              0x080092dd   Thumb Code     4  stm32h7xx_it.o(i.NMI_Handler)
    PID_Init                                 0x08009345   Thumb Code    38  pid.o(i.PID_Init)
    REMOTE_IdleHandler                       0x08009775   Thumb Code   310  bsp_uart.o(i.REMOTE_IdleHandler)
    REMOTE_ParseData                         0x080098c1   Thumb Code   280  remote_control.o(i.REMOTE_ParseData)
    Sent_Task                                0x080099dd   Thumb Code   166  can_task.o(i.Sent_Task)
    StartDefaultTask                         0x08009abd   Thumb Code    10  freertos.o(i.StartDefaultTask)
    Structue_Init                            0x08009ac7   Thumb Code    44  register.o(i.Structue_Init)
    StructureModule_Create                   0x08009b61   Thumb Code    62  structure.o(i.StructureModule_Create)
    StructureModule_Run                      0x08009bcb   Thumb Code    14  structure.o(i.StructureModule_Run)
    SwapNumArray                             0x08009bd9   Thumb Code   114  cowork.o(i.SwapNumArray)
    SysTick_Handler                          0x08009c4b   Thumb Code    22  cmsis_os2.o(i.SysTick_Handler)
    SystemClock_Config                       0x08009c61   Thumb Code   178  main.o(i.SystemClock_Config)
    SystemInit                               0x08009d19   Thumb Code   236  system_stm32h7xx.o(i.SystemInit)
    TIM4_IRQHandler                          0x08009e25   Thumb Code    36  stm32h7xx_it.o(i.TIM4_IRQHandler)
    TIM5_IRQHandler                          0x08009e4d   Thumb Code    36  stm32h7xx_it.o(i.TIM5_IRQHandler)
    TIM8_UP_TIM13_IRQHandler                 0x08009e75   Thumb Code    10  stm32h7xx_it.o(i.TIM8_UP_TIM13_IRQHandler)
    TIM_Base_SetConfig                       0x08009e85   Thumb Code   190  stm32h7xx_hal_tim.o(i.TIM_Base_SetConfig)
    TIM_CCxChannelCmd                        0x08009f6d   Thumb Code    34  stm32h7xx_hal_tim.o(i.TIM_CCxChannelCmd)
    TIM_ETR_SetConfig                        0x08009f8f   Thumb Code    22  stm32h7xx_hal_tim.o(i.TIM_ETR_SetConfig)
    TIM_OC2_SetConfig                        0x0800a069   Thumb Code   156  stm32h7xx_hal_tim.o(i.TIM_OC2_SetConfig)
    UART5_IRQHandler                         0x0800a375   Thumb Code    48  stm32h7xx_it.o(i.UART5_IRQHandler)
    UART7_IRQHandler                         0x0800a3a9   Thumb Code    10  stm32h7xx_it.o(i.UART7_IRQHandler)
    UART8_IRQHandler                         0x0800a3b9   Thumb Code    10  stm32h7xx_it.o(i.UART8_IRQHandler)
    UART_AdvFeatureConfig                    0x0800a421   Thumb Code   248  stm32h7xx_hal_uart.o(i.UART_AdvFeatureConfig)
    UART_CheckIdleState                      0x0800a519   Thumb Code   234  stm32h7xx_hal_uart.o(i.UART_CheckIdleState)
    UART_SetConfig                           0x0800a825   Thumb Code  1558  stm32h7xx_hal_uart.o(i.UART_SetConfig)
    UART_Start_Receive_DMA                   0x0800ae4d   Thumb Code   186  stm32h7xx_hal_uart.o(i.UART_Start_Receive_DMA)
    UART_WaitOnFlagUntilTimeout              0x0800af15   Thumb Code   172  stm32h7xx_hal_uart.o(i.UART_WaitOnFlagUntilTimeout)
    UsageFault_Handler                       0x0800afc1   Thumb Code     4  stm32h7xx_it.o(i.UsageFault_Handler)
    Weapon_Init                              0x0800afc5   Thumb Code    92  register.o(i.Weapon_Init)
    __ARM_fpclassifyf                        0x0800b035   Thumb Code    38  fpclassifyf.o(i.__ARM_fpclassifyf)
    __ARM_pop                                0x0800b05b   Thumb Code    48  policy.o(i.__ARM_pop)
    __hardfp_atan2f                          0x0800b0cd   Thumb Code   594  atan2f.o(i.__hardfp_atan2f)
    __hardfp_fmod                            0x0800b381   Thumb Code   246  fmod.o(i.__hardfp_fmod)
    __hardfp_sqrtf                           0x0800b47d   Thumb Code    58  sqrtf.o(i.__hardfp_sqrtf)
    __mathlib_dbl_invalid                    0x0800b4b9   Thumb Code    10  dunder.o(i.__mathlib_dbl_invalid)
    __mathlib_flt_infnan2                    0x0800b4d1   Thumb Code     6  funder.o(i.__mathlib_flt_infnan2)
    __mathlib_flt_underflow                  0x0800b4d9   Thumb Code    10  funder.o(i.__mathlib_flt_underflow)
    __scatterload_copy                       0x0800b4e9   Thumb Code    14  handlers.o(i.__scatterload_copy)
    __scatterload_null                       0x0800b4f7   Thumb Code     2  handlers.o(i.__scatterload_null)
    __scatterload_zeroinit                   0x0800b4f9   Thumb Code    14  handlers.o(i.__scatterload_zeroinit)
    __set_errno                              0x0800b509   Thumb Code     6  errno.o(i.__set_errno)
    auto_mission                             0x0800b515   Thumb Code     2  auto_mode.o(i.auto_mission)
    chassis_mission                          0x0800ba5d   Thumb Code   488  chassis.o(i.chassis_mission)
    f_PID_Calculate                          0x0800bce9   Thumb Code   552  pid.o(i.f_PID_Calculate)
    main                                     0x0800bf49   Thumb Code   174  main.o(i.main)
    osDelay                                  0x0800c009   Thumb Code    30  cmsis_os2.o(i.osDelay)
    osKernelInitialize                       0x0800c029   Thumb Code    38  cmsis_os2.o(i.osKernelInitialize)
    osKernelStart                            0x0800c055   Thumb Code    82  cmsis_os2.o(i.osKernelStart)
    osThreadNew                              0x0800c0b5   Thumb Code   184  cmsis_os2.o(i.osThreadNew)
    parse_config                             0x0800c16d   Thumb Code    80  remote_control.o(i.parse_config)
    policy_init                              0x0800c1cd   Thumb Code    24  policy.o(i.policy_init)
    policy_solve                             0x0800c1f1   Thumb Code   144  policy.o(i.policy_solve)
    policy_solve_best                        0x0800c295   Thumb Code   122  policy.o(i.policy_solve_best)
    pvPortMalloc                             0x0800cd41   Thumb Code   306  heap_4.o(i.pvPortMalloc)
    pxPortInitialiseStack                    0x0800ce8d   Thumb Code    38  port.o(i.pxPortInitialiseStack)
    remote_control_read                      0x0800ceb9   Thumb Code   306  remote_control.o(i.remote_control_read)
    remote_control_readaccel                 0x0800cff1   Thumb Code   168  remote_control.o(i.remote_control_readaccel)
    uart8_tx_init                            0x0800d09d   Thumb Code   170  cowork.o(i.uart8_tx_init)
    uxListRemove                             0x0800d191   Thumb Code    40  list.o(i.uxListRemove)
    vApplicationGetIdleTaskMemory            0x0800d1b9   Thumb Code    14  cmsis_os2.o(i.vApplicationGetIdleTaskMemory)
    vApplicationGetTimerTaskMemory           0x0800d1d1   Thumb Code    16  cmsis_os2.o(i.vApplicationGetTimerTaskMemory)
    vListInitialise                          0x0800d1e9   Thumb Code    26  list.o(i.vListInitialise)
    vListInitialiseItem                      0x0800d203   Thumb Code     6  list.o(i.vListInitialiseItem)
    vListInsert                              0x0800d209   Thumb Code    52  list.o(i.vListInsert)
    vListInsertEnd                           0x0800d23d   Thumb Code    24  list.o(i.vListInsertEnd)
    vPortEnterCritical                       0x0800d255   Thumb Code    76  port.o(i.vPortEnterCritical)
    vPortExitCritical                        0x0800d2a9   Thumb Code    56  port.o(i.vPortExitCritical)
    vPortFree                                0x0800d2e5   Thumb Code   150  heap_4.o(i.vPortFree)
    vPortSetupTimerInterrupt                 0x0800d389   Thumb Code    36  port.o(i.vPortSetupTimerInterrupt)
    vPortValidateInterruptPriority           0x0800d3b1   Thumb Code   106  port.o(i.vPortValidateInterruptPriority)
    vQueueAddToRegistry                      0x0800d429   Thumb Code    38  queue.o(i.vQueueAddToRegistry)
    vQueueWaitForMessageRestricted           0x0800d455   Thumb Code    74  queue.o(i.vQueueWaitForMessageRestricted)
    vTaskDelay                               0x0800d4a1   Thumb Code    82  tasks.o(i.vTaskDelay)
    vTaskInternalSetTimeOutState             0x0800d4fd   Thumb Code    14  tasks.o(i.vTaskInternalSetTimeOutState)
    vTaskMissedYield                         0x0800d515   Thumb Code     8  tasks.o(i.vTaskMissedYield)
    vTaskPlaceOnEventList                    0x0800d521   Thumb Code    52  tasks.o(i.vTaskPlaceOnEventList)
    vTaskPlaceOnEventListRestricted          0x0800d559   Thumb Code    60  tasks.o(i.vTaskPlaceOnEventListRestricted)
    vTaskStartScheduler                      0x0800d599   Thumb Code   156  tasks.o(i.vTaskStartScheduler)
    vTaskSuspendAll                          0x0800d651   Thumb Code    12  tasks.o(i.vTaskSuspendAll)
    vTaskSwitchContext                       0x0800d661   Thumb Code   122  tasks.o(i.vTaskSwitchContext)
    xPortStartScheduler                      0x0800d6f1   Thumb Code   330  port.o(i.xPortStartScheduler)
    xPortSysTickHandler                      0x0800d859   Thumb Code    46  port.o(i.xPortSysTickHandler)
    xQueueGenericCreateStatic                0x0800d88d   Thumb Code   224  queue.o(i.xQueueGenericCreateStatic)
    xQueueGenericReset                       0x0800d96d   Thumb Code   146  queue.o(i.xQueueGenericReset)
    xQueueGenericSend                        0x0800da05   Thumb Code   420  queue.o(i.xQueueGenericSend)
    xQueueGenericSendFromISR                 0x0800dbad   Thumb Code   252  queue.o(i.xQueueGenericSendFromISR)
    xQueueReceive                            0x0800dca9   Thumb Code   356  queue.o(i.xQueueReceive)
    xTaskCheckForTimeOut                     0x0800de11   Thumb Code   132  tasks.o(i.xTaskCheckForTimeOut)
    xTaskCreate                              0x0800de9d   Thumb Code   100  tasks.o(i.xTaskCreate)
    xTaskCreateStatic                        0x0800df01   Thumb Code   186  tasks.o(i.xTaskCreateStatic)
    xTaskGetSchedulerState                   0x0800dfbd   Thumb Code    24  tasks.o(i.xTaskGetSchedulerState)
    xTaskGetTickCount                        0x0800dfdd   Thumb Code     6  tasks.o(i.xTaskGetTickCount)
    xTaskIncrementTick                       0x0800dfe9   Thumb Code   280  tasks.o(i.xTaskIncrementTick)
    xTaskPriorityDisinherit                  0x0800e12d   Thumb Code   152  tasks.o(i.xTaskPriorityDisinherit)
    xTaskRemoveFromEventList                 0x0800e1d1   Thumb Code   126  tasks.o(i.xTaskRemoveFromEventList)
    xTaskResumeAll                           0x0800e269   Thumb Code   222  tasks.o(i.xTaskResumeAll)
    xTimerCreateTimerTask                    0x0800e36d   Thumb Code   100  timers.o(i.xTimerCreateTimerTask)
    xTimerGenericCommand                     0x0800e3e5   Thumb Code   128  timers.o(i.xTimerGenericCommand)
    defaultTask_attributes                   0x0800e468   Data          36  freertos.o(.constdata)
    FreeTask_attributes                      0x0800e48c   Data          36  freertos.o(.constdata)
    SentTask_attributes                      0x0800e4b0   Data          36  freertos.o(.constdata)
    UARTPrescTable                           0x0800e538   Data          24  stm32h7xx_hal_uart.o(.constdata)
    D1CorePrescTable                         0x0800e560   Data          16  system_stm32h7xx.o(.constdata)
    Region$$Table$$Base                      0x0800e59c   Number         0  anon$$obj.o(Region$$Table)
    Region$$Table$$Limit                     0x0800e5bc   Number         0  anon$$obj.o(Region$$Table)
    defaultTaskHandle                        0x24000000   Data           4  freertos.o(.data)
    FreeTaskHandle                           0x24000004   Data           4  freertos.o(.data)
    SentTaskHandle                           0x24000008   Data           4  freertos.o(.data)
    uwTick                                   0x24000010   Data           4  stm32h7xx_hal.o(.data)
    uwTickPrio                               0x24000014   Data           4  stm32h7xx_hal.o(.data)
    uwTickFreq                               0x24000018   Data           1  stm32h7xx_hal.o(.data)
    SystemCoreClock                          0x2400001c   Data           4  system_stm32h7xx.o(.data)
    SystemD2Clock                            0x24000020   Data           4  system_stm32h7xx.o(.data)
    pxCurrentTCB                             0x24000024   Data           4  tasks.o(.data)
    text                                     0x240000ac   Data           8  dji_motor.o(.data)
    mission_sign                             0x240000c4   Data           1  chassis.o(.data)
    SP_ACCEL                                 0x240000c8   Data           4  chassis.o(.data)
    SP_X                                     0x240000cc   Data           4  chassis.o(.data)
    SP_Y                                     0x240000d0   Data           4  chassis.o(.data)
    SP_W                                     0x240000d4   Data           4  chassis.o(.data)
    chassis_motor1_pid_param                 0x240000d8   Data          24  chassis.o(.data)
    chassis_motor2_pid_param                 0x240000f0   Data          24  chassis.o(.data)
    chassis_motor3_pid_param                 0x24000108   Data          24  chassis.o(.data)
    chassis_motor4_pid_param                 0x24000120   Data          24  chassis.o(.data)
    weapon_joint_motor_pid_param             0x24000138   Data          24  weapon.o(.data)
    weapon_joint_input                       0x24000150   Data           4  weapon.o(.data)
    h_compensation                           0x24000154   Data           4  weapon.o(.data)
    BUT_flag                                 0x24000158   Data           3  timer.o(.data)
    but_read                                 0x2400015b   Data           3  timer.o(.data)
    sent_flag                                0x2400015e   Data           1  cowork.o(.data)
    uart8_tx_buf                             0x2400015f   Data           7  cowork.o(.data)
    RCctrl                                   0x24000166   Data          40  remote_control.o(.data)
    exceed_num                               0x24000190   Data           4  motor_control.o(.data)
    v_diff                                   0x24000194   Data           4  motor_control.o(.data)
    v_diff_last                              0x24000198   Data           4  motor_control.o(.data)
    diff_i                                   0x2400019c   Data           4  motor_control.o(.data)
    i_range                                  0x240001a0   Data           4  motor_control.o(.data)
    v_amp                                    0x240001a4   Data           4  motor_control.o(.data)
    vpid                                     0x240001a8   Data          12  motor_control.o(.data)
    position_origin1                         0x240001b4   Data           4  motor_control.o(.data)
    position_origin2                         0x240001b8   Data           4  motor_control.o(.data)
    p_diff                                   0x240001bc   Data           4  motor_control.o(.data)
    p_diff_last                              0x240001c0   Data           4  motor_control.o(.data)
    p_diff_i                                 0x240001c4   Data           4  motor_control.o(.data)
    p_amp                                    0x240001c8   Data           4  motor_control.o(.data)
    ppid                                     0x240001cc   Data          12  motor_control.o(.data)
    kf                                       0x240001d8   Data           4  policy.o(.data)
    path_len                                 0x240001dc   Data           4  policy.o(.data)
    picked_cnt                               0x240001e0   Data           4  policy.o(.data)
    removed_k1                               0x240001e4   Data           4  policy.o(.data)
    target_k2                                0x240001e8   Data           4  policy.o(.data)
    hfdcan1                                  0x24000204   Data         160  fdcan.o(.bss)
    hfdcan2                                  0x240002a4   Data         160  fdcan.o(.bss)
    hfdcan3                                  0x24000344   Data         160  fdcan.o(.bss)
    htim2                                    0x240003e4   Data          76  tim.o(.bss)
    htim4                                    0x24000430   Data          76  tim.o(.bss)
    htim5                                    0x2400047c   Data          76  tim.o(.bss)
    huart5                                   0x240004c8   Data         148  usart.o(.bss)
    huart7                                   0x2400055c   Data         148  usart.o(.bss)
    huart8                                   0x240005f0   Data         148  usart.o(.bss)
    hdma_uart5_rx                            0x24000684   Data         120  usart.o(.bss)
    hdma_uart7_rx                            0x240006fc   Data         120  usart.o(.bss)
    htim8                                    0x24000774   Data          76  stm32h7xx_hal_timebase_tim.o(.bss)
    xQueueRegistry                           0x240007c0   Data          64  queue.o(.bss)
    Chassis                                  0x240050a0   Data         124  chassis.o(.bss)
    chassis_angle1                           0x2400511c   Data         264  chassis.o(.bss)
    chassis_angle2                           0x24005224   Data         264  chassis.o(.bss)
    chassis_angle3                           0x2400532c   Data         264  chassis.o(.bss)
    chassis_angle4                           0x24005434   Data         264  chassis.o(.bss)
    chassis_motor1                           0x2400553c   Data         412  chassis.o(.bss)
    chassis_motor2                           0x240056d8   Data         412  chassis.o(.bss)
    chassis_motor3                           0x24005874   Data         412  chassis.o(.bss)
    chassis_motor4                           0x24005a10   Data         412  chassis.o(.bss)
    target_angle                             0x24005bac   Data          16  chassis.o(.bss)
    angle_last                               0x24005bbc   Data          16  chassis.o(.bss)
    angle_diff                               0x24005bcc   Data          16  chassis.o(.bss)
    wheel_sp                                 0x24005bdc   Data          16  chassis.o(.bss)
    angle_now                                0x24005bec   Data          16  chassis.o(.bss)
    auto_Vout                                0x24005bfc   Data          16  chassis.o(.bss)
    Kfs                                      0x24005c0c   Data          88  kfs.o(.bss)
    kfs_arm_1                                0x24005c64   Data         264  kfs.o(.bss)
    kfs_arm_2                                0x24005d6c   Data         264  kfs.o(.bss)
    kfs_arm_3                                0x24005e74   Data         264  kfs.o(.bss)
    kfs_catch                                0x24005f7c   Data         264  kfs.o(.bss)
    k_catch                                  0x24006084   Data          20  kfs.o(.bss)
    Lift                                     0x24006098   Data          80  lift.o(.bss)
    R2_lift_motor_left                       0x240060e8   Data         264  lift.o(.bss)
    R2_lift_motor_right                      0x240061f0   Data         264  lift.o(.bss)
    lift_left                                0x240062f8   Data          20  lift.o(.bss)
    lift_right                               0x2400630c   Data          20  lift.o(.bss)
    weapon_joint_motor                       0x24006320   Data         412  weapon.o(.bss)
    weapon_collect_motor                     0x240064bc   Data         264  weapon.o(.bss)
    Weapon                                   0x240065c4   Data          80  weapon.o(.bss)
    hold_weapon                              0x24006614   Data          20  weapon.o(.bss)
    REMOTE_BUF                               0x24006628   Data          64  remote_control.o(.bss)
    kfs1                                     0x24006668   Data          12  policy.o(.bss)
    kfs2                                     0x24006674   Data          16  policy.o(.bss)
    path                                     0x24006684   Data          80  policy.o(.bss)
    picked_k2                                0x240066d4   Data          16  policy.o(.bss)
    __initial_sp                             0x24007188   Data           0  startup_stm32h723xx.o(STACK)



==============================================================================

Memory Map of the image

  Image Entry point : 0x080002cd

  Load Region LR_IROM1 (Base: 0x08000000, Size: 0x0000e7c0, Max: 0x00100000, ABSOLUTE, COMPRESSED[0x0000e618])

    Execution Region ER_IROM1 (Exec base: 0x08000000, Load base: 0x08000000, Size: 0x0000e5bc, Max: 0x00100000, ABSOLUTE)

    Exec Addr    Load Addr    Size         Type   Attr      Idx    E Section Name        Object

    0x08000000   0x08000000   0x000002cc   Data   RO            3    RESET               startup_stm32h723xx.o
    0x080002cc   0x080002cc   0x00000000   Code   RO         8647  * .ARM.Collect$$$$00000000  mc_w.l(entry.o)
    0x080002cc   0x080002cc   0x00000004   Code   RO         8707    .ARM.Collect$$$$00000001  mc_w.l(entry2.o)
    0x080002d0   0x080002d0   0x00000004   Code   RO         8710    .ARM.Collect$$$$00000004  mc_w.l(entry5.o)
    0x080002d4   0x080002d4   0x00000000   Code   RO         8712    .ARM.Collect$$$$00000008  mc_w.l(entry7b.o)
    0x080002d4   0x080002d4   0x00000000   Code   RO         8714    .ARM.Collect$$$$0000000A  mc_w.l(entry8b.o)
    0x080002d4   0x080002d4   0x00000008   Code   RO         8715    .ARM.Collect$$$$0000000B  mc_w.l(entry9a.o)
    0x080002dc   0x080002dc   0x00000004   Code   RO         8722    .ARM.Collect$$$$0000000E  mc_w.l(entry12b.o)
    0x080002e0   0x080002e0   0x00000000   Code   RO         8717    .ARM.Collect$$$$0000000F  mc_w.l(entry10a.o)
    0x080002e0   0x080002e0   0x00000000   Code   RO         8719    .ARM.Collect$$$$00000011  mc_w.l(entry11a.o)
    0x080002e0   0x080002e0   0x00000004   Code   RO         8708    .ARM.Collect$$$$00002712  mc_w.l(entry2.o)
    0x080002e4   0x080002e4   0x000000be   Code   RO         7383    .emb_text           port.o
    0x080003a2   0x080003a2   0x00000002   PAD
    0x080003a4   0x080003a4   0x0000002c   Code   RO            4    .text               startup_stm32h723xx.o
    0x080003d0   0x080003d0   0x00000062   Code   RO         8650    .text               mc_w.l(uldiv.o)
    0x08000432   0x08000432   0x00000024   Code   RO         8652    .text               mc_w.l(memcpya.o)
    0x08000456   0x08000456   0x00000024   Code   RO         8656    .text               mc_w.l(memseta.o)
    0x0800047a   0x0800047a   0x0000001e   Code   RO         8723    .text               mc_w.l(llshl.o)
    0x08000498   0x08000498   0x00000020   Code   RO         8725    .text               mc_w.l(llushr.o)
    0x080004b8   0x080004b8   0x00000000   Code   RO         8734    .text               mc_w.l(iusefp.o)
    0x080004b8   0x080004b8   0x00000086   Code   RO         8737    .text               mf_w.l(drem.o)
    0x0800053e   0x0800053e   0x00000002   PAD
    0x08000540   0x08000540   0x00000024   Code   RO         8749    .text               mc_w.l(init.o)
    0x08000564   0x08000564   0x000000ba   Code   RO         8751    .text               mf_w.l(depilogue.o)
    0x0800061e   0x0800061e   0x00000056   Code   RO         8761    .text               mc_w.l(__dczerorl2.o)
    0x08000674   0x08000674   0x00000110   Code   RO         7463    i.BSP_CAN_Init      bsp_can.o
    0x08000784   0x08000784   0x00000034   Code   RO         7518    i.BSP_USART_Init    bsp_uart.o
    0x080007b8   0x080007b8   0x0000000a   Code   RO         8239    i.BaseModule_ClearError  global.o
    0x080007c2   0x080007c2   0x00000006   Code   RO         8240    i.BaseModule_GetState  global.o
    0x080007c8   0x080007c8   0x0000000a   Code   RO         8241    i.BaseModule_Init   global.o
    0x080007d2   0x080007d2   0x00000006   Code   RO         8242    i.BaseModule_Run    global.o
    0x080007d8   0x080007d8   0x00000006   Code   RO         8243    i.BaseModule_Stop   global.o
    0x080007de   0x080007de   0x00000004   Code   RO          642    i.BusFault_Handler  stm32h7xx_it.o
    0x080007e2   0x080007e2   0x00000002   PAD
    0x080007e4   0x080007e4   0x00000650   Code   RO         7735    i.Chassis_Calc      chassis.o
    0x08000e34   0x08000e34   0x00000198   Code   RO         8287    i.Chassis_Init      register.o
    0x08000fcc   0x08000fcc   0x00000062   Code   RO         8183    i.Check_Cells_Status  remote_control.o
    0x0800102e   0x0800102e   0x00000016   Code   RO         7560    i.DJIget_moto_offset  dji_motor.o
    0x08001044   0x08001044   0x000000a4   Code   RO         7561    i.DJIget_motor_measure  dji_motor.o
    0x080010e8   0x080010e8   0x000000a4   Code   RO         7562    i.DJImotor_Create   dji_motor.o
    0x0800118c   0x0800118c   0x0000006e   Code   RO         7563    i.DJIset_motor_data  dji_motor.o
    0x080011fa   0x080011fa   0x00000002   PAD
    0x080011fc   0x080011fc   0x00000010   Code   RO          643    i.DMA1_Stream2_IRQHandler  stm32h7xx_it.o
    0x0800120c   0x0800120c   0x00000010   Code   RO          644    i.DMA1_Stream3_IRQHandler  stm32h7xx_it.o
    0x0800121c   0x0800121c   0x000000ec   Code   RO         2772    i.DMA_CalcBaseAndBitshift  stm32h7xx_hal_dma.o
    0x08001308   0x08001308   0x000000c4   Code   RO         2773    i.DMA_CalcDMAMUXChannelBaseAndMask  stm32h7xx_hal_dma.o
    0x080013cc   0x080013cc   0x00000098   Code   RO         2774    i.DMA_CalcDMAMUXRequestGenBaseAndMask  stm32h7xx_hal_dma.o
    0x08001464   0x08001464   0x000000ae   Code   RO         2775    i.DMA_CheckFifoParam  stm32h7xx_hal_dma.o
    0x08001512   0x08001512   0x00000002   PAD
    0x08001514   0x08001514   0x00000274   Code   RO         2776    i.DMA_SetConfig     stm32h7xx_hal_dma.o
    0x08001788   0x08001788   0x00000090   Code   RO         7637    i.DM_Motor_CMD      dm_motor.o
    0x08001818   0x08001818   0x00000250   Code   RO         7638    i.DMget_motor_measure  dm_motor.o
    0x08001a68   0x08001a68   0x00000078   Code   RO         7639    i.DMmotor_Create    dm_motor.o
    0x08001ae0   0x08001ae0   0x000002f8   Code   RO         7640    i.DMset_mit_data    dm_motor.o
    0x08001dd8   0x08001dd8   0x00000068   Code   RO         7641    i.DMset_posvel_data  dm_motor.o
    0x08001e40   0x08001e40   0x00000002   Code   RO          645    i.DebugMon_Handler  stm32h7xx_it.o
    0x08001e42   0x08001e42   0x00000006   Code   RO           13    i.Error_Handler     main.o
    0x08001e48   0x08001e48   0x00000024   Code   RO         5579    i.ExitRun0Mode      system_stm32h7xx.o
    0x08001e6c   0x08001e6c   0x00000010   Code   RO          646    i.FDCAN1_IT0_IRQHandler  stm32h7xx_it.o
    0x08001e7c   0x08001e7c   0x00000010   Code   RO          647    i.FDCAN2_IT0_IRQHandler  stm32h7xx_it.o
    0x08001e8c   0x08001e8c   0x00000010   Code   RO          648    i.FDCAN3_IT0_IRQHandler  stm32h7xx_it.o
    0x08001e9c   0x08001e9c   0x00000220   Code   RO         4413    i.FDCAN_CalcultateRamBlockAddresses  stm32h7xx_hal_fdcan.o
    0x080020bc   0x080020bc   0x000000d0   Code   RO         4414    i.FDCAN_CopyMessageToRAM  stm32h7xx_hal_fdcan.o
    0x0800218c   0x0800218c   0x000001b4   Code   RO         8077    i.Free_Task         can_task.o
    0x08002340   0x08002340   0x000004dc   Code   RO         2777    i.HAL_DMA_Abort     stm32h7xx_hal_dma.o
    0x0800281c   0x0800281c   0x00000398   Code   RO         2778    i.HAL_DMA_Abort_IT  stm32h7xx_hal_dma.o
    0x08002bb4   0x08002bb4   0x00000af8   Code   RO         2782    i.HAL_DMA_IRQHandler  stm32h7xx_hal_dma.o
    0x080036ac   0x080036ac   0x00000514   Code   RO         2783    i.HAL_DMA_Init      stm32h7xx_hal_dma.o
    0x08003bc0   0x08003bc0   0x000003e0   Code   RO         2787    i.HAL_DMA_Start_IT  stm32h7xx_hal_dma.o
    0x08003fa0   0x08003fa0   0x00000028   Code   RO         3474    i.HAL_Delay         stm32h7xx_hal.o
    0x08003fc8   0x08003fc8   0x000000a8   Code   RO         4416    i.HAL_FDCAN_ActivateNotification  stm32h7xx_hal_fdcan.o
    0x08004070   0x08004070   0x00000090   Code   RO         4418    i.HAL_FDCAN_AddMessageToTxFifoQ  stm32h7xx_hal_fdcan.o
    0x08004100   0x08004100   0x00000002   Code   RO         4419    i.HAL_FDCAN_ClockCalibrationCallback  stm32h7xx_hal_fdcan.o
    0x08004102   0x08004102   0x000000a8   Code   RO         4423    i.HAL_FDCAN_ConfigFilter  stm32h7xx_hal_fdcan.o
    0x080041aa   0x080041aa   0x00000034   Code   RO         4424    i.HAL_FDCAN_ConfigGlobalFilter  stm32h7xx_hal_fdcan.o
    0x080041de   0x080041de   0x00000002   Code   RO         4445    i.HAL_FDCAN_ErrorCallback  stm32h7xx_hal_fdcan.o
    0x080041e0   0x080041e0   0x00000002   Code   RO         4446    i.HAL_FDCAN_ErrorStatusCallback  stm32h7xx_hal_fdcan.o
    0x080041e2   0x080041e2   0x00000002   PAD
    0x080041e4   0x080041e4   0x000001f4   Code   RO         4457    i.HAL_FDCAN_GetRxMessage  stm32h7xx_hal_fdcan.o
    0x080043d8   0x080043d8   0x00000002   Code   RO         4463    i.HAL_FDCAN_HighPriorityMessageCallback  stm32h7xx_hal_fdcan.o
    0x080043da   0x080043da   0x00000002   PAD
    0x080043dc   0x080043dc   0x000003d4   Code   RO         4464    i.HAL_FDCAN_IRQHandler  stm32h7xx_hal_fdcan.o
    0x080047b0   0x080047b0   0x000002e0   Code   RO         4465    i.HAL_FDCAN_Init    stm32h7xx_hal_fdcan.o
    0x08004a90   0x08004a90   0x0000020c   Code   RO          474    i.HAL_FDCAN_MspInit  fdcan.o
    0x08004c9c   0x08004c9c   0x00000002   Code   RO         4474    i.HAL_FDCAN_RxBufferNewMessageCallback  stm32h7xx_hal_fdcan.o
    0x08004c9e   0x08004c9e   0x00000002   PAD
    0x08004ca0   0x08004ca0   0x00000180   Code   RO         7464    i.HAL_FDCAN_RxFifo0Callback  bsp_can.o
    0x08004e20   0x08004e20   0x00000002   Code   RO         4476    i.HAL_FDCAN_RxFifo1Callback  stm32h7xx_hal_fdcan.o
    0x08004e22   0x08004e22   0x00000034   Code   RO         4477    i.HAL_FDCAN_Start   stm32h7xx_hal_fdcan.o
    0x08004e56   0x08004e56   0x00000002   Code   RO         4499    i.HAL_FDCAN_TT_GlobalTimeCallback  stm32h7xx_hal_fdcan.o
    0x08004e58   0x08004e58   0x00000002   Code   RO         4500    i.HAL_FDCAN_TT_ScheduleSyncCallback  stm32h7xx_hal_fdcan.o
    0x08004e5a   0x08004e5a   0x00000002   Code   RO         4505    i.HAL_FDCAN_TT_StopWatchCallback  stm32h7xx_hal_fdcan.o
    0x08004e5c   0x08004e5c   0x00000002   Code   RO         4506    i.HAL_FDCAN_TT_TimeMarkCallback  stm32h7xx_hal_fdcan.o
    0x08004e5e   0x08004e5e   0x00000002   Code   RO         4507    i.HAL_FDCAN_TimeoutOccurredCallback  stm32h7xx_hal_fdcan.o
    0x08004e60   0x08004e60   0x00000002   Code   RO         4508    i.HAL_FDCAN_TimestampWraparoundCallback  stm32h7xx_hal_fdcan.o
    0x08004e62   0x08004e62   0x00000002   Code   RO         4509    i.HAL_FDCAN_TxBufferAbortCallback  stm32h7xx_hal_fdcan.o
    0x08004e64   0x08004e64   0x00000002   Code   RO         4510    i.HAL_FDCAN_TxBufferCompleteCallback  stm32h7xx_hal_fdcan.o
    0x08004e66   0x08004e66   0x00000002   Code   RO         4511    i.HAL_FDCAN_TxEventFifoCallback  stm32h7xx_hal_fdcan.o
    0x08004e68   0x08004e68   0x00000002   Code   RO         4512    i.HAL_FDCAN_TxFifoEmptyCallback  stm32h7xx_hal_fdcan.o
    0x08004e6a   0x08004e6a   0x00000002   PAD
    0x08004e6c   0x08004e6c   0x000001f0   Code   RO         2625    i.HAL_GPIO_Init     stm32h7xx_hal_gpio.o
    0x0800505c   0x0800505c   0x0000000c   Code   RO         2629    i.HAL_GPIO_WritePin  stm32h7xx_hal_gpio.o
    0x08005068   0x08005068   0x0000000c   Code   RO         3490    i.HAL_GetTick       stm32h7xx_hal.o
    0x08005074   0x08005074   0x00000018   Code   RO         3496    i.HAL_IncTick       stm32h7xx_hal.o
    0x0800508c   0x0800508c   0x00000060   Code   RO         3497    i.HAL_Init          stm32h7xx_hal.o
    0x080050ec   0x080050ec   0x00000094   Code   RO          825    i.HAL_InitTick      stm32h7xx_hal_timebase_tim.o
    0x08005180   0x08005180   0x0000005c   Code   RO         1895    i.HAL_MPU_ConfigRegion  stm32h7xx_hal_cortex.o
    0x080051dc   0x080051dc   0x0000002c   Code   RO         1896    i.HAL_MPU_Disable   stm32h7xx_hal_cortex.o
    0x08005208   0x08005208   0x00000040   Code   RO         1898    i.HAL_MPU_Enable    stm32h7xx_hal_cortex.o
    0x08005248   0x08005248   0x00000030   Code   RO          801    i.HAL_MspInit       stm32h7xx_hal_msp.o
    0x08005278   0x08005278   0x00000028   Code   RO         1902    i.HAL_NVIC_EnableIRQ  stm32h7xx_hal_cortex.o
    0x080052a0   0x080052a0   0x0000007a   Code   RO         1908    i.HAL_NVIC_SetPriority  stm32h7xx_hal_cortex.o
    0x0800531a   0x0800531a   0x00000002   PAD
    0x0800531c   0x0800531c   0x00000028   Code   RO         1909    i.HAL_NVIC_SetPriorityGrouping  stm32h7xx_hal_cortex.o
    0x08005344   0x08005344   0x00000060   Code   RO         3226    i.HAL_PWREx_ConfigSupply  stm32h7xx_hal_pwr_ex.o
    0x080053a4   0x080053a4   0x00000024   Code   RO         2168    i.HAL_RCCEx_GetD3PCLK1Freq  stm32h7xx_hal_rcc_ex.o
    0x080053c8   0x080053c8   0x00000230   Code   RO         2170    i.HAL_RCCEx_GetPLL2ClockFreq  stm32h7xx_hal_rcc_ex.o
    0x080055f8   0x080055f8   0x00000230   Code   RO         2171    i.HAL_RCCEx_GetPLL3ClockFreq  stm32h7xx_hal_rcc_ex.o
    0x08005828   0x08005828   0x00000cc8   Code   RO         2177    i.HAL_RCCEx_PeriphCLKConfig  stm32h7xx_hal_rcc_ex.o
    0x080064f0   0x080064f0   0x00000320   Code   RO         2053    i.HAL_RCC_ClockConfig  stm32h7xx_hal_rcc.o
    0x08006810   0x08006810   0x0000006c   Code   RO         2057    i.HAL_RCC_GetClockConfig  stm32h7xx_hal_rcc.o
    0x0800687c   0x0800687c   0x0000004c   Code   RO         2058    i.HAL_RCC_GetHCLKFreq  stm32h7xx_hal_rcc.o
    0x080068c8   0x080068c8   0x00000024   Code   RO         2060    i.HAL_RCC_GetPCLK1Freq  stm32h7xx_hal_rcc.o
    0x080068ec   0x080068ec   0x00000024   Code   RO         2061    i.HAL_RCC_GetPCLK2Freq  stm32h7xx_hal_rcc.o
    0x08006910   0x08006910   0x0000022c   Code   RO         2062    i.HAL_RCC_GetSysClockFreq  stm32h7xx_hal_rcc.o
    0x08006b3c   0x08006b3c   0x0000075c   Code   RO         2065    i.HAL_RCC_OscConfig  stm32h7xx_hal_rcc.o
    0x08007298   0x08007298   0x00000002   Code   RO         1591    i.HAL_TIMEx_Break2Callback  stm32h7xx_hal_tim_ex.o
    0x0800729a   0x0800729a   0x00000002   Code   RO         1592    i.HAL_TIMEx_BreakCallback  stm32h7xx_hal_tim_ex.o
    0x0800729c   0x0800729c   0x00000002   Code   RO         1593    i.HAL_TIMEx_CommutCallback  stm32h7xx_hal_tim_ex.o
    0x0800729e   0x0800729e   0x00000002   PAD
    0x080072a0   0x080072a0   0x000000e4   Code   RO         1614    i.HAL_TIMEx_MasterConfigSynchronization  stm32h7xx_hal_tim_ex.o
    0x08007384   0x08007384   0x0000006e   Code   RO          866    i.HAL_TIM_Base_Init  stm32h7xx_hal_tim.o
    0x080073f2   0x080073f2   0x00000002   PAD
    0x080073f4   0x080073f4   0x000000a0   Code   RO          529    i.HAL_TIM_Base_MspInit  tim.o
    0x08007494   0x08007494   0x000000c0   Code   RO          869    i.HAL_TIM_Base_Start  stm32h7xx_hal_tim.o
    0x08007554   0x08007554   0x000000cc   Code   RO          871    i.HAL_TIM_Base_Start_IT  stm32h7xx_hal_tim.o
    0x08007620   0x08007620   0x00000134   Code   RO          875    i.HAL_TIM_ConfigClockSource  stm32h7xx_hal_tim.o
    0x08007754   0x08007754   0x00000002   Code   RO          900    i.HAL_TIM_IC_CaptureCallback  stm32h7xx_hal_tim.o
    0x08007756   0x08007756   0x00000198   Code   RO          914    i.HAL_TIM_IRQHandler  stm32h7xx_hal_tim.o
    0x080078ee   0x080078ee   0x00000002   PAD
    0x080078f0   0x080078f0   0x00000058   Code   RO          530    i.HAL_TIM_MspPostInit  tim.o
    0x08007948   0x08007948   0x00000002   Code   RO          917    i.HAL_TIM_OC_DelayElapsedCallback  stm32h7xx_hal_tim.o
    0x0800794a   0x0800794a   0x00000170   Code   RO          938    i.HAL_TIM_PWM_ConfigChannel  stm32h7xx_hal_tim.o
    0x08007aba   0x08007aba   0x0000006e   Code   RO          941    i.HAL_TIM_PWM_Init  stm32h7xx_hal_tim.o
    0x08007b28   0x08007b28   0x00000002   Code   RO          943    i.HAL_TIM_PWM_MspInit  stm32h7xx_hal_tim.o
    0x08007b2a   0x08007b2a   0x00000002   Code   RO          944    i.HAL_TIM_PWM_PulseFinishedCallback  stm32h7xx_hal_tim.o
    0x08007b2c   0x08007b2c   0x0000017c   Code   RO          946    i.HAL_TIM_PWM_Start  stm32h7xx_hal_tim.o
    0x08007ca8   0x08007ca8   0x00000018   Code   RO           14    i.HAL_TIM_PeriodElapsedCallback  main.o
    0x08007cc0   0x08007cc0   0x00000002   Code   RO          957    i.HAL_TIM_TriggerCallback  stm32h7xx_hal_tim.o
    0x08007cc2   0x08007cc2   0x0000004e   Code   RO         5456    i.HAL_UARTEx_DisableFifoMode  stm32h7xx_hal_uart_ex.o
    0x08007d10   0x08007d10   0x00000002   Code   RO         5040    i.HAL_UARTEx_RxEventCallback  stm32h7xx_hal_uart.o
    0x08007d12   0x08007d12   0x00000002   Code   RO         5464    i.HAL_UARTEx_RxFifoFullCallback  stm32h7xx_hal_uart_ex.o
    0x08007d14   0x08007d14   0x0000005e   Code   RO         5465    i.HAL_UARTEx_SetRxFifoThreshold  stm32h7xx_hal_uart_ex.o
    0x08007d72   0x08007d72   0x0000005e   Code   RO         5466    i.HAL_UARTEx_SetTxFifoThreshold  stm32h7xx_hal_uart_ex.o
    0x08007dd0   0x08007dd0   0x00000002   Code   RO         5468    i.HAL_UARTEx_TxFifoEmptyCallback  stm32h7xx_hal_uart_ex.o
    0x08007dd2   0x08007dd2   0x00000002   Code   RO         5469    i.HAL_UARTEx_WakeupCallback  stm32h7xx_hal_uart_ex.o
    0x08007dd4   0x08007dd4   0x00000002   Code   RO         5056    i.HAL_UART_ErrorCallback  stm32h7xx_hal_uart.o
    0x08007dd6   0x08007dd6   0x00000002   PAD
    0x08007dd8   0x08007dd8   0x000004b6   Code   RO         5059    i.HAL_UART_IRQHandler  stm32h7xx_hal_uart.o
    0x0800828e   0x0800828e   0x00000078   Code   RO         5060    i.HAL_UART_Init     stm32h7xx_hal_uart.o
    0x08008306   0x08008306   0x00000002   PAD
    0x08008308   0x08008308   0x00000290   Code   RO          589    i.HAL_UART_MspInit  usart.o
    0x08008598   0x08008598   0x0000005c   Code   RO         5064    i.HAL_UART_Receive_DMA  stm32h7xx_hal_uart.o
    0x080085f4   0x080085f4   0x00000002   Code   RO         5067    i.HAL_UART_RxCpltCallback  stm32h7xx_hal_uart.o
    0x080085f6   0x080085f6   0x00000002   Code   RO         5068    i.HAL_UART_RxHalfCpltCallback  stm32h7xx_hal_uart.o
    0x080085f8   0x080085f8   0x000000c2   Code   RO         5069    i.HAL_UART_Transmit  stm32h7xx_hal_uart.o
    0x080086ba   0x080086ba   0x00000002   Code   RO         5072    i.HAL_UART_TxCpltCallback  stm32h7xx_hal_uart.o
    0x080086bc   0x080086bc   0x000001d4   Code   RO         8078    i.HF_Task           can_task.o
    0x08008890   0x08008890   0x00000004   Code   RO          649    i.HardFault_Handler  stm32h7xx_it.o
    0x08008894   0x08008894   0x00000138   Code   RO         8288    i.Kfs_Init          register.o
    0x080089cc   0x080089cc   0x00000060   Code   RO         8079    i.LF_Task           can_task.o
    0x08008a2c   0x08008a2c   0x000000cc   Code   RO         8289    i.Lift_Init         register.o
    0x08008af8   0x08008af8   0x0000005c   Code   RO           15    i.MPU_Config        main.o
    0x08008b54   0x08008b54   0x00000044   Code   RO          339    i.MX_DMA_Init       dma.o
    0x08008b98   0x08008b98   0x00000084   Code   RO          475    i.MX_FDCAN1_Init    fdcan.o
    0x08008c1c   0x08008c1c   0x00000084   Code   RO          476    i.MX_FDCAN2_Init    fdcan.o
    0x08008ca0   0x08008ca0   0x00000084   Code   RO          477    i.MX_FDCAN3_Init    fdcan.o
    0x08008d24   0x08008d24   0x00000054   Code   RO          285    i.MX_FREERTOS_Init  freertos.o
    0x08008d78   0x08008d78   0x00000148   Code   RO          260    i.MX_GPIO_Init      gpio.o
    0x08008ec0   0x08008ec0   0x000000b4   Code   RO          531    i.MX_TIM2_Init      tim.o
    0x08008f74   0x08008f74   0x00000080   Code   RO          532    i.MX_TIM4_Init      tim.o
    0x08008ff4   0x08008ff4   0x00000080   Code   RO          533    i.MX_TIM5_Init      tim.o
    0x08009074   0x08009074   0x00000070   Code   RO          590    i.MX_UART5_Init     usart.o
    0x080090e4   0x080090e4   0x0000006c   Code   RO          591    i.MX_UART7_Init     usart.o
    0x08009150   0x08009150   0x0000006c   Code   RO          592    i.MX_UART8_Init     usart.o
    0x080091bc   0x080091bc   0x00000004   Code   RO          650    i.MemManage_Handler  stm32h7xx_it.o
    0x080091c0   0x080091c0   0x00000070   Code   RO         7700    i.MotorModule_Create  motor.o
    0x08009230   0x08009230   0x00000012   Code   RO         7701    i.MotorModule_Init  motor.o
    0x08009242   0x08009242   0x00000004   Code   RO         7702    i.MotorModule_Run   motor.o
    0x08009246   0x08009246   0x00000002   PAD
    0x08009248   0x08009248   0x00000094   Code   RO         7564    i.Motor_PID_Calculate  dji_motor.o
    0x080092dc   0x080092dc   0x00000004   Code   RO          651    i.NMI_Handler       stm32h7xx_it.o
    0x080092e0   0x080092e0   0x00000038   Code   RO         8336    i.PID_Calc_Clear    pid.o
    0x08009318   0x08009318   0x0000002c   Code   RO         8337    i.PID_ErrorHandle   pid.o
    0x08009344   0x08009344   0x00000030   Code   RO         8338    i.PID_Init          pid.o
    0x08009374   0x08009374   0x00000046   Code   RO         8339    i.PID_Param_Init    pid.o
    0x080093ba   0x080093ba   0x00000002   PAD
    0x080093bc   0x080093bc   0x00000164   Code   RO         2180    i.RCCEx_PLL2_Config  stm32h7xx_hal_rcc_ex.o
    0x08009520   0x08009520   0x00000164   Code   RO         2181    i.RCCEx_PLL3_Config  stm32h7xx_hal_rcc_ex.o
    0x08009684   0x08009684   0x000000f0   Code   RO         7519    i.REMOTE_ExtractFrame  bsp_uart.o
    0x08009774   0x08009774   0x0000014c   Code   RO         7520    i.REMOTE_IdleHandler  bsp_uart.o
    0x080098c0   0x080098c0   0x0000011c   Code   RO         8184    i.REMOTE_ParseData  remote_control.o
    0x080099dc   0x080099dc   0x000000e0   Code   RO         8080    i.Sent_Task         can_task.o
    0x08009abc   0x08009abc   0x0000000a   Code   RO          287    i.StartDefaultTask  freertos.o
    0x08009ac6   0x08009ac6   0x0000002c   Code   RO         8290    i.Structue_Init     register.o
    0x08009af2   0x08009af2   0x0000006e   Code   RO         7880    i.StructureModule_AddMotor  structure.o
    0x08009b60   0x08009b60   0x00000058   Code   RO         7881    i.StructureModule_Create  structure.o
    0x08009bb8   0x08009bb8   0x00000012   Code   RO         7882    i.StructureModule_Init  structure.o
    0x08009bca   0x08009bca   0x0000000e   Code   RO         7883    i.StructureModule_Run  structure.o
    0x08009bd8   0x08009bd8   0x00000072   Code   RO         8002    i.SwapNumArray      cowork.o
    0x08009c4a   0x08009c4a   0x00000016   Code   RO         6794    i.SysTick_Handler   cmsis_os2.o
    0x08009c60   0x08009c60   0x000000b8   Code   RO           16    i.SystemClock_Config  main.o
    0x08009d18   0x08009d18   0x0000010c   Code   RO         5581    i.SystemInit        system_stm32h7xx.o
    0x08009e24   0x08009e24   0x00000028   Code   RO          652    i.TIM4_IRQHandler   stm32h7xx_it.o
    0x08009e4c   0x08009e4c   0x00000028   Code   RO          653    i.TIM5_IRQHandler   stm32h7xx_it.o
    0x08009e74   0x08009e74   0x00000010   Code   RO          654    i.TIM8_UP_TIM13_IRQHandler  stm32h7xx_it.o
    0x08009e84   0x08009e84   0x000000e8   Code   RO          959    i.TIM_Base_SetConfig  stm32h7xx_hal_tim.o
    0x08009f6c   0x08009f6c   0x00000022   Code   RO          960    i.TIM_CCxChannelCmd  stm32h7xx_hal_tim.o
    0x08009f8e   0x08009f8e   0x00000016   Code   RO          970    i.TIM_ETR_SetConfig  stm32h7xx_hal_tim.o
    0x08009fa4   0x08009fa4   0x00000018   Code   RO          971    i.TIM_ITRx_SetConfig  stm32h7xx_hal_tim.o
    0x08009fbc   0x08009fbc   0x000000ac   Code   RO          972    i.TIM_OC1_SetConfig  stm32h7xx_hal_tim.o
    0x0800a068   0x0800a068   0x000000b4   Code   RO          973    i.TIM_OC2_SetConfig  stm32h7xx_hal_tim.o
    0x0800a11c   0x0800a11c   0x000000b4   Code   RO          974    i.TIM_OC3_SetConfig  stm32h7xx_hal_tim.o
    0x0800a1d0   0x0800a1d0   0x00000074   Code   RO          975    i.TIM_OC4_SetConfig  stm32h7xx_hal_tim.o
    0x0800a244   0x0800a244   0x00000070   Code   RO          976    i.TIM_OC5_SetConfig  stm32h7xx_hal_tim.o
    0x0800a2b4   0x0800a2b4   0x00000070   Code   RO          977    i.TIM_OC6_SetConfig  stm32h7xx_hal_tim.o
    0x0800a324   0x0800a324   0x00000026   Code   RO          979    i.TIM_TI1_ConfigInputStage  stm32h7xx_hal_tim.o
    0x0800a34a   0x0800a34a   0x00000028   Code   RO          981    i.TIM_TI2_ConfigInputStage  stm32h7xx_hal_tim.o
    0x0800a372   0x0800a372   0x00000002   PAD
    0x0800a374   0x0800a374   0x00000034   Code   RO          655    i.UART5_IRQHandler  stm32h7xx_it.o
    0x0800a3a8   0x0800a3a8   0x00000010   Code   RO          656    i.UART7_IRQHandler  stm32h7xx_it.o
    0x0800a3b8   0x0800a3b8   0x00000010   Code   RO          657    i.UART8_IRQHandler  stm32h7xx_it.o
    0x0800a3c8   0x0800a3c8   0x00000058   Code   RO         5470    i.UARTEx_SetNbDataToProcess  stm32h7xx_hal_uart_ex.o
    0x0800a420   0x0800a420   0x000000f8   Code   RO         5074    i.UART_AdvFeatureConfig  stm32h7xx_hal_uart.o
    0x0800a518   0x0800a518   0x000000ea   Code   RO         5075    i.UART_CheckIdleState  stm32h7xx_hal_uart.o
    0x0800a602   0x0800a602   0x00000014   Code   RO         5076    i.UART_DMAAbortOnError  stm32h7xx_hal_uart.o
    0x0800a616   0x0800a616   0x0000005e   Code   RO         5077    i.UART_DMAError     stm32h7xx_hal_uart.o
    0x0800a674   0x0800a674   0x000000ae   Code   RO         5078    i.UART_DMAReceiveCplt  stm32h7xx_hal_uart.o
    0x0800a722   0x0800a722   0x00000026   Code   RO         5080    i.UART_DMARxHalfCplt  stm32h7xx_hal_uart.o
    0x0800a748   0x0800a748   0x0000006c   Code   RO         5086    i.UART_EndRxTransfer  stm32h7xx_hal_uart.o
    0x0800a7b4   0x0800a7b4   0x00000030   Code   RO         5087    i.UART_EndTransmit_IT  stm32h7xx_hal_uart.o
    0x0800a7e4   0x0800a7e4   0x00000040   Code   RO         5088    i.UART_EndTxTransfer  stm32h7xx_hal_uart.o
    0x0800a824   0x0800a824   0x00000628   Code   RO         5093    i.UART_SetConfig    stm32h7xx_hal_uart.o
    0x0800ae4c   0x0800ae4c   0x000000c8   Code   RO         5094    i.UART_Start_Receive_DMA  stm32h7xx_hal_uart.o
    0x0800af14   0x0800af14   0x000000ac   Code   RO         5100    i.UART_WaitOnFlagUntilTimeout  stm32h7xx_hal_uart.o
    0x0800afc0   0x0800afc0   0x00000004   Code   RO          658    i.UsageFault_Handler  stm32h7xx_it.o
    0x0800afc4   0x0800afc4   0x00000070   Code   RO         8291    i.Weapon_Init       register.o
    0x0800b034   0x0800b034   0x00000026   Code   RO         8677    i.__ARM_fpclassifyf  m_wv.l(fpclassifyf.o)
    0x0800b05a   0x0800b05a   0x00000030   Code   RO         8535    i.__ARM_pop         policy.o
    0x0800b08a   0x0800b08a   0x00000002   PAD
    0x0800b08c   0x0800b08c   0x00000010   Code   RO         1915    i.__NVIC_GetPriorityGrouping  stm32h7xx_hal_cortex.o
    0x0800b09c   0x0800b09c   0x00000028   Code   RO         1916    i.__NVIC_SetPriority  stm32h7xx_hal_cortex.o
    0x0800b0c4   0x0800b0c4   0x00000006   Code   RO         6796    i.__get_IPSR        cmsis_os2.o
    0x0800b0ca   0x0800b0ca   0x00000002   PAD
    0x0800b0cc   0x0800b0cc   0x000002b4   Code   RO         8559    i.__hardfp_atan2f   m_wv.l(atan2f.o)
    0x0800b380   0x0800b380   0x000000fc   Code   RO         8583    i.__hardfp_fmod     m_wv.l(fmod.o)
    0x0800b47c   0x0800b47c   0x0000003a   Code   RO         8635    i.__hardfp_sqrtf    m_wv.l(sqrtf.o)
    0x0800b4b6   0x0800b4b6   0x00000002   PAD
    0x0800b4b8   0x0800b4b8   0x00000018   Code   RO         8666    i.__mathlib_dbl_invalid  m_wv.l(dunder.o)
    0x0800b4d0   0x0800b4d0   0x00000006   Code   RO         8681    i.__mathlib_flt_infnan2  m_wv.l(funder.o)
    0x0800b4d6   0x0800b4d6   0x00000002   PAD
    0x0800b4d8   0x0800b4d8   0x00000010   Code   RO         8685    i.__mathlib_flt_underflow  m_wv.l(funder.o)
    0x0800b4e8   0x0800b4e8   0x0000000e   Code   RO         8755    i.__scatterload_copy  mc_w.l(handlers.o)
    0x0800b4f6   0x0800b4f6   0x00000002   Code   RO         8756    i.__scatterload_null  mc_w.l(handlers.o)
    0x0800b4f8   0x0800b4f8   0x0000000e   Code   RO         8757    i.__scatterload_zeroinit  mc_w.l(handlers.o)
    0x0800b506   0x0800b506   0x00000002   PAD
    0x0800b508   0x0800b508   0x0000000c   Code   RO         8729    i.__set_errno       mc_w.l(errno.o)
    0x0800b514   0x0800b514   0x00000002   Code   RO         8059    i.auto_mission      auto_mode.o
    0x0800b516   0x0800b516   0x00000002   PAD
    0x0800b518   0x0800b518   0x00000518   Code   RO         8479    i.bfs_run           policy.o
    0x0800ba30   0x0800ba30   0x0000000c   Code   RO         8480    i.cell_num          policy.o
    0x0800ba3c   0x0800ba3c   0x00000012   Code   RO         8481    i.cell_x            policy.o
    0x0800ba4e   0x0800ba4e   0x0000000e   Code   RO         8482    i.cell_y            policy.o
    0x0800ba5c   0x0800ba5c   0x00000244   Code   RO         7737    i.chassis_mission   chassis.o
    0x0800bca0   0x0800bca0   0x00000010   Code   RO         8003    i.combine_4bit      cowork.o
    0x0800bcb0   0x0800bcb0   0x00000036   Code   RO         8483    i.compact_path      policy.o
    0x0800bce6   0x0800bce6   0x00000002   PAD
    0x0800bce8   0x0800bce8   0x0000022c   Code   RO         8340    i.f_PID_Calculate   pid.o
    0x0800bf14   0x0800bf14   0x00000034   Code   RO         7642    i.float_to_uint     dm_motor.o
    0x0800bf48   0x0800bf48   0x000000c0   Code   RO           17    i.main              main.o
    0x0800c008   0x0800c008   0x0000001e   Code   RO         6797    i.osDelay           cmsis_os2.o
    0x0800c026   0x0800c026   0x00000002   PAD
    0x0800c028   0x0800c028   0x0000002c   Code   RO         6811    i.osKernelInitialize  cmsis_os2.o
    0x0800c054   0x0800c054   0x00000060   Code   RO         6814    i.osKernelStart     cmsis_os2.o
    0x0800c0b4   0x0800c0b4   0x000000b8   Code   RO         6856    i.osThreadNew       cmsis_os2.o
    0x0800c16c   0x0800c16c   0x00000060   Code   RO         8186    i.parse_config      remote_control.o
    0x0800c1cc   0x0800c1cc   0x00000024   Code   RO         8484    i.policy_init       policy.o
    0x0800c1f0   0x0800c1f0   0x000000a4   Code   RO         8485    i.policy_solve      policy.o
    0x0800c294   0x0800c294   0x0000007a   Code   RO         8486    i.policy_solve_best  policy.o
    0x0800c30e   0x0800c30e   0x0000000c   Code   RO         8487    i.popcnt            policy.o
    0x0800c31a   0x0800c31a   0x00000002   PAD
    0x0800c31c   0x0800c31c   0x0000007c   Code   RO         6231    i.prvAddCurrentTaskToDelayedList  tasks.o
    0x0800c398   0x0800c398   0x000000b8   Code   RO         6232    i.prvAddNewTaskToReadyList  tasks.o
    0x0800c450   0x0800c450   0x00000074   Code   RO         6607    i.prvCheckForValidListAndQueue  timers.o
    0x0800c4c4   0x0800c4c4   0x00000048   Code   RO         6233    i.prvCheckTasksWaitingTermination  tasks.o
    0x0800c50c   0x0800c50c   0x0000002a   Code   RO         5818    i.prvCopyDataFromQueue  queue.o
    0x0800c536   0x0800c536   0x0000007e   Code   RO         5819    i.prvCopyDataToQueue  queue.o
    0x0800c5b4   0x0800c5b4   0x00000050   Code   RO         6234    i.prvDeleteTCB      tasks.o
    0x0800c604   0x0800c604   0x00000028   Code   RO         6608    i.prvGetNextExpireTime  timers.o
    0x0800c62c   0x0800c62c   0x0000007c   Code   RO         7328    i.prvHeapInit       heap_4.o
    0x0800c6a8   0x0800c6a8   0x00000028   Code   RO         6235    i.prvIdleTask       tasks.o
    0x0800c6d0   0x0800c6d0   0x0000002a   Code   RO         5822    i.prvInitialiseNewQueue  queue.o
    0x0800c6fa   0x0800c6fa   0x000000be   Code   RO         6236    i.prvInitialiseNewTask  tasks.o
    0x0800c7b8   0x0800c7b8   0x00000068   Code   RO         6237    i.prvInitialiseTaskLists  tasks.o
    0x0800c820   0x0800c820   0x00000068   Code   RO         7329    i.prvInsertBlockIntoFreeList  heap_4.o
    0x0800c888   0x0800c888   0x00000058   Code   RO         6610    i.prvInsertTimerInActiveList  timers.o
    0x0800c8e0   0x0800c8e0   0x0000001a   Code   RO         5823    i.prvIsQueueEmpty   queue.o
    0x0800c8fa   0x0800c8fa   0x0000001e   Code   RO         5824    i.prvIsQueueFull    queue.o
    0x0800c918   0x0800c918   0x00000074   Code   RO         6611    i.prvProcessExpiredTimer  timers.o
    0x0800c98c   0x0800c98c   0x00000164   Code   RO         6612    i.prvProcessReceivedCommands  timers.o
    0x0800caf0   0x0800caf0   0x00000074   Code   RO         6613    i.prvProcessTimerOrBlockTask  timers.o
    0x0800cb64   0x0800cb64   0x00000034   Code   RO         6239    i.prvResetNextTaskUnblockTime  tasks.o
    0x0800cb98   0x0800cb98   0x0000002c   Code   RO         6614    i.prvSampleTimeNow  timers.o
    0x0800cbc4   0x0800cbc4   0x000000a4   Code   RO         6615    i.prvSwitchTimerLists  timers.o
    0x0800cc68   0x0800cc68   0x00000040   Code   RO         7384    i.prvTaskExitError  port.o
    0x0800cca8   0x0800cca8   0x0000001a   Code   RO         6616    i.prvTimerTask      timers.o
    0x0800ccc2   0x0800ccc2   0x0000007e   Code   RO         5825    i.prvUnlockQueue    queue.o
    0x0800cd40   0x0800cd40   0x0000014c   Code   RO         7330    i.pvPortMalloc      heap_4.o
    0x0800ce8c   0x0800ce8c   0x0000002c   Code   RO         7385    i.pxPortInitialiseStack  port.o
    0x0800ceb8   0x0800ceb8   0x00000138   Code   RO         8187    i.remote_control_read  remote_control.o
    0x0800cff0   0x0800cff0   0x000000ac   Code   RO         8188    i.remote_control_readaccel  remote_control.o
    0x0800d09c   0x0800d09c   0x000000c0   Code   RO         8005    i.uart8_tx_init     cowork.o
    0x0800d15c   0x0800d15c   0x00000034   Code   RO         7643    i.uint_to_float     dm_motor.o
    0x0800d190   0x0800d190   0x00000028   Code   RO         5778    i.uxListRemove      list.o
    0x0800d1b8   0x0800d1b8   0x00000018   Code   RO         6868    i.vApplicationGetIdleTaskMemory  cmsis_os2.o
    0x0800d1d0   0x0800d1d0   0x00000018   Code   RO         6869    i.vApplicationGetTimerTaskMemory  cmsis_os2.o
    0x0800d1e8   0x0800d1e8   0x0000001a   Code   RO         5779    i.vListInitialise   list.o
    0x0800d202   0x0800d202   0x00000006   Code   RO         5780    i.vListInitialiseItem  list.o
    0x0800d208   0x0800d208   0x00000034   Code   RO         5781    i.vListInsert       list.o
    0x0800d23c   0x0800d23c   0x00000018   Code   RO         5782    i.vListInsertEnd    list.o
    0x0800d254   0x0800d254   0x00000054   Code   RO         7387    i.vPortEnterCritical  port.o
    0x0800d2a8   0x0800d2a8   0x0000003c   Code   RO         7388    i.vPortExitCritical  port.o
    0x0800d2e4   0x0800d2e4   0x000000a4   Code   RO         7331    i.vPortFree         heap_4.o
    0x0800d388   0x0800d388   0x00000028   Code   RO         7389    i.vPortSetupTimerInterrupt  port.o
    0x0800d3b0   0x0800d3b0   0x00000078   Code   RO         7390    i.vPortValidateInterruptPriority  port.o
    0x0800d428   0x0800d428   0x0000002c   Code   RO         5831    i.vQueueAddToRegistry  queue.o
    0x0800d454   0x0800d454   0x0000004a   Code   RO         5835    i.vQueueWaitForMessageRestricted  queue.o
    0x0800d49e   0x0800d49e   0x00000002   PAD
    0x0800d4a0   0x0800d4a0   0x0000005c   Code   RO         6252    i.vTaskDelay        tasks.o
    0x0800d4fc   0x0800d4fc   0x00000018   Code   RO         6257    i.vTaskInternalSetTimeOutState  tasks.o
    0x0800d514   0x0800d514   0x0000000c   Code   RO         6258    i.vTaskMissedYield  tasks.o
    0x0800d520   0x0800d520   0x00000038   Code   RO         6260    i.vTaskPlaceOnEventList  tasks.o
    0x0800d558   0x0800d558   0x00000040   Code   RO         6261    i.vTaskPlaceOnEventListRestricted  tasks.o
    0x0800d598   0x0800d598   0x000000b8   Code   RO         6269    i.vTaskStartScheduler  tasks.o
    0x0800d650   0x0800d650   0x00000010   Code   RO         6271    i.vTaskSuspendAll   tasks.o
    0x0800d660   0x0800d660   0x00000090   Code   RO         6272    i.vTaskSwitchContext  tasks.o
    0x0800d6f0   0x0800d6f0   0x00000168   Code   RO         7391    i.xPortStartScheduler  port.o
    0x0800d858   0x0800d858   0x00000034   Code   RO         7392    i.xPortSysTickHandler  port.o
    0x0800d88c   0x0800d88c   0x000000e0   Code   RO         5841    i.xQueueGenericCreateStatic  queue.o
    0x0800d96c   0x0800d96c   0x00000098   Code   RO         5842    i.xQueueGenericReset  queue.o
    0x0800da04   0x0800da04   0x000001a8   Code   RO         5843    i.xQueueGenericSend  queue.o
    0x0800dbac   0x0800dbac   0x000000fc   Code   RO         5844    i.xQueueGenericSendFromISR  queue.o
    0x0800dca8   0x0800dca8   0x00000168   Code   RO         5853    i.xQueueReceive     queue.o
    0x0800de10   0x0800de10   0x0000008c   Code   RO         6274    i.xTaskCheckForTimeOut  tasks.o
    0x0800de9c   0x0800de9c   0x00000064   Code   RO         6275    i.xTaskCreate       tasks.o
    0x0800df00   0x0800df00   0x000000ba   Code   RO         6276    i.xTaskCreateStatic  tasks.o
    0x0800dfba   0x0800dfba   0x00000002   PAD
    0x0800dfbc   0x0800dfbc   0x00000020   Code   RO         6280    i.xTaskGetSchedulerState  tasks.o
    0x0800dfdc   0x0800dfdc   0x0000000c   Code   RO         6281    i.xTaskGetTickCount  tasks.o
    0x0800dfe8   0x0800dfe8   0x00000144   Code   RO         6283    i.xTaskIncrementTick  tasks.o
    0x0800e12c   0x0800e12c   0x000000a4   Code   RO         6286    i.xTaskPriorityDisinherit  tasks.o
    0x0800e1d0   0x0800e1d0   0x00000098   Code   RO         6288    i.xTaskRemoveFromEventList  tasks.o
    0x0800e268   0x0800e268   0x00000104   Code   RO         6289    i.xTaskResumeAll    tasks.o
    0x0800e36c   0x0800e36c   0x00000078   Code   RO         6625    i.xTimerCreateTimerTask  timers.o
    0x0800e3e4   0x0800e3e4   0x00000084   Code   RO         6626    i.xTimerGenericCommand  timers.o
    0x0800e468   0x0800e468   0x0000006c   Data   RO          288    .constdata          freertos.o
    0x0800e4d4   0x0800e4d4   0x00000008   Data   RO         2789    .constdata          stm32h7xx_hal_dma.o
    0x0800e4dc   0x0800e4dc   0x0000005c   Data   RO         4513    .constdata          stm32h7xx_hal_fdcan.o
    0x0800e538   0x0800e538   0x00000018   Data   RO         5101    .constdata          stm32h7xx_hal_uart.o
    0x0800e550   0x0800e550   0x00000010   Data   RO         5472    .constdata          stm32h7xx_hal_uart_ex.o
    0x0800e560   0x0800e560   0x00000010   Data   RO         5582    .constdata          system_stm32h7xx.o
    0x0800e570   0x0800e570   0x00000008   Data   RO         8489    .constdata          policy.o
    0x0800e578   0x0800e578   0x00000021   Data   RO          289    .conststring        freertos.o
    0x0800e599   0x0800e599   0x00000003   PAD
    0x0800e59c   0x0800e59c   0x00000020   Data   RO         8753    Region$$Table       anon$$obj.o


    Execution Region RW_IRAM1 (Exec base: 0x20000000, Load base: 0x0800e5bc, Size: 0x00000000, Max: 0x00020000, ABSOLUTE)

    **** No section assigned to this execution region ****


    Execution Region RW_IRAM2 (Exec base: 0x24000000, Load base: 0x0800e5bc, Size: 0x00007188, Max: 0x00050000, ABSOLUTE, COMPRESSED[0x0000005c])

    Exec Addr    Load Addr    Size         Type   Attr      Idx    E Section Name        Object

    0x24000000   COMPRESSED   0x0000000c   Data   RW          290    .data               freertos.o
    0x2400000c   COMPRESSED   0x00000004   Data   RW          479    .data               fdcan.o
    0x24000010   COMPRESSED   0x00000009   Data   RW         3521    .data               stm32h7xx_hal.o
    0x24000019   COMPRESSED   0x00000003   PAD
    0x2400001c   COMPRESSED   0x00000008   Data   RW         5583    .data               system_stm32h7xx.o
    0x24000024   COMPRESSED   0x0000003c   Data   RW         6292    .data               tasks.o
    0x24000060   COMPRESSED   0x00000014   Data   RW         6634    .data               timers.o
    0x24000074   COMPRESSED   0x00000004   Data   RW         6871    .data               cmsis_os2.o
    0x24000078   COMPRESSED   0x00000020   Data   RW         7337    .data               heap_4.o
    0x24000098   COMPRESSED   0x0000000c   Data   RW         7393    .data               port.o
    0x240000a4   COMPRESSED   0x00000005   Data   RW         7522    .data               bsp_uart.o
    0x240000a9   COMPRESSED   0x00000003   PAD
    0x240000ac   COMPRESSED   0x0000000c   Data   RW         7565    .data               dji_motor.o
    0x240000b8   COMPRESSED   0x0000000c   Data   RW         7644    .data               dm_motor.o
    0x240000c4   COMPRESSED   0x00000074   Data   RW         7739    .data               chassis.o
    0x24000138   COMPRESSED   0x00000020   Data   RW         7926    .data               weapon.o
    0x24000158   COMPRESSED   0x00000006   Data   RW         7969    .data               timer.o
    0x2400015e   COMPRESSED   0x00000008   Data   RW         8006    .data               cowork.o
    0x24000166   COMPRESSED   0x00000028   Data   RW         8190    .data               remote_control.o
    0x2400018e   COMPRESSED   0x00000002   PAD
    0x24000190   COMPRESSED   0x00000048   Data   RW         8381    .data               motor_control.o
    0x240001d8   COMPRESSED   0x00000028   Data   RW         8490    .data               policy.o
    0x24000200   COMPRESSED   0x00000004   Data   RW         8730    .data               mc_w.l(errno.o)
    0x24000204        -       0x000001e0   Zero   RW          478    .bss                fdcan.o
    0x240003e4        -       0x000000e4   Zero   RW          534    .bss                tim.o
    0x240004c8        -       0x000002ac   Zero   RW          593    .bss                usart.o
    0x24000774        -       0x0000004c   Zero   RW          828    .bss                stm32h7xx_hal_timebase_tim.o
    0x240007c0        -       0x00000040   Zero   RW         5857    .bss                queue.o
    0x24000800        -       0x000004c4   Zero   RW         6291    .bss                tasks.o
    0x24000cc4        -       0x00000118   Zero   RW         6633    .bss                timers.o
    0x24000ddc        -       0x000006b8   Zero   RW         6870    .bss                cmsis_os2.o
    0x24001494        -       0x00003c00   Zero   RW         7336    .bss                heap_4.o
    0x24005094        -       0x00000009   Zero   RW         7521    .bss                bsp_uart.o
    0x2400509d   COMPRESSED   0x00000003   PAD
    0x240050a0        -       0x00000b6c   Zero   RW         7738    .bss                chassis.o
    0x24005c0c        -       0x0000048c   Zero   RW         7792    .bss                kfs.o
    0x24006098        -       0x00000288   Zero   RW         7839    .bss                lift.o
    0x24006320        -       0x00000308   Zero   RW         7925    .bss                weapon.o
    0x24006628        -       0x00000040   Zero   RW         8189    .bss                remote_control.o
    0x24006668        -       0x0000071c   Zero   RW         8488    .bss                policy.o
    0x24006d84   COMPRESSED   0x00000004   PAD
    0x24006d88        -       0x00000400   Zero   RW            1    STACK               startup_stm32h723xx.o


==============================================================================

Image component sizes


      Code (inc. data)   RO Data    RW Data    ZI Data      Debug   Object Name

         2          0          0          0          0        455   auto_mode.o
       656        104          0          0          0       2147   bsp_can.o
       624         52          0          5          9       2770   bsp_uart.o
      1224        166          0          0          0       2484   can_task.o
      2196        214          0        116       2924       7618   chassis.o
       430         38          0          4       1720      70931   cmsis_os2.o
       322         36          0          8          0       2656   cowork.o
         0          0          0          0          0       7048   croutine.o
       608         18          0         12          0       7988   dji_motor.o
      1824        108          0         12          0       8156   dm_motor.o
        68          4          0          0          0    1211239   dma.o
         0          0          0          0          0      19408   event_groups.o
       920         56          0          4        480       3529   fdcan.o
        94         38        141         12          0       2059   freertos.o
        38          0          0          0          0       2911   global.o
       328         16          0          0          0       1231   gpio.o
       724         74          0         32      15360       4983   heap_4.o
         0          0          0          0       1164       3275   kfs.o
         0          0          0          0        648       3161   lift.o
       148          0          0          0          0       3686   list.o
       498         30          0          0          0    1217596   main.o
       134         20          0          0          0       2147   motor.o
         0          0          0         72          0       1103   motor_control.o
       774         20          0          0          0       8236   pid.o
      1784        114          8         40       1820       9668   policy.o
      1014         92          0         12          0      11801   port.o
      1922         20          0          0         64      17520   queue.o
      1080        148          0          0          0       2716   register.o
       962         30          0         40         64       7112   remote_control.o
        44         12        716          0       1024        844   startup_stm32h723xx.o
       172         34          0          9          0      23050   stm32h7xx_hal.o
       458         40          0          0          0      41536   stm32h7xx_hal_cortex.o
      8650        164          8          0          0      13442   stm32h7xx_hal_dma.o
      3584         54         92          0          0      23340   stm32h7xx_hal_fdcan.o
       508         50          0          0          0       2240   stm32h7xx_hal_gpio.o
        48          6          0          0          0        942   stm32h7xx_hal_msp.o
        96          6          0          0          0        773   stm32h7xx_hal_pwr_ex.o
      3496        120          0          0          0       7613   stm32h7xx_hal_rcc.o
      5140        112          0          0          0       7357   stm32h7xx_hal_rcc_ex.o
      3352        344          0          0          0      19085   stm32h7xx_hal_tim.o
       234         38          0          0          0       3308   stm32h7xx_hal_tim_ex.o
       148         20          0          0         76       1607   stm32h7xx_hal_timebase_tim.o
      4598        170         24          0          0      37508   stm32h7xx_hal_uart.o
       360         10         16          0          0       5566   stm32h7xx_hal_uart_ex.o
       282         60          0          0          0      13110   stm32h7xx_it.o
         0          0          0          0          0        392   stream_buffer.o
       230         26          0          0          0       3535   structure.o
       304         38         16          8          0       1897   system_stm32h7xx.o
      2808        346          0         60       1220      27570   tasks.o
       684         44          0          0        228       4002   tim.o
         0          0          0          6          0       1016   timer.o
      1318        124          0         20        280      32979   timers.o
       984         70          0          0        684       3602   usart.o
         0          0          0         32        776       2866   weapon.o

    ----------------------------------------------------------------------
     55922       3286       1056        512      28548    2924814   Object Totals
         0          0         32          0          0          0   (incl. Generated)
        50          0          3          8          7          0   (incl. Padding)

    ----------------------------------------------------------------------

      Code (inc. data)   RO Data    RW Data    ZI Data      Debug   Library Member Name

       692         98          0          0          0        208   atan2f.o
        24         14          0          0          0        116   dunder.o
       252          6          0          0          0        144   fmod.o
        38          0          0          0          0        116   fpclassifyf.o
        22          6          0          0          0        232   funder.o
        58          0          0          0          0        136   sqrtf.o
        86          0          0          0          0          0   __dczerorl2.o
         0          0          0          0          0          0   entry.o
         0          0          0          0          0          0   entry10a.o
         0          0          0          0          0          0   entry11a.o
         4          0          0          0          0          0   entry12b.o
         8          4          0          0          0          0   entry2.o
         4          0          0          0          0          0   entry5.o
         0          0          0          0          0          0   entry7b.o
         0          0          0          0          0          0   entry8b.o
         8          4          0          0          0          0   entry9a.o
        12          6          0          4          0         68   errno.o
        30          0          0          0          0          0   handlers.o
        36          8          0          0          0         68   init.o
         0          0          0          0          0          0   iusefp.o
        30          0          0          0          0         68   llshl.o
        32          0          0          0          0         68   llushr.o
        36          0          0          0          0         68   memcpya.o
        36          0          0          0          0        108   memseta.o
        98          0          0          0          0         92   uldiv.o
       186          0          0          0          0        176   depilogue.o
       134          0          0          0          0         96   drem.o

    ----------------------------------------------------------------------
      1834        146          0          4          0       1764   Library Totals
         8          0          0          0          0          0   (incl. Padding)

    ----------------------------------------------------------------------

      Code (inc. data)   RO Data    RW Data    ZI Data      Debug   Library Name

      1086        124          0          0          0        952   m_wv.l
       420         22          0          4          0        540   mc_w.l
       320          0          0          0          0        272   mf_w.l

    ----------------------------------------------------------------------
      1834        146          0          4          0       1764   Library Totals

    ----------------------------------------------------------------------

==============================================================================


      Code (inc. data)   RO Data    RW Data    ZI Data      Debug   

     57756       3432       1056        516      28548    2896350   Grand Totals
     57756       3432       1056         92      28548    2896350   ELF Image Totals (compressed)
     57756       3432       1056         92          0          0   ROM Totals

==============================================================================

    Total RO  Size (Code + RO Data)                58812 (  57.43kB)
    Total RW  Size (RW Data + ZI Data)             29064 (  28.38kB)
    Total ROM Size (Code + RO Data + RW Data)      58904 (  57.52kB)

==============================================================================

