Component: ARM Compiler 5.06 update 6 (build 750) Tool: armlink [4d35ed]

==============================================================================

Section Cross References

    startup_stm32h723xx.o(RESET) refers to startup_stm32h723xx.o(STACK) for __initial_sp
    startup_stm32h723xx.o(RESET) refers to startup_stm32h723xx.o(.text) for Reset_Handler
    startup_stm32h723xx.o(RESET) refers to stm32h7xx_it.o(i.NMI_Handler) for NMI_Handler
    startup_stm32h723xx.o(RESET) refers to stm32h7xx_it.o(i.HardFault_Handler) for HardFault_Handler
    startup_stm32h723xx.o(RESET) refers to stm32h7xx_it.o(i.MemManage_Handler) for MemManage_Handler
    startup_stm32h723xx.o(RESET) refers to stm32h7xx_it.o(i.BusFault_Handler) for BusFault_Handler
    startup_stm32h723xx.o(RESET) refers to stm32h7xx_it.o(i.UsageFault_Handler) for UsageFault_Handler
    startup_stm32h723xx.o(RESET) refers to port.o(.emb_text) for SVC_Handler
    startup_stm32h723xx.o(RESET) refers to stm32h7xx_it.o(i.DebugMon_Handler) for DebugMon_Handler
    startup_stm32h723xx.o(RESET) refers to cmsis_os2.o(i.SysTick_Handler) for SysTick_Handler
    startup_stm32h723xx.o(RESET) refers to stm32h7xx_it.o(i.DMA1_Stream0_IRQHandler) for DMA1_Stream0_IRQHandler
    startup_stm32h723xx.o(RESET) refers to stm32h7xx_it.o(i.DMA1_Stream2_IRQHandler) for DMA1_Stream2_IRQHandler
    startup_stm32h723xx.o(RESET) refers to stm32h7xx_it.o(i.FDCAN1_IT0_IRQHandler) for FDCAN1_IT0_IRQHandler
    startup_stm32h723xx.o(RESET) refers to stm32h7xx_it.o(i.FDCAN2_IT0_IRQHandler) for FDCAN2_IT0_IRQHandler
    startup_stm32h723xx.o(RESET) refers to stm32h7xx_it.o(i.TIM4_IRQHandler) for TIM4_IRQHandler
    startup_stm32h723xx.o(RESET) refers to stm32h7xx_it.o(i.USART1_IRQHandler) for USART1_IRQHandler
    startup_stm32h723xx.o(RESET) refers to stm32h7xx_it.o(i.USART2_IRQHandler) for USART2_IRQHandler
    startup_stm32h723xx.o(RESET) refers to stm32h7xx_it.o(i.USART3_IRQHandler) for USART3_IRQHandler
    startup_stm32h723xx.o(RESET) refers to stm32h7xx_it.o(i.TIM8_UP_TIM13_IRQHandler) for TIM8_UP_TIM13_IRQHandler
    startup_stm32h723xx.o(RESET) refers to stm32h7xx_it.o(i.OTG_HS_IRQHandler) for OTG_HS_IRQHandler
    startup_stm32h723xx.o(RESET) refers to stm32h7xx_it.o(i.UART7_IRQHandler) for UART7_IRQHandler
    startup_stm32h723xx.o(RESET) refers to stm32h7xx_it.o(i.UART9_IRQHandler) for UART9_IRQHandler
    startup_stm32h723xx.o(RESET) refers to stm32h7xx_it.o(i.USART10_IRQHandler) for USART10_IRQHandler
    startup_stm32h723xx.o(RESET) refers to stm32h7xx_it.o(i.FDCAN3_IT0_IRQHandler) for FDCAN3_IT0_IRQHandler
    startup_stm32h723xx.o(.text) refers to system_stm32h7xx.o(i.ExitRun0Mode) for ExitRun0Mode
    startup_stm32h723xx.o(.text) refers to system_stm32h7xx.o(i.SystemInit) for SystemInit
    startup_stm32h723xx.o(.text) refers to entry.o(.ARM.Collect$$$$00000000) for __main
    main.o(i.HAL_TIM_PeriodElapsedCallback) refers to stm32h7xx_hal.o(i.HAL_IncTick) for HAL_IncTick
    main.o(i.MPU_Config) refers to stm32h7xx_hal_cortex.o(i.HAL_MPU_Disable) for HAL_MPU_Disable
    main.o(i.MPU_Config) refers to stm32h7xx_hal_cortex.o(i.HAL_MPU_ConfigRegion) for HAL_MPU_ConfigRegion
    main.o(i.MPU_Config) refers to stm32h7xx_hal_cortex.o(i.HAL_MPU_Enable) for HAL_MPU_Enable
    main.o(i.SystemClock_Config) refers to memseta.o(.text) for __aeabi_memclr4
    main.o(i.SystemClock_Config) refers to stm32h7xx_hal_pwr_ex.o(i.HAL_PWREx_ConfigSupply) for HAL_PWREx_ConfigSupply
    main.o(i.SystemClock_Config) refers to stm32h7xx_hal_rcc.o(i.HAL_RCC_OscConfig) for HAL_RCC_OscConfig
    main.o(i.SystemClock_Config) refers to main.o(i.Error_Handler) for Error_Handler
    main.o(i.SystemClock_Config) refers to stm32h7xx_hal_rcc.o(i.HAL_RCC_ClockConfig) for HAL_RCC_ClockConfig
    main.o(i.main) refers to main.o(i.MPU_Config) for MPU_Config
    main.o(i.main) refers to stm32h7xx_hal.o(i.HAL_Init) for HAL_Init
    main.o(i.main) refers to main.o(i.SystemClock_Config) for SystemClock_Config
    main.o(i.main) refers to gpio.o(i.MX_GPIO_Init) for MX_GPIO_Init
    main.o(i.main) refers to dma.o(i.MX_DMA_Init) for MX_DMA_Init
    main.o(i.main) refers to tim.o(i.MX_TIM2_Init) for MX_TIM2_Init
    main.o(i.main) refers to tim.o(i.MX_TIM4_Init) for MX_TIM4_Init
    main.o(i.main) refers to usart.o(i.MX_UART7_Init) for MX_UART7_Init
    main.o(i.main) refers to fdcan.o(i.MX_FDCAN1_Init) for MX_FDCAN1_Init
    main.o(i.main) refers to fdcan.o(i.MX_FDCAN2_Init) for MX_FDCAN2_Init
    main.o(i.main) refers to fdcan.o(i.MX_FDCAN3_Init) for MX_FDCAN3_Init
    main.o(i.main) refers to usart.o(i.MX_USART10_UART_Init) for MX_USART10_UART_Init
    main.o(i.main) refers to usart.o(i.MX_UART9_Init) for MX_UART9_Init
    main.o(i.main) refers to usart.o(i.MX_USART2_UART_Init) for MX_USART2_UART_Init
    main.o(i.main) refers to usart.o(i.MX_USART1_UART_Init) for MX_USART1_UART_Init
    main.o(i.main) refers to usart.o(i.MX_USART3_UART_Init) for MX_USART3_UART_Init
[...]
    0x08006940   0x08006940   0x0000004e   Code   RO         2123    i.HAL_PCDEx_SetTxFiFo  stm32h7xx_hal_pcd_ex.o
    0x0800698e   0x0800698e   0x0000000e   Code   RO        10065    i.HAL_PCD_ConnectCallback  usbd_conf.o
    0x0800699c   0x0800699c   0x00000020   Code   RO        10066    i.HAL_PCD_DataInStageCallback  usbd_conf.o
    0x080069bc   0x080069bc   0x00000020   Code   RO        10067    i.HAL_PCD_DataOutStageCallback  usbd_conf.o
    0x080069dc   0x080069dc   0x0000000e   Code   RO        10068    i.HAL_PCD_DisconnectCallback  usbd_conf.o
    0x080069ea   0x080069ea   0x00000042   Code   RO         1887    i.HAL_PCD_EP_Abort  stm32h7xx_hal_pcd.o
    0x08006a2c   0x08006a2c   0x0000006a   Code   RO         1888    i.HAL_PCD_EP_Close  stm32h7xx_hal_pcd.o
    0x08006a96   0x08006a96   0x0000007c   Code   RO         1889    i.HAL_PCD_EP_ClrStall  stm32h7xx_hal_pcd.o
    0x08006b12   0x08006b12   0x00000016   Code   RO         1891    i.HAL_PCD_EP_GetRxCount  stm32h7xx_hal_pcd.o
    0x08006b28   0x08006b28   0x0000008e   Code   RO         1892    i.HAL_PCD_EP_Open   stm32h7xx_hal_pcd.o
    0x08006bb6   0x08006bb6   0x00000046   Code   RO         1893    i.HAL_PCD_EP_Receive  stm32h7xx_hal_pcd.o
    0x08006bfc   0x08006bfc   0x0000008a   Code   RO         1894    i.HAL_PCD_EP_SetStall  stm32h7xx_hal_pcd.o
    0x08006c86   0x08006c86   0x00000048   Code   RO         1895    i.HAL_PCD_EP_Transmit  stm32h7xx_hal_pcd.o
    0x08006cce   0x08006cce   0x00000736   Code   RO         1897    i.HAL_PCD_IRQHandler  stm32h7xx_hal_pcd.o
    0x08007404   0x08007404   0x00000012   Code   RO        10069    i.HAL_PCD_ISOINIncompleteCallback  usbd_conf.o
    0x08007416   0x08007416   0x00000012   Code   RO        10070    i.HAL_PCD_ISOOUTIncompleteCallback  usbd_conf.o
    0x08007428   0x08007428   0x0000015e   Code   RO         1900    i.HAL_PCD_Init      stm32h7xx_hal_pcd.o
    0x08007586   0x08007586   0x00000002   PAD
    0x08007588   0x08007588   0x0000008c   Code   RO        10072    i.HAL_PCD_MspInit   usbd_conf.o
    0x08007614   0x08007614   0x00000030   Code   RO        10073    i.HAL_PCD_ResetCallback  usbd_conf.o
    0x08007644   0x08007644   0x0000000e   Code   RO        10074    i.HAL_PCD_ResumeCallback  usbd_conf.o
    0x08007652   0x08007652   0x0000000e   Code   RO        10075    i.HAL_PCD_SOFCallback  usbd_conf.o
    0x08007660   0x08007660   0x00000034   Code   RO         1906    i.HAL_PCD_SetAddress  stm32h7xx_hal_pcd.o
    0x08007694   0x08007694   0x00000012   Code   RO        10076    i.HAL_PCD_SetupStageCallback  usbd_conf.o
    0x080076a6   0x080076a6   0x0000004c   Code   RO         1909    i.HAL_PCD_Start     stm32h7xx_hal_pcd.o
    0x080076f2   0x080076f2   0x00000002   PAD
    0x080076f4   0x080076f4   0x00000034   Code   RO        10077    i.HAL_PCD_SuspendCallback  usbd_conf.o
    0x08007728   0x08007728   0x00000060   Code   RO         3648    i.HAL_PWREx_ConfigSupply  stm32h7xx_hal_pwr_ex.o
    0x08007788   0x08007788   0x00000014   Code   RO         3665    i.HAL_PWREx_EnableUSBVoltageDetector  stm32h7xx_hal_pwr_ex.o
    0x0800779c   0x0800779c   0x00000024   Code   RO         2590    i.HAL_RCCEx_GetD3PCLK1Freq  stm32h7xx_hal_rcc_ex.o
    0x080077c0   0x080077c0   0x00000230   Code   RO         2592    i.HAL_RCCEx_GetPLL2ClockFreq  stm32h7xx_hal_rcc_ex.o
    0x080079f0   0x080079f0   0x00000230   Code   RO         2593    i.HAL_RCCEx_GetPLL3ClockFreq  stm32h7xx_hal_rcc_ex.o
    0x08007c20   0x08007c20   0x00000cc8   Code   RO         2599    i.HAL_RCCEx_PeriphCLKConfig  stm32h7xx_hal_rcc_ex.o
    0x080088e8   0x080088e8   0x00000320   Code   RO         2475    i.HAL_RCC_ClockConfig  stm32h7xx_hal_rcc.o
    0x08008c08   0x08008c08   0x0000006c   Code   RO         2479    i.HAL_RCC_GetClockConfig  stm32h7xx_hal_rcc.o
    0x08008c74   0x08008c74   0x0000004c   Code   RO         2480    i.HAL_RCC_GetHCLKFreq  stm32h7xx_hal_rcc.o
    0x08008cc0   0x08008cc0   0x00000024   Code   RO         2482    i.HAL_RCC_GetPCLK1Freq  stm32h7xx_hal_rcc.o
    0x08008ce4   0x08008ce4   0x00000024   Code   RO         2483    i.HAL_RCC_GetPCLK2Freq  stm32h7xx_hal_rcc.o
    0x08008d08   0x08008d08   0x0000022c   Code   RO         2484    i.HAL_RCC_GetSysClockFreq  stm32h7xx_hal_rcc.o
    0x08008f34   0x08008f34   0x0000075c   Code   RO         2487    i.HAL_RCC_OscConfig  stm32h7xx_hal_rcc.o
    0x08009690   0x08009690   0x00000098   Code   RO         6035    i.HAL_RS485Ex_Init  stm32h7xx_hal_uart_ex.o
    0x08009728   0x08009728   0x00000002   Code   RO         1575    i.HAL_TIMEx_Break2Callback  stm32h7xx_hal_tim_ex.o
    0x0800972a   0x0800972a   0x00000002   Code   RO         1576    i.HAL_TIMEx_BreakCallback  stm32h7xx_hal_tim_ex.o
    0x0800972c   0x0800972c   0x00000002   Code   RO         1577    i.HAL_TIMEx_CommutCallback  stm32h7xx_hal_tim_ex.o
    0x0800972e   0x0800972e   0x00000002   PAD
    0x08009730   0x08009730   0x000000e4   Code   RO         1598    i.HAL_TIMEx_MasterConfigSynchronization  stm32h7xx_hal_tim_ex.o
    0x08009814   0x08009814   0x0000006e   Code   RO          850    i.HAL_TIM_Base_Init  stm32h7xx_hal_tim.o
    0x08009882   0x08009882   0x00000002   PAD
    0x08009884   0x08009884   0x00000044   Code   RO          502    i.HAL_TIM_Base_MspInit  tim.o
    0x080098c8   0x080098c8   0x000000c0   Code   RO          853    i.HAL_TIM_Base_Start  stm32h7xx_hal_tim.o
    0x08009988   0x08009988   0x000000cc   Code   RO          855    i.HAL_TIM_Base_Start_IT  stm32h7xx_hal_tim.o
    0x08009a54   0x08009a54   0x00000134   Code   RO          859    i.HAL_TIM_ConfigClockSource  stm32h7xx_hal_tim.o
    0x08009b88   0x08009b88   0x00000002   Code   RO          884    i.HAL_TIM_IC_CaptureCallback  stm32h7xx_hal_tim.o
    0x08009b8a   0x08009b8a   0x00000198   Code   RO          898    i.HAL_TIM_IRQHandler  stm32h7xx_hal_tim.o
    0x08009d22   0x08009d22   0x00000002   PAD
    0x08009d24   0x08009d24   0x00000058   Code   RO          503    i.HAL_TIM_MspPostInit  tim.o
    0x08009d7c   0x08009d7c   0x00000002   Code   RO          901    i.HAL_TIM_OC_DelayElapsedCallback  stm32h7xx_hal_tim.o
    0x08009d7e   0x08009d7e   0x00000170   Code   RO          922    i.HAL_TIM_PWM_ConfigChannel  stm32h7xx_hal_tim.o
    0x08009eee   0x08009eee   0x0000006e   Code   RO          925    i.HAL_TIM_PWM_Init  stm32h7xx_hal_tim.o
    0x08009f5c   0x08009f5c   0x0000002c   Code   RO          505    i.HAL_TIM_PWM_MspInit  tim.o
    0x08009f88   0x08009f88   0x00000002   Code   RO          928    i.HAL_TIM_PWM_PulseFinishedCallback  stm32h7xx_hal_tim.o
    0x08009f8a   0x08009f8a   0x00000002   PAD
    0x08009f8c   0x08009f8c   0x0000017c   Code   RO          930    i.HAL_TIM_PWM_Start  stm32h7xx_hal_tim.o
    0x0800a108   0x0800a108   0x00000018   Code   RO           14    i.HAL_TIM_PeriodElapsedCallback  main.o
    0x0800a120   0x0800a120   0x00000002   Code   RO          941    i.HAL_TIM_TriggerCallback  stm32h7xx_hal_tim.o
    0x0800a122   0x0800a122   0x0000004e   Code   RO         6036    i.HAL_UARTEx_DisableFifoMode  stm32h7xx_hal_uart_ex.o
    0x0800a170   0x0800a170   0x00000060   Code   RO         6043    i.HAL_UARTEx_ReceiveToIdle_IT  stm32h7xx_hal_uart_ex.o
    0x0800a1d0   0x0800a1d0   0x000005d0   Code   RO         8165    i.HAL_UARTEx_RxEventCallback  bsp_uart.o
    0x0800a7a0   0x0800a7a0   0x00000002   Code   RO         6044    i.HAL_UARTEx_RxFifoFullCallback  stm32h7xx_hal_uart_ex.o
    0x0800a7a2   0x0800a7a2   0x0000005e   Code   RO         6045    i.HAL_UARTEx_SetRxFifoThreshold  stm32h7xx_hal_uart_ex.o
    0x0800a800   0x0800a800   0x0000005e   Code   RO         6046    i.HAL_UARTEx_SetTxFifoThreshold  stm32h7xx_hal_uart_ex.o
    0x0800a85e   0x0800a85e   0x00000002   Code   RO         6048    i.HAL_UARTEx_TxFifoEmptyCallback  stm32h7xx_hal_uart_ex.o
    0x0800a860   0x0800a860   0x00000002   Code   RO         6049    i.HAL_UARTEx_WakeupCallback  stm32h7xx_hal_uart_ex.o
    0x0800a862   0x0800a862   0x00000002   PAD
    0x0800a864   0x0800a864   0x000000dc   Code   RO         5623    i.HAL_UART_AbortReceive  stm32h7xx_hal_uart.o
    0x0800a940   0x0800a940   0x00000040   Code   RO         8166    i.HAL_UART_ErrorCallback  bsp_uart.o
    0x0800a980   0x0800a980   0x000004b6   Code   RO         5639    i.HAL_UART_IRQHandler  stm32h7xx_hal_uart.o
    0x0800ae36   0x0800ae36   0x00000078   Code   RO         5640    i.HAL_UART_Init     stm32h7xx_hal_uart.o
    0x0800aeae   0x0800aeae   0x00000002   PAD
    0x0800aeb0   0x0800aeb0   0x0000043c   Code   RO          568    i.HAL_UART_MspInit  usart.o
    0x0800b2ec   0x0800b2ec   0x00000120   Code   RO         5643    i.HAL_UART_Receive  stm32h7xx_hal_uart.o
    0x0800b40c   0x0800b40c   0x0000005c   Code   RO         5645    i.HAL_UART_Receive_IT  stm32h7xx_hal_uart.o
    0x0800b468   0x0800b468   0x0000006c   Code   RO         9510    i.HAL_UART_RxCpltCallback  r1_uart_rx_dispatch.o
    0x0800b4d4   0x0800b4d4   0x000000d4   Code   RO         5649    i.HAL_UART_Transmit  stm32h7xx_hal_uart.o
    0x0800b5a8   0x0800b5a8   0x00000002   Code   RO         5652    i.HAL_UART_TxCpltCallback  stm32h7xx_hal_uart.o
    0x0800b5aa   0x0800b5aa   0x00000004   Code   RO          646    i.HardFault_Handler  stm32h7xx_it.o
    0x0800b5ae   0x0800b5ae   0x00000002   PAD
    0x0800b5b0   0x0800b5b0   0x0000005c   Code   RO        11456    i.IMU_HI14_PowerOnInit  imu.o
    0x0800b60c   0x0800b60c   0x000001fc   Code   RO        11457    i.IMU_ParseFrameIfReady  imu.o
    0x0800b808   0x0800b808   0x00000014   Code   RO        11458    i.IMU_RequestAndStartRx  imu.o
    0x0800b81c   0x0800b81c   0x00000032   Code   RO         7414    i.IRQ_Context       cmsis_os2.o
    0x0800b84e   0x0800b84e   0x0000003e   Code   RO         9899    i.IntToUnicode      usbd_desc.o
    0x0800b88c   0x0800b88c   0x00000104   Code   RO         9773    i.Kfs_Init          register.o
    0x0800b990   0x0800b990   0x00000008   Code   RO        11345    i.Laser_ClearSuddenIncrease  sensor.o
    0x0800b998   0x0800b998   0x00000014   Code   RO        11347    i.Laser_GetSuddenIncrease  sensor.o
    0x0800b9ac   0x0800b9ac   0x000000b0   Code   RO        11348    i.Laser_Init        sensor.o
    0x0800ba5c   0x0800ba5c   0x00000024   Code   RO        11349    i.Laser_UART7_OnRxByte  sensor.o
    0x0800ba80   0x0800ba80   0x00000084   Code   RO        11350    i.Laser_UART7_RxIrqSanityCheck  sensor.o
    0x0800bb04   0x0800bb04   0x000000bc   Code   RO         9774    i.Lift_Init         register.o
    0x0800bbc0   0x0800bbc0   0x00000056   Code   RO           15    i.MPU_Config        main.o
    0x0800bc16   0x0800bc16   0x00000002   PAD
    0x0800bc18   0x0800bc18   0x00000044   Code   RO          422    i.MX_DMA_Init       dma.o
    0x0800bc5c   0x0800bc5c   0x00000088   Code   RO          448    i.MX_FDCAN1_Init    fdcan.o
    0x0800bce4   0x0800bce4   0x00000088   Code   RO          449    i.MX_FDCAN2_Init    fdcan.o
    0x0800bd6c   0x0800bd6c   0x00000088   Code   RO          450    i.MX_FDCAN3_Init    fdcan.o
    0x0800bdf4   0x0800bdf4   0x0000006c   Code   RO          356    i.MX_FREERTOS_Init  freertos.o
    0x0800be60   0x0800be60   0x00000168   Code   RO          331    i.MX_GPIO_Init      gpio.o
    0x0800bfc8   0x0800bfc8   0x0000008c   Code   RO          506    i.MX_TIM2_Init      tim.o
    0x0800c054   0x0800c054   0x00000080   Code   RO          507    i.MX_TIM4_Init      tim.o
    0x0800c0d4   0x0800c0d4   0x0000006c   Code   RO          569    i.MX_UART7_Init     usart.o
    0x0800c140   0x0800c140   0x00000078   Code   RO          570    i.MX_UART9_Init     usart.o
    0x0800c1b8   0x0800c1b8   0x0000006c   Code   RO          571    i.MX_USART10_UART_Init  usart.o
    0x0800c224   0x0800c224   0x0000006c   Code   RO          572    i.MX_USART1_UART_Init  usart.o
    0x0800c290   0x0800c290   0x00000070   Code   RO          573    i.MX_USART2_UART_Init  usart.o
    0x0800c300   0x0800c300   0x0000006c   Code   RO          574    i.MX_USART3_UART_Init  usart.o
    0x0800c36c   0x0800c36c   0x00000050   Code   RO         9863    i.MX_USB_DEVICE_Init  usb_device.o
    0x0800c3bc   0x0800c3bc   0x00000004   Code   RO          647    i.MemManage_Handler  stm32h7xx_it.o
    0x0800c3c0   0x0800c3c0   0x000001e0   Code   RO         8853    i.Motion_Task       motion_task.o
    0x0800c5a0   0x0800c5a0   0x00000070   Code   RO         8238    i.MotorModule_Create  motor.o
    0x0800c610   0x0800c610   0x00000012   Code   RO         8239    i.MotorModule_Init  motor.o
    0x0800c622   0x0800c622   0x00000004   Code   RO         8240    i.MotorModule_Run   motor.o
    0x0800c626   0x0800c626   0x00000002   PAD
    0x0800c628   0x0800c628   0x00000094   Code   RO         8241    i.Motor_OverTempProtect_Update  motor.o
    0x0800c6bc   0x0800c6bc   0x0000000c   Code   RO         8242    i.Motor_OverTemp_SimpleTest  motor.o
    0x0800c6c8   0x0800c6c8   0x00000094   Code   RO         8339    i.Motor_PID_Calculate  dji_motor.o
    0x0800c75c   0x0800c75c   0x00000004   Code   RO          648    i.NMI_Handler       stm32h7xx_it.o
    0x0800c760   0x0800c760   0x00000010   Code   RO          649    i.OTG_HS_IRQHandler  stm32h7xx_it.o
    0x0800c770   0x0800c770   0x00000064   Code   RO         1912    i.PCD_EP_OutSetupPacket_int  stm32h7xx_hal_pcd.o
    0x0800c7d4   0x0800c7d4   0x00000144   Code   RO         1913    i.PCD_EP_OutXfrComplete_int  stm32h7xx_hal_pcd.o
    0x0800c918   0x0800c918   0x000000b6   Code   RO         1914    i.PCD_WriteEmptyTxFifo  stm32h7xx_hal_pcd.o
    0x0800c9ce   0x0800c9ce   0x00000002   PAD
    0x0800c9d0   0x0800c9d0   0x00000038   Code   RO         9823    i.PID_Calc_Clear    pid.o
    0x0800ca08   0x0800ca08   0x0000002c   Code   RO         9824    i.PID_ErrorHandle   pid.o
    0x0800ca34   0x0800ca34   0x00000030   Code   RO         9825    i.PID_Init          pid.o
    0x0800ca64   0x0800ca64   0x00000046   Code   RO         9826    i.PID_Param_Init    pid.o
    0x0800caaa   0x0800caaa   0x00000002   PAD
    0x0800caac   0x0800caac   0x000002e4   Code   RO        11176    i.Process_DownStairs  process_flow.o
    0x0800cd90   0x0800cd90   0x0000000c   Code   RO        11177    i.Process_DownStairs_IsBusy  process_flow.o
    0x0800cd9c   0x0800cd9c   0x00000060   Code   RO        11178    i.Process_Flow_ChassisOverrideCanWrite  process_flow.o
    0x0800cdfc   0x0800cdfc   0x0000000a   Code   RO        11179    i.Process_Flow_ClearChassisOverride  process_flow.o
    0x0800ce06   0x0800ce06   0x0000000e   Code   RO        11180    i.Process_Flow_ClearChassisOverrideAxes  process_flow.o
    0x0800ce14   0x0800ce14   0x000000ac   Code   RO        11181    i.Process_Flow_ClearChassisOverrideAxesByPriority  process_flow.o
    0x0800cec0   0x0800cec0   0x000000d8   Code   RO        11182    i.Process_Flow_DebugSnapshot  process_flow.o
    0x0800cf98   0x0800cf98   0x000000d0   Code   RO        11183    i.Process_Flow_ResetAll  process_flow.o
    0x0800d068   0x0800d068   0x00000080   Code   RO        11184    i.Process_Flow_SetChassisOverrideAxes  process_flow.o
    0x0800d0e8   0x0800d0e8   0x000002cc   Code   RO        11185    i.Process_GetKFS    process_flow.o
    0x0800d3b4   0x0800d3b4   0x0000000c   Code   RO        11186    i.Process_GetKFS_IsBusy  process_flow.o
    0x0800d3c0   0x0800d3c0   0x0000001c   Code   RO        11187    i.Process_GetKFS_IsChassisForwardDone  process_flow.o
    0x0800d3dc   0x0800d3dc   0x00000178   Code   RO        11188    i.Process_PutKFS    process_flow.o
    0x0800d554   0x0800d554   0x0000000c   Code   RO        11189    i.Process_PutKFS_IsBusy  process_flow.o
    0x0800d560   0x0800d560   0x000002b8   Code   RO        11190    i.Process_UpSlope   process_flow.o
    0x0800d818   0x0800d818   0x0000001c   Code   RO        11191    i.Process_UpSlope_IsBusy  process_flow.o
    0x0800d834   0x0800d834   0x00000058   Code   RO        11192    i.Process_UpSlope_Reset  process_flow.o
    0x0800d88c   0x0800d88c   0x000001b8   Code   RO        11193    i.Process_UpStairs  process_flow.o
    0x0800da44   0x0800da44   0x0000000c   Code   RO        11194    i.Process_UpStairs_IsBusy  process_flow.o
    0x0800da50   0x0800da50   0x00000024   Code   RO         9096    i.R1Link_ErrorRecover  r1_link.o
    0x0800da74   0x0800da74   0x0000009c   Code   RO         9102    i.R1Link_Init       r1_link.o
    0x0800db10   0x0800db10   0x00000050   Code   RO         9103    i.R1Link_OnRxByte   r1_link.o
    0x0800db60   0x0800db60   0x00000014   Code   RO         9511    i.R1UartRxDispatch_ErrorRecover  r1_uart_rx_dispatch.o
    0x0800db74   0x0800db74   0x00000034   Code   RO         9512    i.R1UartRxDispatch_Start  r1_uart_rx_dispatch.o
    0x0800dba8   0x0800dba8   0x00000010   Code   RO         9342    i.R1Usart1Link_ErrorRecover  r1_usart1_link.o
    0x0800dbb8   0x0800dbb8   0x00000040   Code   RO         9346    i.R1Usart1Link_Init  r1_usart1_link.o
    0x0800dbf8   0x0800dbf8   0x0000001c   Code   RO         9347    i.R1Usart1Link_OnRxByte  r1_usart1_link.o
    0x0800dc14   0x0800dc14   0x00000010   Code   RO         9442    i.R1Usart3Link_ErrorRecover  r1_usart3_link.o
    0x0800dc24   0x0800dc24   0x00000038   Code   RO         9446    i.R1Usart3Link_Init  r1_usart3_link.o
    0x0800dc5c   0x0800dc5c   0x0000001c   Code   RO         9447    i.R1Usart3Link_OnRxByte  r1_usart3_link.o
    0x0800dc78   0x0800dc78   0x00000164   Code   RO         2602    i.RCCEx_PLL2_Config  stm32h7xx_hal_rcc_ex.o
    0x0800dddc   0x0800dddc   0x00000164   Code   RO         2603    i.RCCEx_PLL3_Config  stm32h7xx_hal_rcc_ex.o
    0x0800df40   0x0800df40   0x00000014   Code   RO         8944    i.RemoteControl_LinkWatchdog_SimpleTest  remote_control.o
    0x0800df54   0x0800df54   0x00000028   Code   RO         8946    i.RemoteControl_Link_InGrace  remote_control.o
    0x0800df7c   0x0800df7c   0x00000050   Code   RO         8947    i.RemoteControl_Link_Init  remote_control.o
    0x0800dfcc   0x0800dfcc   0x000000e0   Code   RO         8948    i.RemoteControl_Link_OnSbusFlags  remote_control.o
    0x0800e0ac   0x0800e0ac   0x00000128   Code   RO         8949    i.SBUS_TO_RC        remote_control.o
    0x0800e1d4   0x0800e1d4   0x00000012   Code   RO        10442    i.SWAPBYTE          usbd_ctlreq.o
    0x0800e1e6   0x0800e1e6   0x00000002   PAD
    0x0800e1e8   0x0800e1e8   0x00000058   Code   RO         8896    i.Sensor_Task       sensor_task.o
    0x0800e240   0x0800e240   0x0000000a   Code   RO          359    i.StartDefaultTask  freertos.o
    0x0800e24a   0x0800e24a   0x0000002c   Code   RO         9775    i.Structue_Init     register.o
    0x0800e276   0x0800e276   0x0000006e   Code   RO        11416    i.StructureModule_AddMotor  structure.o
    0x0800e2e4   0x0800e2e4   0x00000058   Code   RO        11417    i.StructureModule_Create  structure.o
    0x0800e33c   0x0800e33c   0x00000012   Code   RO        11418    i.StructureModule_Init  structure.o
    0x0800e34e   0x0800e34e   0x0000000e   Code   RO        11419    i.StructureModule_Run  structure.o
    0x0800e35c   0x0800e35c   0x00000016   Code   RO         7418    i.SysTick_Handler   cmsis_os2.o
    0x0800e372   0x0800e372   0x00000002   PAD
    0x0800e374   0x0800e374   0x000000bc   Code   RO           16    i.SystemClock_Config  main.o
    0x0800e430   0x0800e430   0x0000010c   Code   RO         6161    i.SystemInit        system_stm32h7xx.o
    0x0800e53c   0x0800e53c   0x00000024   Code   RO          650    i.TIM4_IRQHandler   stm32h7xx_it.o
    0x0800e560   0x0800e560   0x00000010   Code   RO          651    i.TIM8_UP_TIM13_IRQHandler  stm32h7xx_it.o
    0x0800e570   0x0800e570   0x000000e8   Code   RO          943    i.TIM_Base_SetConfig  stm32h7xx_hal_tim.o
    0x0800e658   0x0800e658   0x00000022   Code   RO          944    i.TIM_CCxChannelCmd  stm32h7xx_hal_tim.o
    0x0800e67a   0x0800e67a   0x00000016   Code   RO          954    i.TIM_ETR_SetConfig  stm32h7xx_hal_tim.o
    0x0800e690   0x0800e690   0x00000018   Code   RO          955    i.TIM_ITRx_SetConfig  stm32h7xx_hal_tim.o
    0x0800e6a8   0x0800e6a8   0x000000b0   Code   RO          956    i.TIM_OC1_SetConfig  stm32h7xx_hal_tim.o
    0x0800e758   0x0800e758   0x000000b8   Code   RO          957    i.TIM_OC2_SetConfig  stm32h7xx_hal_tim.o
    0x0800e810   0x0800e810   0x000000b8   Code   RO          958    i.TIM_OC3_SetConfig  stm32h7xx_hal_tim.o
    0x0800e8c8   0x0800e8c8   0x00000074   Code   RO          959    i.TIM_OC4_SetConfig  stm32h7xx_hal_tim.o
    0x0800e93c   0x0800e93c   0x00000070   Code   RO          960    i.TIM_OC5_SetConfig  stm32h7xx_hal_tim.o
    0x0800e9ac   0x0800e9ac   0x00000070   Code   RO          961    i.TIM_OC6_SetConfig  stm32h7xx_hal_tim.o
    0x0800ea1c   0x0800ea1c   0x0000006c   Code   RO          963    i.TIM_TI1_ConfigInputStage  stm32h7xx_hal_tim.o
    0x0800ea88   0x0800ea88   0x0000006c   Code   RO          965    i.TIM_TI2_ConfigInputStage  stm32h7xx_hal_tim.o
    0x0800eaf4   0x0800eaf4   0x000000b0   Code   RO          652    i.UART7_IRQHandler  stm32h7xx_it.o
    0x0800eba4   0x0800eba4   0x00000010   Code   RO          653    i.UART9_IRQHandler  stm32h7xx_it.o
    0x0800ebb4   0x0800ebb4   0x00000058   Code   RO         6050    i.UARTEx_SetNbDataToProcess  stm32h7xx_hal_uart_ex.o
    0x0800ec0c   0x0800ec0c   0x000000f8   Code   RO         5654    i.UART_AdvFeatureConfig  stm32h7xx_hal_uart.o
    0x0800ed04   0x0800ed04   0x000000ea   Code   RO         5655    i.UART_CheckIdleState  stm32h7xx_hal_uart.o
    0x0800edee   0x0800edee   0x0000000e   Code   RO         5656    i.UART_DMAAbortOnError  stm32h7xx_hal_uart.o
    0x0800edfc   0x0800edfc   0x0000006c   Code   RO         5666    i.UART_EndRxTransfer  stm32h7xx_hal_uart.o
    0x0800ee68   0x0800ee68   0x00000030   Code   RO         5667    i.UART_EndTransmit_IT  stm32h7xx_hal_uart.o
    0x0800ee98   0x0800ee98   0x00000104   Code   RO         5669    i.UART_RxISR_16BIT  stm32h7xx_hal_uart.o
    0x0800ef9c   0x0800ef9c   0x00000200   Code   RO         5670    i.UART_RxISR_16BIT_FIFOEN  stm32h7xx_hal_uart.o
    0x0800f19c   0x0800f19c   0x00000104   Code   RO         5671    i.UART_RxISR_8BIT   stm32h7xx_hal_uart.o
    0x0800f2a0   0x0800f2a0   0x000001fc   Code   RO         5672    i.UART_RxISR_8BIT_FIFOEN  stm32h7xx_hal_uart.o
    0x0800f49c   0x0800f49c   0x00000628   Code   RO         5673    i.UART_SetConfig    stm32h7xx_hal_uart.o
    0x0800fac4   0x0800fac4   0x0000015c   Code   RO         5675    i.UART_Start_Receive_IT  stm32h7xx_hal_uart.o
    0x0800fc20   0x0800fc20   0x000000ac   Code   RO         5680    i.UART_WaitOnFlagUntilTimeout  stm32h7xx_hal_uart.o
    0x0800fccc   0x0800fccc   0x00000010   Code   RO          654    i.USART10_IRQHandler  stm32h7xx_it.o
    0x0800fcdc   0x0800fcdc   0x00000010   Code   RO          655    i.USART1_IRQHandler  stm32h7xx_it.o
    0x0800fcec   0x0800fcec   0x00000010   Code   RO          656    i.USART2_IRQHandler  stm32h7xx_it.o
    0x0800fcfc   0x0800fcfc   0x00000010   Code   RO          657    i.USART3_IRQHandler  stm32h7xx_it.o
    0x0800fd0c   0x0800fd0c   0x00000048   Code   RO         8167    i.USART_RxDMA_MultiBufferStart  bsp_uart.o
    0x0800fd54   0x0800fd54   0x000000be   Code   RO        10613    i.USBD_CDC_DataIn   usbd_cdc.o
    0x0800fe12   0x0800fe12   0x00000048   Code   RO        10614    i.USBD_CDC_DataOut  usbd_cdc.o
    0x0800fe5a   0x0800fe5a   0x00000002   PAD
    0x0800fe5c   0x0800fe5c   0x000000d4   Code   RO        10615    i.USBD_CDC_DeInit   usbd_cdc.o
    0x0800ff30   0x0800ff30   0x00000050   Code   RO        10616    i.USBD_CDC_EP0_RxReady  usbd_cdc.o
    0x0800ff80   0x0800ff80   0x00000010   Code   RO        10617    i.USBD_CDC_GetDeviceQualifierDescriptor  usbd_cdc.o
    0x0800ff90   0x0800ff90   0x00000044   Code   RO        10618    i.USBD_CDC_GetFSCfgDesc  usbd_cdc.o
    0x0800ffd4   0x0800ffd4   0x00000048   Code   RO        10619    i.USBD_CDC_GetHSCfgDesc  usbd_cdc.o
    0x0801001c   0x0801001c   0x00000044   Code   RO        10620    i.USBD_CDC_GetOtherSpeedCfgDesc  usbd_cdc.o
    0x08010060   0x08010060   0x000001a0   Code   RO        10621    i.USBD_CDC_Init     usbd_cdc.o
    0x08010200   0x08010200   0x00000050   Code   RO        10622    i.USBD_CDC_ReceivePacket  usbd_cdc.o
    0x08010250   0x08010250   0x00000018   Code   RO        10623    i.USBD_CDC_RegisterInterface  usbd_cdc.o
    0x08010268   0x08010268   0x0000001e   Code   RO        10624    i.USBD_CDC_SetRxBuffer  usbd_cdc.o
    0x08010286   0x08010286   0x00000024   Code   RO        10625    i.USBD_CDC_SetTxBuffer  usbd_cdc.o
    0x080102aa   0x080102aa   0x00000140   Code   RO        10626    i.USBD_CDC_Setup    usbd_cdc.o
    0x080103ea   0x080103ea   0x00000002   PAD
    0x080103ec   0x080103ec   0x00000058   Code   RO        10627    i.USBD_CDC_TransmitPacket  usbd_cdc.o
    0x08010444   0x08010444   0x0000001c   Code   RO        10276    i.USBD_ClrClassConfig  usbd_core.o
    0x08010460   0x08010460   0x0000003e   Code   RO        10443    i.USBD_ClrFeature   usbd_ctlreq.o
    0x0801049e   0x0801049e   0x00000006   Code   RO        10277    i.USBD_CoreFindEP   usbd_core.o
    0x080104a4   0x080104a4   0x00000006   Code   RO        10278    i.USBD_CoreFindIF   usbd_core.o
    0x080104aa   0x080104aa   0x00000018   Code   RO        10549    i.USBD_CtlContinueRx  usbd_ioreq.o
    0x080104c2   0x080104c2   0x00000018   Code   RO        10550    i.USBD_CtlContinueSendData  usbd_ioreq.o
    0x080104da   0x080104da   0x00000018   Code   RO        10444    i.USBD_CtlError     usbd_ctlreq.o
    0x080104f2   0x080104f2   0x0000002e   Code   RO        10551    i.USBD_CtlPrepareRx  usbd_ioreq.o
    0x08010520   0x08010520   0x0000001a   Code   RO        10552    i.USBD_CtlReceiveStatus  usbd_ioreq.o
    0x0801053a   0x0801053a   0x00000024   Code   RO        10553    i.USBD_CtlSendData  usbd_ioreq.o
    0x0801055e   0x0801055e   0x0000001a   Code   RO        10554    i.USBD_CtlSendStatus  usbd_ioreq.o
    0x08010578   0x08010578   0x00000056   Code   RO        10445    i.USBD_GetConfig    usbd_ctlreq.o
    0x080105ce   0x080105ce   0x00000232   Code   RO        10446    i.USBD_GetDescriptor  usbd_ctlreq.o
    0x08010800   0x08010800   0x00000050   Code   RO        10280    i.USBD_GetEpDesc    usbd_core.o
    0x08010850   0x08010850   0x00000016   Code   RO        10447    i.USBD_GetLen       usbd_ctlreq.o
    0x08010866   0x08010866   0x00000014   Code   RO        10281    i.USBD_GetNextDesc  usbd_core.o
    0x0801087a   0x0801087a   0x0000005a   Code   RO        10448    i.USBD_GetStatus    usbd_ctlreq.o
    0x080108d4   0x080108d4   0x00000068   Code   RO        10449    i.USBD_GetString    usbd_ctlreq.o
    0x0801093c   0x0801093c   0x0000002c   Code   RO        10078    i.USBD_Get_USB_Status  usbd_conf.o
    0x08010968   0x08010968   0x00000034   Code   RO         9900    i.USBD_HS_ConfigStrDescriptor  usbd_desc.o
    0x0801099c   0x0801099c   0x00000010   Code   RO         9901    i.USBD_HS_DeviceDescriptor  usbd_desc.o
    0x080109ac   0x080109ac   0x00000038   Code   RO         9902    i.USBD_HS_InterfaceStrDescriptor  usbd_desc.o
    0x080109e4   0x080109e4   0x00000010   Code   RO         9903    i.USBD_HS_LangIDStrDescriptor  usbd_desc.o
    0x080109f4   0x080109f4   0x0000002c   Code   RO         9904    i.USBD_HS_ManufacturerStrDescriptor  usbd_desc.o
    0x08010a20   0x08010a20   0x00000040   Code   RO         9905    i.USBD_HS_ProductStrDescriptor  usbd_desc.o
    0x08010a60   0x08010a60   0x00000018   Code   RO         9906    i.USBD_HS_SerialStrDescriptor  usbd_desc.o
    0x08010a78   0x08010a78   0x0000003a   Code   RO        10282    i.USBD_Init         usbd_core.o
    0x08010ab2   0x08010ab2   0x00000026   Code   RO        10079    i.USBD_LL_ClearStallEP  usbd_conf.o
    0x08010ad8   0x08010ad8   0x00000026   Code   RO        10080    i.USBD_LL_CloseEP   usbd_conf.o
    0x08010afe   0x08010afe   0x00000110   Code   RO        10283    i.USBD_LL_DataInStage  usbd_core.o
    0x08010c0e   0x08010c0e   0x0000010a   Code   RO        10284    i.USBD_LL_DataOutStage  usbd_core.o
    0x08010d18   0x08010d18   0x00000006   Code   RO        10285    i.USBD_LL_DevConnected  usbd_core.o
    0x08010d1e   0x08010d1e   0x00000026   Code   RO        10286    i.USBD_LL_DevDisconnected  usbd_core.o
    0x08010d44   0x08010d44   0x00000012   Code   RO        10084    i.USBD_LL_GetRxDataSize  usbd_conf.o
    0x08010d56   0x08010d56   0x00000002   PAD
    0x08010d58   0x08010d58   0x00000070   Code   RO        10085    i.USBD_LL_Init      usbd_conf.o
    0x08010dc8   0x08010dc8   0x00000038   Code   RO        10086    i.USBD_LL_IsStallEP  usbd_conf.o
    0x08010e00   0x08010e00   0x00000048   Code   RO        10287    i.USBD_LL_IsoINIncomplete  usbd_core.o
    0x08010e48   0x08010e48   0x00000048   Code   RO        10288    i.USBD_LL_IsoOUTIncomplete  usbd_core.o
    0x08010e90   0x08010e90   0x00000030   Code   RO        10087    i.USBD_LL_OpenEP    usbd_conf.o
    0x08010ec0   0x08010ec0   0x00000030   Code   RO        10088    i.USBD_LL_PrepareReceive  usbd_conf.o
    0x08010ef0   0x08010ef0   0x0000006e   Code   RO        10289    i.USBD_LL_Reset     usbd_core.o
    0x08010f5e   0x08010f5e   0x00000016   Code   RO        10290    i.USBD_LL_Resume    usbd_core.o
    0x08010f74   0x08010f74   0x00000028   Code   RO        10291    i.USBD_LL_SOF       usbd_core.o
    0x08010f9c   0x08010f9c   0x00000008   Code   RO        10292    i.USBD_LL_SetSpeed  usbd_core.o
    0x08010fa4   0x08010fa4   0x00000026   Code   RO        10089    i.USBD_LL_SetUSBAddress  usbd_conf.o
    0x08010fca   0x08010fca   0x00000076   Code   RO        10293    i.USBD_LL_SetupStage  usbd_core.o
    0x08011040   0x08011040   0x00000026   Code   RO        10090    i.USBD_LL_StallEP   usbd_conf.o
    0x08011066   0x08011066   0x0000001e   Code   RO        10091    i.USBD_LL_Start     usbd_conf.o
    0x08011084   0x08011084   0x0000001c   Code   RO        10294    i.USBD_LL_Suspend   usbd_core.o
    0x080110a0   0x080110a0   0x00000030   Code   RO        10093    i.USBD_LL_Transmit  usbd_conf.o
    0x080110d0   0x080110d0   0x00000036   Code   RO        10450    i.USBD_ParseSetupRequest  usbd_ctlreq.o
    0x08011106   0x08011106   0x00000048   Code   RO        10295    i.USBD_RegisterClass  usbd_core.o
    0x0801114e   0x0801114e   0x00000006   Code   RO        10296    i.USBD_RunTestMode  usbd_core.o
    0x08011154   0x08011154   0x0000005a   Code   RO        10451    i.USBD_SetAddress   usbd_ctlreq.o
    0x080111ae   0x080111ae   0x00000020   Code   RO        10297    i.USBD_SetClassConfig  usbd_core.o
    0x080111ce   0x080111ce   0x00000002   PAD
    0x080111d0   0x080111d0   0x00000104   Code   RO        10452    i.USBD_SetConfig    usbd_ctlreq.o
    0x080112d4   0x080112d4   0x00000038   Code   RO        10453    i.USBD_SetFeature   usbd_ctlreq.o
    0x0801130c   0x0801130c   0x0000000c   Code   RO        10298    i.USBD_Start        usbd_core.o
    0x08011318   0x08011318   0x000000ae   Code   RO        10454    i.USBD_StdDevReq    usbd_ctlreq.o
    0x080113c6   0x080113c6   0x00000284   Code   RO        10455    i.USBD_StdEPReq     usbd_ctlreq.o
    0x0801164a   0x0801164a   0x000000ae   Code   RO        10456    i.USBD_StdItfReq    usbd_ctlreq.o
    0x080116f8   0x080116f8   0x00000002   Code   RO        10094    i.USBD_static_free  usbd_conf.o
    0x080116fa   0x080116fa   0x00000002   PAD
    0x080116fc   0x080116fc   0x0000000c   Code   RO        10095    i.USBD_static_malloc  usbd_conf.o
    0x08011708   0x08011708   0x000000d0   Code   RO         2188    i.USB_ActivateEndpoint  stm32h7xx_ll_usb.o
    0x080117d8   0x080117d8   0x00000028   Code   RO         2190    i.USB_ActivateSetup  stm32h7xx_ll_usb.o
    0x08011800   0x08011800   0x000000a8   Code   RO         2192    i.USB_CoreInit      stm32h7xx_ll_usb.o
    0x080118a8   0x080118a8   0x00000062   Code   RO         2193    i.USB_CoreReset     stm32h7xx_ll_usb.o
    0x0801190a   0x0801190a   0x00000002   PAD
    0x0801190c   0x0801190c   0x0000014c   Code   RO         2196    i.USB_DeactivateEndpoint  stm32h7xx_ll_usb.o
    0x08011a58   0x08011a58   0x00000024   Code   RO         2197    i.USB_DevConnect    stm32h7xx_ll_usb.o
    0x08011a7c   0x08011a7c   0x00000024   Code   RO         2198    i.USB_DevDisconnect  stm32h7xx_ll_usb.o
    0x08011aa0   0x08011aa0   0x000001e0   Code   RO         2199    i.USB_DevInit       stm32h7xx_ll_usb.o
    0x08011c80   0x08011c80   0x0000000e   Code   RO         2200    i.USB_DisableGlobalInt  stm32h7xx_ll_usb.o
    0x08011c8e   0x08011c8e   0x00000002   PAD
    0x08011c90   0x08011c90   0x00000070   Code   RO         2203    i.USB_EP0_OutStart  stm32h7xx_ll_usb.o
    0x08011d00   0x08011d00   0x0000008e   Code   RO         2204    i.USB_EPClearStall  stm32h7xx_ll_usb.o
    0x08011d8e   0x08011d8e   0x0000009a   Code   RO         2205    i.USB_EPSetStall    stm32h7xx_ll_usb.o
    0x08011e28   0x08011e28   0x000003c0   Code   RO         2206    i.USB_EPStartXfer   stm32h7xx_ll_usb.o
    0x080121e8   0x080121e8   0x00000174   Code   RO         2207    i.USB_EPStopXfer    stm32h7xx_ll_usb.o
    0x0801235c   0x0801235c   0x0000000e   Code   RO         2208    i.USB_EnableGlobalInt  stm32h7xx_ll_usb.o
    0x0801236a   0x0801236a   0x00000050   Code   RO         2209    i.USB_FlushRxFifo   stm32h7xx_ll_usb.o
    0x080123ba   0x080123ba   0x00000054   Code   RO         2210    i.USB_FlushTxFifo   stm32h7xx_ll_usb.o
    0x0801240e   0x0801240e   0x00000026   Code   RO         2212    i.USB_GetDevSpeed   stm32h7xx_ll_usb.o
    0x08012434   0x08012434   0x0000000a   Code   RO         2214    i.USB_GetMode       stm32h7xx_ll_usb.o
    0x0801243e   0x0801243e   0x00000014   Code   RO         2218    i.USB_ReadDevAllInEpInterrupt  stm32h7xx_ll_usb.o
    0x08012452   0x08012452   0x00000014   Code   RO         2219    i.USB_ReadDevAllOutEpInterrupt  stm32h7xx_ll_usb.o
    0x08012466   0x08012466   0x00000032   Code   RO         2220    i.USB_ReadDevInEPInterrupt  stm32h7xx_ll_usb.o
    0x08012498   0x08012498   0x0000001a   Code   RO         2221    i.USB_ReadDevOutEPInterrupt  stm32h7xx_ll_usb.o
    0x080124b2   0x080124b2   0x0000000a   Code   RO         2222    i.USB_ReadInterrupts  stm32h7xx_ll_usb.o
    0x080124bc   0x080124bc   0x00000060   Code   RO         2223    i.USB_ReadPacket    stm32h7xx_ll_usb.o
    0x0801251c   0x0801251c   0x00000068   Code   RO         2225    i.USB_SetCurrentMode  stm32h7xx_ll_usb.o
    0x08012584   0x08012584   0x0000002a   Code   RO         2226    i.USB_SetDevAddress  stm32h7xx_ll_usb.o
    0x080125ae   0x080125ae   0x00000012   Code   RO         2227    i.USB_SetDevSpeed   stm32h7xx_ll_usb.o
    0x080125c0   0x080125c0   0x000000e8   Code   RO         2228    i.USB_SetTurnaroundTime  stm32h7xx_ll_usb.o
    0x080126a8   0x080126a8   0x00000044   Code   RO         2231    i.USB_WritePacket   stm32h7xx_ll_usb.o
    0x080126ec   0x080126ec   0x00000004   Code   RO          658    i.UsageFault_Handler  stm32h7xx_it.o
    0x080126f0   0x080126f0   0x00000002   Code   RO         9776    i.Weapon_Init       register.o
    0x080126f2   0x080126f2   0x00000002   PAD
    0x080126f4   0x080126f4   0x0000003c   Code   RO        11605    i.YawHeadingCtrl_Init  yaw_heading_ctrl.o
    0x08012730   0x08012730   0x00000024   Code   RO        11606    i.YawHeadingCtrl_IsBusy  yaw_heading_ctrl.o
    0x08012754   0x08012754   0x0000012c   Code   RO        11608    i.YawHeadingCtrl_Run  yaw_heading_ctrl.o
    0x08012880   0x08012880   0x00000058   Code   RO        11609    i.YawHeadingCtrl_RunFieldDir  yaw_heading_ctrl.o
    0x080128d8   0x080128d8   0x00000026   Code   RO        12714    i.__ARM_fpclassifyf  m_wv.l(fpclassifyf.o)
    0x080128fe   0x080128fe   0x00000002   PAD
    0x08012900   0x08012900   0x00000010   Code   RO         3910    i.__NVIC_GetPriorityGrouping  stm32h7xx_hal_cortex.o
    0x08012910   0x08012910   0x00000028   Code   RO         3911    i.__NVIC_SetPriority  stm32h7xx_hal_cortex.o
    0x08012938   0x08012938   0x00000150   Code   RO        12625    i.__hardfp_cosf     m_wv.l(cosf.o)
    0x08012a88   0x08012a88   0x000000fc   Code   RO        12637    i.__hardfp_fmod     m_wv.l(fmod.o)
    0x08012b84   0x08012b84   0x000000b0   Code   RO        12649    i.__hardfp_fmodf    m_wv.l(fmodf.o)
    0x08012c34   0x08012c34   0x00000194   Code   RO        12661    i.__hardfp_sinf     m_wv.l(sinf.o)
    0x08012dc8   0x08012dc8   0x0000003a   Code   RO        12673    i.__hardfp_sqrtf    m_wv.l(sqrtf.o)
    0x08012e02   0x08012e02   0x00000006   PAD
    0x08012e08   0x08012e08   0x00000018   Code   RO        12703    i.__mathlib_dbl_invalid  m_wv.l(dunder.o)
    0x08012e20   0x08012e20   0x00000006   Code   RO        12717    i.__mathlib_flt_infnan  m_wv.l(funder.o)
    0x08012e26   0x08012e26   0x00000002   PAD
    0x08012e28   0x08012e28   0x00000010   Code   RO        12719    i.__mathlib_flt_invalid  m_wv.l(funder.o)
    0x08012e38   0x08012e38   0x00000010   Code   RO        12722    i.__mathlib_flt_underflow  m_wv.l(funder.o)
    0x08012e48   0x08012e48   0x00000154   Code   RO        12730    i.__mathlib_rredf2  m_wv.l(rredf.o)
    0x08012f9c   0x08012f9c   0x0000000e   Code   RO        12771    i.__scatterload_copy  mc_w.l(handlers.o)
    0x08012faa   0x08012faa   0x00000002   Code   RO        12772    i.__scatterload_null  mc_w.l(handlers.o)
    0x08012fac   0x08012fac   0x0000000e   Code   RO        12773    i.__scatterload_zeroinit  mc_w.l(handlers.o)
    0x08012fba   0x08012fba   0x00000002   PAD
    0x08012fbc   0x08012fbc   0x0000000c   Code   RO        12753    i.__set_errno       mc_w.l(errno.o)
    0x08012fc8   0x08012fc8   0x00000060   Code   RO        11734    i.app_zone2_debug_fake_mission_get  app_zone2.o
    0x08013028   0x08013028   0x00000014   Code   RO        11735    i.app_zone2_debug_record_nav_poll  app_zone2.o
    0x0801303c   0x0801303c   0x00000018   Code   RO        11736    i.app_zone2_debug_set_poll_major  app_zone2.o
    0x08013054   0x08013054   0x00000130   Code   RO        11737    i.app_zone2_debug_snapshot_runtime  app_zone2.o
    0x08013184   0x08013184   0x0000003a   Code   RO        11738    i.app_zone2_get_kfs_rel  app_zone2.o
    0x080131be   0x080131be   0x0000000e   Code   RO        11739    i.app_zone2_ground_prep_get_kfs_rel  app_zone2.o
    0x080131cc   0x080131cc   0x0000001c   Code   RO        11741    i.app_zone2_is_done  app_zone2.o
    0x080131e8   0x080131e8   0x000000bc   Code   RO        11742    i.app_zone2_mission_apply  app_zone2.o
    0x080132a4   0x080132a4   0x000000c0   Code   RO        11743    i.app_zone2_mission_clear  app_zone2.o
    0x08013364   0x08013364   0x00000008   Code   RO        11744    i.app_zone2_poll    app_zone2.o
    0x0801336c   0x0801336c   0x00000064   Code   RO        11745    i.app_zone2_poll_core  app_zone2.o
    0x080133d0   0x080133d0   0x00000004   Code   RO        11747    i.app_zone2_step_pre_delay_ready  app_zone2.o
    0x080133d4   0x080133d4   0x0000000c   Code   RO        11748    i.app_zone2_step_pre_delay_reset  app_zone2.o
    0x080133e0   0x080133e0   0x0000002c   Code   RO        11749    i.app_zone2_step_pre_delay_sync  app_zone2.o
    0x0801340c   0x0801340c   0x00000048   Code   RO        12422    i.app_zone3_begin_nav  app_zone3.o
    0x08013454   0x08013454   0x0000004c   Code   RO        12423    i.app_zone3_begin_stop  app_zone3.o
    0x080134a0   0x080134a0   0x0000000c   Code   RO        12424    i.app_zone3_clear_motion  app_zone3.o
    0x080134ac   0x080134ac   0x00000024   Code   RO        12425    i.app_zone3_clear_pending  app_zone3.o
    0x080134d0   0x080134d0   0x00000018   Code   RO        12426    i.app_zone3_cmd_is_any_put  app_zone3.o
    0x080134e8   0x080134e8   0x00000016   Code   RO        12427    i.app_zone3_cmd_is_ground_put  app_zone3.o
    0x080134fe   0x080134fe   0x00000002   PAD
    0x08013500   0x08013500   0x00000098   Code   RO        12428    i.app_zone3_dispatch_cmd  app_zone3.o
    0x08013598   0x08013598   0x0000000c   Code   RO        12429    i.app_zone3_enter_state  app_zone3.o
    0x080135a4   0x080135a4   0x00000070   Code   RO        12430    i.app_zone3_get_point  app_zone3.o
    0x08013614   0x08013614   0x0000000a   Code   RO        12431    i.app_zone3_irq_restore  app_zone3.o
    0x0801361e   0x0801361e   0x0000000c   Code   RO        12432    i.app_zone3_irq_save  app_zone3.o
    0x0801362a   0x0801362a   0x00000002   PAD
    0x0801362c   0x0801362c   0x00000054   Code   RO        12433    i.app_zone3_nav_failed  app_zone3.o
    0x08013680   0x08013680   0x00000024   Code   RO        12434    i.app_zone3_nav_peek  app_zone3.o
    0x080136a4   0x080136a4   0x00000068   Code   RO        12435    i.app_zone3_run_put_kfs  app_zone3.o
    0x0801370c   0x0801370c   0x00000058   Code   RO        12436    i.app_zone3_start_core  app_zone3.o
    0x08013764   0x08013764   0x0000001c   Code   RO        12437    i.app_zone3_state_accepts_normal_cmd  app_zone3.o
    0x08013780   0x08013780   0x00000040   Code   RO        12438    i.app_zone3_take_normal_cmd  app_zone3.o
    0x080137c0   0x080137c0   0x00000040   Code   RO        12439    i.app_zone3_take_stop_cmd  app_zone3.o
    0x08013800   0x08013800   0x00000018   Code   RO         8088    i.bsp_can_can2_dm_by_slave_nibble  bsp_can.o
    0x08013818   0x08013818   0x00000034   Code   RO         8089    i.bsp_can_can3_dm_by_slave_nibble  bsp_can.o
    0x0801384c   0x0801384c   0x00000034   Code   RO         8090    i.bsp_can_r2_lift_dm_by_slave_nibble  bsp_can.o
    0x08013880   0x08013880   0x00000022   Code   RO         9562    i.calc_chk          upper_pc_protocol.o
    0x080138a2   0x080138a2   0x00000002   PAD
    0x080138a4   0x080138a4   0x000001b0   Code   RO         8454    i.chassis_control_resolve_cmd  chassis.o
    0x08013a54   0x08013a54   0x00000090   Code   RO        10730    i.chassis_decode_vy_vw_from_wheel_rpm  chassis_heading_hold.o
    0x08013ae4   0x08013ae4   0x000000a8   Code   RO        10731    i.chassis_snap_heading_ref_deg  chassis_heading_hold.o
    0x08013b8c   0x08013b8c   0x00000014   Code   RO        11517    i.clamp_head_apply_clamp_close  clamp_head_ctrl.o
    0x08013ba0   0x08013ba0   0x00000014   Code   RO        11518    i.clamp_head_apply_clamp_open  clamp_head_ctrl.o
    0x08013bb4   0x08013bb4   0x00000014   Code   RO        11519    i.clamp_head_apply_servo_mid  clamp_head_ctrl.o
    0x08013bc8   0x08013bc8   0x00000014   Code   RO        11520    i.clamp_head_apply_servo_upright  clamp_head_ctrl.o
    0x08013bdc   0x08013bdc   0x00000038   Code   RO        11521    i.clamp_head_confirmed_absent  clamp_head_ctrl.o
    0x08013c14   0x08013c14   0x00000034   Code   RO        11522    i.clamp_head_confirmed_present  clamp_head_ctrl.o
    0x08013c48   0x08013c48   0x0000001c   Code   RO        11523    i.clamp_head_pe9_filter_reset  clamp_head_ctrl.o
    0x08013c64   0x08013c64   0x00000024   Code   RO        11524    i.clamp_head_pe9_filter_update  clamp_head_ctrl.o
    0x08013c88   0x08013c88   0x00000014   Code   RO        11525    i.clamp_head_read_switch_level  clamp_head_ctrl.o
    0x08013c9c   0x08013c9c   0x00000070   Code   RO         8719    i.clamp_use         weapon.o
    0x08013d0c   0x08013d0c   0x0000002a   Code   RO        10809    i.clampf            common.o
    0x08013d36   0x08013d36   0x00000008   Code   RO        10810    i.common_now_ms     common.o
    0x08013d3e   0x08013d3e   0x00000040   Code   RO        11459    i.crc16_modbus      imu.o
    0x08013d7e   0x08013d7e   0x00000002   PAD
    0x08013d80   0x08013d80   0x000000cc   Code   RO         8950    i.data_convert      remote_control.o
    0x08013e4c   0x08013e4c   0x00000020   Code   RO        11037    i.dingdian_abort    nav_goto_dingdian_debug.o
    0x08013e6c   0x08013e6c   0x00000060   Code   RO        11038    i.dingdian_leg_target  nav_goto_dingdian_debug.o
    0x08013ecc   0x08013ecc   0x00000028   Code   RO        11039    i.dingdian_mode_gate_ok  nav_goto_dingdian_debug.o
    0x08013ef4   0x08013ef4   0x00000016   Code   RO        11040    i.dingdian_nav_leg_finished  nav_goto_dingdian_debug.o
    0x08013f0a   0x08013f0a   0x00000026   Code   RO        11041    i.dingdian_read_center_xy  nav_goto_dingdian_debug.o
    0x08013f30   0x08013f30   0x00000038   Code   RO        11042    i.dingdian_start_leg  nav_goto_dingdian_debug.o
    0x08013f68   0x08013f68   0x0000006c   Code   RO        11043    i.dingdian_try_arm  nav_goto_dingdian_debug.o
    0x08013fd4   0x08013fd4   0x00000048   Code   RO         9563    i.dispatch_frame    upper_pc_protocol.o
    0x0801401c   0x0801401c   0x00000012   Code   RO         8243    i.dji_overtemp_recover  motor.o
    0x0801402e   0x0801402e   0x00000012   Code   RO         8244    i.dji_overtemp_trip  motor.o
    0x08014040   0x08014040   0x0000001e   Code   RO         8245    i.dm_overtemp_recover  motor.o
    0x0801405e   0x0801405e   0x0000001e   Code   RO         8246    i.dm_overtemp_trip  motor.o
    0x0801407c   0x0801407c   0x0000022c   Code   RO         9827    i.f_PID_Calculate   pid.o
    0x080142a8   0x080142a8   0x0000000a   Code   RO        10732    i.fabsf             chassis_heading_hold.o
    0x080142b2   0x080142b2   0x00000092   Code   RO        11750    i.field_dir_between_user_piles  app_zone2.o
    0x08014344   0x08014344   0x00000028   Code   RO        11751    i.field_dir_opposite  app_zone2.o
    0x0801436c   0x0801436c   0x0000017c   Code   RO         8616    i.flexible_motor_state_machine_step  lift.o
    0x080144e8   0x080144e8   0x00000048   Code   RO         8617    i.flexible_motor_update_command  lift.o
    0x08014530   0x08014530   0x00000034   Code   RO         8392    i.float_to_uint     dm_motor.o
    0x08014564   0x08014564   0x00000028   Code   RO        11195    i.get_kfs_hold_vy_if_pre_tail  process_flow.o
    0x0801458c   0x0801458c   0x000000a0   Code   RO         9564    i.handle_kfs        upper_pc_protocol.o
    0x0801462c   0x0801462c   0x000000bc   Code   RO         9565    i.handle_odom       upper_pc_protocol.o
    0x080146e8   0x080146e8   0x0000007c   Code   RO         9566    i.handle_path       upper_pc_protocol.o
    0x08014764   0x08014764   0x0000006c   Code   RO         9567    i.handle_zone_i_path  upper_pc_protocol.o
    0x080147d0   0x080147d0   0x00000048   Code   RO        11460    i.imu_rs485_send_and_wait_echo8  imu.o
    0x08014818   0x08014818   0x0000003c   Code   RO        11461    i.imu_rs485_send_bytes  imu.o
    0x08014854   0x08014854   0x000000c8   Code   RO         8559    i.kfs_flex_position_pid  kfs.o
    0x0801491c   0x0801491c   0x00000090   Code   RO         8560    i.kfs_three_kfs_spin_main_lift_pos_init  kfs.o
    0x080149ac   0x080149ac   0x00000024   Code   RO         8618    i.lift_any_fault_detected  lift.o
    0x080149d0   0x080149d0   0x00000024   Code   RO         8619    i.lift_any_speed_stall_detected  lift.o
    0x080149f4   0x080149f4   0x00000034   Code   RO         8620    i.lift_clear_stop_latch  lift.o
    0x08014a28   0x08014a28   0x00000090   Code   RO         8621    i.lift_init         lift.o
    0x08014ab8   0x08014ab8   0x00000050   Code   RO         8622    i.lift_latch_stop_now  lift.o
    0x08014b08   0x08014b08   0x00000022   Code   RO         8623    i.lift_motor_fault  lift.o
    0x08014b2a   0x08014b2a   0x00000002   PAD
    0x08014b2c   0x08014b2c   0x00000250   Code   RO         8624    i.lift_motor_run_output  lift.o
    0x08014d7c   0x08014d7c   0x0000003c   Code   RO         8625    i.lift_motor_speed_stall  lift.o
    0x08014db8   0x08014db8   0x00000114   Code   RO         8626    i.lift_poll_limit_latch  lift.o
    0x08014ecc   0x08014ecc   0x0000001c   Code   RO         8627    i.lift_speed_is_running  lift.o
    0x08014ee8   0x08014ee8   0x000000b4   Code   RO           17    i.main              main.o
    0x08014f9c   0x08014f9c   0x00000034   Code   RO         8561    i.main_lift_down_ms_get  kfs.o
    0x08014fd0   0x08014fd0   0x00000034   Code   RO         8562    i.main_lift_up_ms_get  kfs.o
    0x08015004   0x08015004   0x000000f8   Code   RO         8455    i.manual_chassis_function  chassis.o
    0x080150fc   0x080150fc   0x00000a64   Code   RO         8563    i.manual_kfs_function  kfs.o
    0x08015b60   0x08015b60   0x00000110   Code   RO         8628    i.manual_lift_function  lift.o
    0x08015c70   0x08015c70   0x000000d4   Code   RO         8720    i.manual_weapon_function  weapon.o
    0x08015d44   0x08015d44   0x00000064   Code   RO        10851    i.map_zone2_pile_center_m  map.o
    0x08015da8   0x08015da8   0x00000018   Code   RO        10852    i.map_zone2_pile_height_mm  map.o
    0x08015dc0   0x08015dc0   0x00000034   Code   RO        11752    i.mission_kfs_len   app_zone2.o
    0x08015df4   0x08015df4   0x00000034   Code   RO        11753    i.mission_path_len  app_zone2.o
    0x08015e28   0x08015e28   0x00000068   Code   RO        11044    i.nav_goto_dingdian_debug_poll  nav_goto_dingdian_debug.o
    0x08015e90   0x08015e90   0x0000000e   Code   RO         9010    i.nibble_valid      r1_r2_connect.o
    0x08015e9e   0x08015e9e   0x00000002   PAD
    0x08015ea0   0x08015ea0   0x00000074   Code   RO        11108    i.odom_center_offset_dir_from_yaw_deg  odom_center_offset.o
    0x08015f14   0x08015f14   0x0000002c   Code   RO        11109    i.odom_center_offset_latest_center  odom_center_offset.o
    0x08015f40   0x08015f40   0x00000030   Code   RO        11110    i.odom_center_offset_odom_to_center  odom_center_offset.o
    0x08015f70   0x08015f70   0x0000002e   Code   RO        11111    i.odom_center_offset_radar_to_center  odom_center_offset.o
    0x08015f9e   0x08015f9e   0x0000003c   Code   RO        11112    i.odom_center_offset_radar_to_center_by_dir_ex  odom_center_offset.o
    0x08015fda   0x08015fda   0x00000040   Code   RO        11113    i.odom_center_offset_radar_to_center_ex  odom_center_offset.o
    0x0801601a   0x0801601a   0x00000002   PAD
    0x0801601c   0x0801601c   0x00000064   Code   RO        11114    i.odom_center_offset_table_lookup_ex  odom_center_offset.o
    0x08016080   0x08016080   0x00000040   Code   RO        10893    i.odom_nav_goto_apply_wheel_inputs  odom_nav_goto.o
    0x080160c0   0x080160c0   0x00000010   Code   RO        10894    i.odom_nav_goto_arrival_confirm_required  odom_nav_goto.o
    0x080160d0   0x080160d0   0x0000000e   Code   RO        10895    i.odom_nav_goto_clear_nav_override  odom_nav_goto.o
    0x080160de   0x080160de   0x00000002   PAD
    0x080160e0   0x080160e0   0x00000020   Code   RO        10896    i.odom_nav_goto_clear_state  odom_nav_goto.o
    0x08016100   0x08016100   0x00000034   Code   RO        10897    i.odom_nav_goto_dbg_refresh_center  odom_nav_goto.o
    0x08016134   0x08016134   0x00000018   Code   RO        10898    i.odom_nav_goto_disarm  odom_nav_goto.o
    0x0801614c   0x0801614c   0x0000003c   Code   RO        10899    i.odom_nav_goto_finish_arrived  odom_nav_goto.o
    0x08016188   0x08016188   0x0000000c   Code   RO        10900    i.odom_nav_goto_is_armed  odom_nav_goto.o
    0x08016194   0x08016194   0x00000014   Code   RO        10901    i.odom_nav_goto_peek_last_run_result  odom_nav_goto.o
    0x080161a8   0x080161a8   0x00000008   Code   RO        10902    i.odom_nav_goto_peek_last_status  odom_nav_goto.o
    0x080161b0   0x080161b0   0x00000034   Code   RO        10904    i.odom_nav_goto_read_pose  odom_nav_goto.o
    0x080161e4   0x080161e4   0x00000074   Code   RO        10905    i.odom_nav_goto_reset_session_state  odom_nav_goto.o
    0x08016258   0x08016258   0x000006b0   Code   RO        10906    i.odom_nav_goto_run  odom_nav_goto.o
    0x08016908   0x08016908   0x0000006c   Code   RO        10907    i.odom_nav_goto_service_tick  odom_nav_goto.o
    0x08016974   0x08016974   0x00000034   Code   RO        10908    i.odom_nav_goto_set_target  odom_nav_goto.o
    0x080169a8   0x080169a8   0x000000d4   Code   RO        10909    i.odom_nav_goto_validate_tune  odom_nav_goto.o
    0x08016a7c   0x08016a7c   0x00000078   Code   RO        10910    i.odom_nav_goto_vec2_limit_sat  odom_nav_goto.o
    0x08016af4   0x08016af4   0x00000074   Code   RO        10911    i.odom_nav_goto_zone_update  odom_nav_goto.o
    0x08016b68   0x08016b68   0x0000001e   Code   RO         7420    i.osDelay           cmsis_os2.o
    0x08016b86   0x08016b86   0x0000001a   Code   RO         7432    i.osKernelGetTickCount  cmsis_os2.o
    0x08016ba0   0x08016ba0   0x00000034   Code   RO         7434    i.osKernelInitialize  cmsis_os2.o
    0x08016bd4   0x08016bd4   0x00000068   Code   RO         7437    i.osKernelStart     cmsis_os2.o
    0x08016c3c   0x08016c3c   0x000000b8   Code   RO         7479    i.osThreadNew       cmsis_os2.o
    0x08016cf4   0x08016cf4   0x0000001e   Code   RO         9568    i.pack_float_le     upper_pc_protocol.o
    0x08016d12   0x08016d12   0x00000022   Code   RO        11754    i.pile_height_mm_to_tier  app_zone2.o
    0x08016d34   0x08016d34   0x00000058   Code   RO        11755    i.piles_adjacent    app_zone2.o
    0x08016d8c   0x08016d8c   0x00000028   Code   RO        11196    i.process_flow_hold_vy_high  process_flow.o
    0x08016db4   0x08016db4   0x00000014   Code   RO        11197    i.process_flow_lift_command  process_flow.o
    0x08016dc8   0x08016dc8   0x00000050   Code   RO        11198    i.process_flow_update_chassis_priority  process_flow.o
    0x08016e18   0x08016e18   0x0000000e   Code   RO        11199    i.process_get_kfs_main_lift_high  process_flow.o
    0x08016e26   0x08016e26   0x00000002   PAD
    0x08016e28   0x08016e28   0x000000a8   Code   RO         6834    i.prvAddCurrentTaskToDelayedList  tasks.o
    0x08016ed0   0x08016ed0   0x000000f4   Code   RO         6835    i.prvAddNewTaskToReadyList  tasks.o
    0x08016fc4   0x08016fc4   0x00000074   Code   RO         7216    i.prvCheckForValidListAndQueue  timers.o
    0x08017038   0x08017038   0x00000048   Code   RO         6836    i.prvCheckTasksWaitingTermination  tasks.o
    0x08017080   0x08017080   0x0000002a   Code   RO         6397    i.prvCopyDataFromQueue  queue.o
    0x080170aa   0x080170aa   0x00000050   Code   RO         6837    i.prvDeleteTCB      tasks.o
    0x080170fa   0x080170fa   0x00000002   PAD
    0x080170fc   0x080170fc   0x00000028   Code   RO         7217    i.prvGetNextExpireTime  timers.o
    0x08017124   0x08017124   0x00000070   Code   RO         7944    i.prvHeapInit       heap_4.o
    0x08017194   0x08017194   0x00000028   Code   RO         6838    i.prvIdleTask       tasks.o
    0x080171bc   0x080171bc   0x0000002a   Code   RO         6401    i.prvInitialiseNewQueue  queue.o
    0x080171e6   0x080171e6   0x000000cc   Code   RO         6839    i.prvInitialiseNewTask  tasks.o
    0x080172b2   0x080172b2   0x00000002   PAD
    0x080172b4   0x080172b4   0x00000068   Code   RO         6840    i.prvInitialiseTaskLists  tasks.o
    0x0801731c   0x0801731c   0x00000068   Code   RO         7945    i.prvInsertBlockIntoFreeList  heap_4.o
    0x08017384   0x08017384   0x00000058   Code   RO         7219    i.prvInsertTimerInActiveList  timers.o
    0x080173dc   0x080173dc   0x0000001a   Code   RO         6402    i.prvIsQueueEmpty   queue.o
    0x080173f6   0x080173f6   0x00000002   PAD
    0x080173f8   0x080173f8   0x00000044   Code   RO         7220    i.prvProcessExpiredTimer  timers.o
    0x0801743c   0x0801743c   0x0000014c   Code   RO         7221    i.prvProcessReceivedCommands  timers.o
    0x08017588   0x08017588   0x00000074   Code   RO         7222    i.prvProcessTimerOrBlockTask  timers.o
    0x080175fc   0x080175fc   0x00000028   Code   RO         7223    i.prvReloadTimer    timers.o
    0x08017624   0x08017624   0x00000030   Code   RO         6842    i.prvResetNextTaskUnblockTime  tasks.o
    0x08017654   0x08017654   0x0000002c   Code   RO         7224    i.prvSampleTimeNow  timers.o
    0x08017680   0x08017680   0x00000044   Code   RO         7225    i.prvSwitchTimerLists  timers.o
    0x080176c4   0x080176c4   0x00000040   Code   RO         8006    i.prvTaskExitError  port.o
    0x08017704   0x08017704   0x0000001a   Code   RO         7226    i.prvTimerTask      timers.o
    0x0801771e   0x0801771e   0x0000007e   Code   RO         6404    i.prvUnlockQueue    queue.o
    0x0801779c   0x0801779c   0x00000148   Code   RO         7947    i.pvPortMalloc      heap_4.o
    0x080178e4   0x080178e4   0x0000002c   Code   RO         8007    i.pxPortInitialiseStack  port.o
    0x08017910   0x08017910   0x00000064   Code   RO         9112    i.r1_link_debug_capture_frame  r1_link.o
    0x08017974   0x08017974   0x00000020   Code   RO         9113    i.r1_link_debug_capture_sig  r1_link.o
    0x08017994   0x08017994   0x00000094   Code   RO         9114    i.r1_link_on_mission_frame  r1_link.o
    0x08017a28   0x08017a28   0x00000050   Code   RO         9115    i.r1_link_on_sig_frame  r1_link.o
    0x08017a78   0x08017a78   0x00000040   Code   RO         9116    i.r1_link_on_z3_stop_frame  r1_link.o
    0x08017ab8   0x08017ab8   0x00000008   Code   RO         9258    i.r1_link_sig_calc_chk  r1_link_sig.o
    0x08017ac0   0x08017ac0   0x00000040   Code   RO         9259    i.r1_link_sig_frame_decode  r1_link_sig.o
    0x08017b00   0x08017b00   0x0000005c   Code   RO         9261    i.r1_link_sig_rx_feed_byte  r1_link_sig.o
    0x08017b5c   0x08017b5c   0x0000000e   Code   RO         9262    i.r1_link_sig_rx_reset  r1_link_sig.o
    0x08017b6a   0x08017b6a   0x00000058   Code   RO         9117    i.r1_link_wire_to_zone2  r1_link.o
    0x08017bc2   0x08017bc2   0x00000092   Code   RO         9014    i.r1_r2_connect_frame_unpack  r1_r2_connect.o
    0x08017c54   0x08017c54   0x0000008c   Code   RO         9015    i.r1_r2_connect_mission_decode  r1_r2_connect.o
    0x08017ce0   0x08017ce0   0x00000048   Code   RO         9018    i.r1_r2_connect_payload_unpack  r1_r2_connect.o
    0x08017d28   0x08017d28   0x00000064   Code   RO         9019    i.r1_r2_connect_rx_feed_byte  r1_r2_connect.o
    0x08017d8c   0x08017d8c   0x00000012   Code   RO         9020    i.r1_r2_connect_rx_reset  r1_r2_connect.o
    0x08017d9e   0x08017d9e   0x0000001e   Code   RO         9513    i.r1_uart_start_rx_it  r1_uart_rx_dispatch.o
    0x08017dbc   0x08017dbc   0x00000008   Code   RO         9293    i.r1_usart1_calc_chk  r1_usart1_proto.o
    0x08017dc4   0x08017dc4   0x00000010   Code   RO         9294    i.r1_usart1_cmd_id_valid  r1_usart1_proto.o
    0x08017dd4   0x08017dd4   0x00000042   Code   RO         9295    i.r1_usart1_frame_decode  r1_usart1_proto.o
    0x08017e16   0x08017e16   0x00000002   PAD
    0x08017e18   0x08017e18   0x00000074   Code   RO         9350    i.r1_usart1_link_on_frame  r1_usart1_link.o
    0x08017e8c   0x08017e8c   0x0000005c   Code   RO         9298    i.r1_usart1_rx_feed_byte  r1_usart1_proto.o
    0x08017ee8   0x08017ee8   0x0000000e   Code   RO         9299    i.r1_usart1_rx_reset  r1_usart1_proto.o
    0x08017ef6   0x08017ef6   0x00000008   Code   RO         9407    i.r1_usart3_calc_chk  r1_usart3_proto.o
    0x08017efe   0x08017efe   0x00000044   Code   RO         9408    i.r1_usart3_frame_decode  r1_usart3_proto.o
    0x08017f42   0x08017f42   0x00000002   PAD
    0x08017f44   0x08017f44   0x00000070   Code   RO         9450    i.r1_usart3_link_on_frame  r1_usart3_link.o
    0x08017fb4   0x08017fb4   0x0000005c   Code   RO         9410    i.r1_usart3_rx_feed_byte  r1_usart3_proto.o
    0x08018010   0x08018010   0x0000000e   Code   RO         9411    i.r1_usart3_rx_reset  r1_usart3_proto.o
    0x0801801e   0x0801801e   0x00000014   Code   RO        12591    i.r1_zone3_parse_from_usart1  r1_zone3_parse.o
    0x08018032   0x08018032   0x0000000c   Code   RO        12592    i.r1_zone3_parse_from_usart10_stop  r1_zone3_parse.o
    0x0801803e   0x0801803e   0x00000022   Code   RO        12593    i.r1_zone3_parse_from_usart3  r1_zone3_parse.o
    0x08018060   0x08018060   0x00000022   Code   RO        12594    i.r1_zone3_parse_post  r1_zone3_parse.o
    0x08018082   0x08018082   0x0000001c   Code   RO        12595    i.r1_zone3_usart3_wire_to_z3  r1_zone3_parse.o
    0x0801809e   0x0801809e   0x0000001c   Code   RO         8854    i.rc_bit_minmax_decode  motion_task.o
    0x080180ba   0x080180ba   0x00000002   PAD
    0x080180bc   0x080180bc   0x000000d8   Code   RO         9569    i.rc_feed_byte      upper_pc_protocol.o
    0x08018194   0x08018194   0x00000008   Code   RO         9570    i.rc_get_latest_odom  upper_pc_protocol.o
    0x0801819c   0x0801819c   0x00000038   Code   RO         9572    i.rc_init           upper_pc_protocol.o
    0x080181d4   0x080181d4   0x00000030   Code   RO         9573    i.rc_odom_is_valid  upper_pc_protocol.o
    0x08018204   0x08018204   0x0000006e   Code   RO         9576    i.rc_send_debug_heading_hold  upper_pc_protocol.o
    0x08018272   0x08018272   0x0000006e   Code   RO         9577    i.rc_send_debug_nav_goto  upper_pc_protocol.o
    0x080182e0   0x080182e0   0x0000006c   Code   RO         9586    i.send_frame        upper_pc_protocol.o
    0x0801834c   0x0801834c   0x000001c8   Code   RO        11351    i.sensor_uart7_on_rx_byte  sensor.o
    0x08018514   0x08018514   0x0000006c   Code   RO         8723    i.servo_use         weapon.o
    0x08018580   0x08018580   0x00000064   Code   RO         8724    i.sucker1_use       weapon.o
    0x080185e4   0x080185e4   0x00000064   Code   RO         8725    i.sucker2_use       weapon.o
    0x08018648   0x08018648   0x00000064   Code   RO         8726    i.sucker3_use       weapon.o
    0x080186ac   0x080186ac   0x00000064   Code   RO         8727    i.sucker4_use       weapon.o
    0x08018710   0x08018710   0x00000034   Code   RO         8393    i.uint_to_float     dm_motor.o
    0x08018744   0x08018744   0x0000001e   Code   RO         9587    i.unpack_float_le   upper_pc_protocol.o
    0x08018762   0x08018762   0x00000002   PAD
    0x08018764   0x08018764   0x00000028   Code   RO        10000    i.upper_pc_send_power_on_msg_once  usbd_cdc_if.o
    0x0801878c   0x0801878c   0x00000014   Code   RO        10001    i.upper_pc_usb_putc  usbd_cdc_if.o
    0x080187a0   0x080187a0   0x00000016   Code   RO        11756    i.user_pile_center_map_m  app_zone2.o
    0x080187b6   0x080187b6   0x0000000c   Code   RO        11757    i.user_pile_height_mm  app_zone2.o
    0x080187c2   0x080187c2   0x00000002   PAD
    0x080187c4   0x080187c4   0x00000020   Code   RO        11758    i.user_pile_tier_delta  app_zone2.o
    0x080187e4   0x080187e4   0x00000028   Code   RO         6357    i.uxListRemove      list.o
    0x0801880c   0x0801880c   0x00000018   Code   RO         7491    i.vApplicationGetIdleTaskMemory  cmsis_os2.o
    0x08018824   0x08018824   0x00000018   Code   RO         7492    i.vApplicationGetTimerTaskMemory  cmsis_os2.o
    0x0801883c   0x0801883c   0x0000001a   Code   RO         6358    i.vListInitialise   list.o
    0x08018856   0x08018856   0x00000006   Code   RO         6359    i.vListInitialiseItem  list.o
    0x0801885c   0x0801885c   0x00000034   Code   RO         6360    i.vListInsert       list.o
    0x08018890   0x08018890   0x00000054   Code   RO         8009    i.vPortEnterCritical  port.o
    0x080188e4   0x080188e4   0x0000003c   Code   RO         8010    i.vPortExitCritical  port.o
    0x08018920   0x08018920   0x0000008c   Code   RO         7948    i.vPortFree         heap_4.o
    0x080189ac   0x080189ac   0x00000028   Code   RO         8011    i.vPortSetupTimerInterrupt  port.o
    0x080189d4   0x080189d4   0x00000078   Code   RO         8012    i.vPortValidateInterruptPriority  port.o
    0x08018a4c   0x08018a4c   0x00000060   Code   RO         6412    i.vQueueAddToRegistry  queue.o
    0x08018aac   0x08018aac   0x0000004a   Code   RO         6416    i.vQueueWaitForMessageRestricted  queue.o
    0x08018af6   0x08018af6   0x00000002   PAD
    0x08018af8   0x08018af8   0x0000005c   Code   RO         6855    i.vTaskDelay        tasks.o
    0x08018b54   0x08018b54   0x00000018   Code   RO         6860    i.vTaskInternalSetTimeOutState  tasks.o
    0x08018b6c   0x08018b6c   0x0000000c   Code   RO         6861    i.vTaskMissedYield  tasks.o
    0x08018b78   0x08018b78   0x00000038   Code   RO         6862    i.vTaskPlaceOnEventList  tasks.o
    0x08018bb0   0x08018bb0   0x00000068   Code   RO         6863    i.vTaskPlaceOnEventListRestricted  tasks.o
    0x08018c18   0x08018c18   0x000000c0   Code   RO         6871    i.vTaskStartScheduler  tasks.o
    0x08018cd8   0x08018cd8   0x00000010   Code   RO         6873    i.vTaskSuspendAll   tasks.o
    0x08018ce8   0x08018ce8   0x00000094   Code   RO         6874    i.vTaskSwitchContext  tasks.o
    0x08018d7c   0x08018d7c   0x00000048   Code   RO        10812    i.wrap_deg_180      common.o
    0x08018dc4   0x08018dc4   0x00000168   Code   RO         8013    i.xPortStartScheduler  port.o
    0x08018f2c   0x08018f2c   0x00000034   Code   RO         8014    i.xPortSysTickHandler  port.o
    0x08018f60   0x08018f60   0x0000009a   Code   RO         6422    i.xQueueGenericCreateStatic  queue.o
    0x08018ffa   0x08018ffa   0x00000002   PAD
    0x08018ffc   0x08018ffc   0x000000dc   Code   RO         6424    i.xQueueGenericReset  queue.o
    0x080190d8   0x080190d8   0x00000168   Code   RO         6435    i.xQueueReceive     queue.o
    0x08019240   0x08019240   0x00000090   Code   RO         6876    i.xTaskCheckForTimeOut  tasks.o
    0x080192d0   0x080192d0   0x0000006c   Code   RO         6877    i.xTaskCreate       tasks.o
    0x0801933c   0x0801933c   0x000000c2   Code   RO         6878    i.xTaskCreateStatic  tasks.o
    0x080193fe   0x080193fe   0x00000002   PAD
    0x08019400   0x08019400   0x00000020   Code   RO         6885    i.xTaskGetSchedulerState  tasks.o
    0x08019420   0x08019420   0x0000000c   Code   RO         6887    i.xTaskGetTickCount  tasks.o
    0x0801942c   0x0801942c   0x00000014   Code   RO         6888    i.xTaskGetTickCountFromISR  tasks.o
    0x08019440   0x08019440   0x000001cc   Code   RO         6889    i.xTaskIncrementTick  tasks.o
    0x0801960c   0x0801960c   0x00000134   Code   RO         6892    i.xTaskRemoveFromEventList  tasks.o
    0x08019740   0x08019740   0x00000190   Code   RO         6893    i.xTaskResumeAll    tasks.o
    0x080198d0   0x080198d0   0x00000078   Code   RO         7235    i.xTimerCreateTimerTask  timers.o
    0x08019948   0x08019948   0x00000028   Code   RO        11612    i.yaw_heading_apply_vx_only  yaw_heading_ctrl.o
    0x08019970   0x08019970   0x0000002a   Code   RO        11614    i.yaw_heading_clampf  yaw_heading_ctrl.o
    0x0801999a   0x0801999a   0x00000002   PAD
    0x0801999c   0x0801999c   0x00000040   Code   RO        11615    i.yaw_heading_field_dir_to_world_heading_deg  yaw_heading_ctrl.o
    0x080199dc   0x080199dc   0x0000002c   Code   RO        11616    i.yaw_heading_get_norm_yaw_deg  yaw_heading_ctrl.o
    0x08019a08   0x08019a08   0x00000020   Code   RO        11617    i.yaw_heading_get_raw_yaw_deg  yaw_heading_ctrl.o
    0x08019a28   0x08019a28   0x00000090   Code   RO        11618    i.yaw_heading_idx_from_norm_yaw  yaw_heading_ctrl.o
    0x08019ab8   0x08019ab8   0x0000006c   Code   RO        11620    i.yaw_heading_prepare_target_by_command  yaw_heading_ctrl.o
    0x08019b24   0x08019b24   0x0000008c   Code   RO        11621    i.yaw_heading_wrap_deg  yaw_heading_ctrl.o
    0x08019bb0   0x08019bb0   0x00000078   Code   RO        11759    i.z2_exec_enter_mount  app_zone2.o
    0x08019c28   0x08019c28   0x00000038   Code   RO        11761    i.z2_exec_face_substep  app_zone2.o
    0x08019c60   0x08019c60   0x000000a8   Code   RO        11762    i.z2_exec_get_kfs   app_zone2.o
    0x08019d08   0x08019d08   0x00000044   Code   RO        11763    i.z2_exec_ground_dismount  app_zone2.o
    0x08019d4c   0x08019d4c   0x0000003c   Code   RO        11764    i.z2_exec_motion_gate_ok  app_zone2.o
    0x08019d88   0x08019d88   0x00000024   Code   RO        11765    i.z2_exec_nav_abort  app_zone2.o
    0x08019dac   0x08019dac   0x00000034   Code   RO        11766    i.z2_exec_nav_peek  app_zone2.o
    0x08019de0   0x08019de0   0x000000b8   Code   RO        11767    i.z2_exec_nav_poll_leg  app_zone2.o
    0x08019e98   0x08019e98   0x00000044   Code   RO        11768    i.z2_exec_nav_recenter_substep  app_zone2.o
    0x08019edc   0x08019edc   0x00000022   Code   RO        11769    i.z2_exec_nav_start_pile  app_zone2.o
    0x08019efe   0x08019efe   0x00000002   PAD
    0x08019f00   0x08019f00   0x00000058   Code   RO        11770    i.z2_exec_nav_start_xy  app_zone2.o
    0x08019f58   0x08019f58   0x00000094   Code   RO        11771    i.z2_exec_one_stair_step  app_zone2.o
    0x08019fec   0x08019fec   0x0000003c   Code   RO        11772    i.z2_exec_process_motion_idle  app_zone2.o
    0x0801a028   0x0801a028   0x0000000a   Code   RO        11773    i.z2_exec_release_chassis_for_nav  app_zone2.o
    0x0801a032   0x0801a032   0x00000002   PAD
    0x0801a034   0x0801a034   0x00000024   Code   RO        11774    i.z2_exec_reset_act_flags  app_zone2.o
    0x0801a058   0x0801a058   0x0000003c   Code   RO        11775    i.z2_exec_upslope   app_zone2.o
    0x0801a094   0x0801a094   0x0000008c   Code   RO        11776    i.z2_get_kfs_tail_service  app_zone2.o
    0x0801a120   0x0801a120   0x00000030   Code   RO        11777    i.z2_ground_prep_first_pile  app_zone2.o
    0x0801a150   0x0801a150   0x00000028   Code   RO        11778    i.z2_ground_prep_reset  app_zone2.o
    0x0801a178   0x0801a178   0x00000070   Code   RO        11779    i.z2_ground_prep_select  app_zone2.o
    0x0801a1e8   0x0801a1e8   0x00000024   Code   RO        11780    i.z2_ground_prep_x_m  app_zone2.o
    0x0801a20c   0x0801a20c   0x000000f8   Code   RO        11781    i.z2_sched_after_station_kfs_done  app_zone2.o
    0x0801a304   0x0801a304   0x00000030   Code   RO        11782    i.z2_sched_begin_main_flow  app_zone2.o
    0x0801a334   0x0801a334   0x00000074   Code   RO        11783    i.z2_sched_deferred_kfs_get  app_zone2.o
    0x0801a3a8   0x0801a3a8   0x00000050   Code   RO        11784    i.z2_sched_enter_nav  app_zone2.o
    0x0801a3f8   0x0801a3f8   0x000000c0   Code   RO        11785    i.z2_sched_enter_up  app_zone2.o
    0x0801a4b8   0x0801a4b8   0x00000048   Code   RO        11786    i.z2_sched_enter_wait_nav  app_zone2.o
    0x0801a500   0x0801a500   0x00000060   Code   RO        11787    i.z2_sched_entry_nav  app_zone2.o
    0x0801a560   0x0801a560   0x00000030   Code   RO        11788    i.z2_sched_entry_wait_nav  app_zone2.o
    0x0801a590   0x0801a590   0x00000118   Code   RO        11789    i.z2_sched_ground_kfs_prep  app_zone2.o
    0x0801a6a8   0x0801a6a8   0x00000094   Code   RO        11790    i.z2_sched_kfs_run  app_zone2.o
    0x0801a73c   0x0801a73c   0x00000120   Code   RO        11791    i.z2_sched_kfs_turn  app_zone2.o
    0x0801a85c   0x0801a85c   0x00000084   Code   RO        11792    i.z2_sched_last_down_dismount  app_zone2.o
    0x0801a8e0   0x0801a8e0   0x000000d0   Code   RO        11793    i.z2_sched_last_down_turn  app_zone2.o
    0x0801a9b0   0x0801a9b0   0x00000044   Code   RO        11794    i.z2_sched_last_exit_nav  app_zone2.o
    0x0801a9f4   0x0801a9f4   0x00000048   Code   RO        11795    i.z2_sched_last_exit_wait_nav  app_zone2.o
    0x0801aa3c   0x0801aa3c   0x00000054   Code   RO        11796    i.z2_sched_last_upslope  app_zone2.o
    0x0801aa90   0x0801aa90   0x00000038   Code   RO        11797    i.z2_sched_main_prep_nav  app_zone2.o
    0x0801aac8   0x0801aac8   0x00000030   Code   RO        11798    i.z2_sched_main_prep_wait_nav  app_zone2.o
    0x0801aaf8   0x0801aaf8   0x0000015c   Code   RO        11799    i.z2_sched_path_next_pile  app_zone2.o
    0x0801ac54   0x0801ac54   0x00000068   Code   RO        11800    i.z2_sched_pick_kfs_adjacent  app_zone2.o
    0x0801acbc   0x0801acbc   0x00000044   Code   RO        11801    i.z2_sched_pick_kfs_on_pile  app_zone2.o
    0x0801ad00   0x0801ad00   0x00000098   Code   RO        11802    i.z2_sched_poll     app_zone2.o
    0x0801ad98   0x0801ad98   0x00000044   Code   RO        11803    i.z2_step_reset     app_zone2.o
    0x0801addc   0x0801addc   0x0000008c   Code   RO        11804    i.z2_step_set       app_zone2.o
    0x0801ae68   0x0801ae68   0x00000090   Data   RO          360    .constdata          freertos.o
    0x0801aef8   0x0801aef8   0x00000008   Data   RO         3211    .constdata          stm32h7xx_hal_dma.o
    0x0801af00   0x0801af00   0x0000005c   Data   RO         5093    .constdata          stm32h7xx_hal_fdcan.o
    0x0801af5c   0x0801af5c   0x00000018   Data   RO         5681    .constdata          stm32h7xx_hal_uart.o
    0x0801af74   0x0801af74   0x00000010   Data   RO         6052    .constdata          stm32h7xx_hal_uart_ex.o
    0x0801af84   0x0801af84   0x00000010   Data   RO         6162    .constdata          system_stm32h7xx.o
    0x0801af94   0x0801af94   0x0000003c   Data   RO         8247    .constdata          motor.o
    0x0801afd0   0x0801afd0   0x0000023c   Data   RO        10853    .constdata          map.o
    0x0801b20c   0x0801b20c   0x00000010   Data   RO        11046    .constdata          nav_goto_dingdian_debug.o
    0x0801b21c   0x0801b21c   0x00000040   Data   RO        11115    .constdata          odom_center_offset.o
    0x0801b25c   0x0801b25c   0x00000018   Data   RO        11462    .constdata          imu.o
    0x0801b274   0x0801b274   0x00000010   Data   RO        11623    .constdata          yaw_heading_ctrl.o
    0x0801b284   0x0801b284   0x00000008   Data   RO        11806    .constdata          app_zone2.o
    0x0801b28c   0x0801b28c   0x00000020   Data   RO        12731    .constdata          m_wv.l(rredf.o)
    0x0801b2ac   0x0801b2ac   0x0000002c   Data   RO          361    .conststring        freertos.o
    0x0801b2d8   0x0801b2d8   0x00000020   Data   RO        12769    Region$$Table       anon$$obj.o


    Execution Region RW_IRAM1 (Exec base: 0x20000000, Load base: 0x0801b2f8, Size: 0x00000000, Max: 0x00020000, ABSOLUTE)

    **** No section assigned to this execution region ****


    Execution Region RW_IRAM2 (Exec base: 0x24000000, Load base: 0x0801b2f8, Size: 0x00009370, Max: 0x00050000, ABSOLUTE, COMPRESSED[0x000002e8])

    Exec Addr    Load Addr    Size         Type   Attr      Idx    E Section Name        Object

    0x24000000   COMPRESSED   0x00000010   Data   RW          362    .data               freertos.o
    0x24000010   COMPRESSED   0x00000004   Data   RW          452    .data               fdcan.o
    0x24000014   COMPRESSED   0x00000009   Data   RW         4101    .data               stm32h7xx_hal.o
    0x2400001d   COMPRESSED   0x00000003   PAD
    0x24000020   COMPRESSED   0x00000008   Data   RW         6163    .data               system_stm32h7xx.o
    0x24000028   COMPRESSED   0x00000040   Data   RW         6896    .data               tasks.o
    0x24000068   COMPRESSED   0x00000014   Data   RW         7246    .data               timers.o
    0x2400007c   COMPRESSED   0x00000004   Data   RW         7494    .data               cmsis_os2.o
    0x24000080   COMPRESSED   0x0000001c   Data   RW         7954    .data               heap_4.o
    0x2400009c   COMPRESSED   0x0000000c   Data   RW         8015    .data               port.o
    0x240000a8   COMPRESSED   0x00000070   Data   RW         8092    .data               bsp_can.o
    0x24000118   COMPRESSED   0x00000001   Data   RW         8169    .data               bsp_uart.o
    0x24000119   COMPRESSED   0x00000001   PAD
    0x2400011a   COMPRESSED   0x00000005   Data   RW         8248    .data               motor.o
    0x2400011f   COMPRESSED   0x00000001   PAD
    0x24000120   COMPRESSED   0x00000004   Data   RW         8340    .data               dji_motor.o
    0x24000124   COMPRESSED   0x0000000c   Data   RW         8394    .data               dm_motor.o
    0x24000130   COMPRESSED   0x00000094   Data   RW         8457    .data               chassis.o
    0x240001c4   COMPRESSED   0x000000e1   Data   RW         8565    .data               kfs.o
    0x240002a5   COMPRESSED   0x00000003   PAD
    0x240002a8   COMPRESSED   0x00000068   Data   RW         8630    .data               lift.o
    0x24000310   COMPRESSED   0x00000007   Data   RW         8729    .data               weapon.o
    0x24000317   COMPRESSED   0x00000001   PAD
    0x24000318   COMPRESSED   0x00000020   Data   RW         8810    .data               can_task.o
    0x24000338   COMPRESSED   0x00000005   Data   RW         8855    .data               motion_task.o
    0x2400033d   COMPRESSED   0x00000003   PAD
    0x24000340   COMPRESSED   0x00000030   Data   RW         8952    .data               remote_control.o
    0x24000370   COMPRESSED   0x00000038   Data   RW         9119    .data               r1_link.o
    0x240003a8   COMPRESSED   0x00000018   Data   RW         9351    .data               r1_usart1_link.o
    0x240003c0   COMPRESSED   0x00000018   Data   RW         9451    .data               r1_usart3_link.o
    0x240003d8   COMPRESSED   0x00000003   Data   RW         9514    .data               r1_uart_rx_dispatch.o
    0x240003db   COMPRESSED   0x00000001   PAD
    0x240003dc   COMPRESSED   0x0000001f   Data   RW         9589    .data               upper_pc_protocol.o
    0x240003fb   COMPRESSED   0x00000001   PAD
    0x240003fc   COMPRESSED   0x0000005e   Data   RW         9909    .data               usbd_desc.o
    0x2400045a   COMPRESSED   0x00000002   PAD
    0x2400045c   COMPRESSED   0x00000019   Data   RW        10003    .data               usbd_cdc_if.o
    0x24000475   COMPRESSED   0x00000001   Data   RW        10457    .data               usbd_ctlreq.o
    0x24000476   COMPRESSED   0x00000002   PAD
    0x24000478   COMPRESSED   0x0000008a   Data   RW        10628    .data               usbd_cdc.o
    0x24000502   COMPRESSED   0x00000002   PAD
    0x24000504   COMPRESSED   0x0000012c   Data   RW        10734    .data               chassis_heading_hold.o
    0x24000630   COMPRESSED   0x0000009d   Data   RW        10913    .data               odom_nav_goto.o
    0x240006cd   COMPRESSED   0x00000002   Data   RW        11047    .data               nav_goto_dingdian_debug.o
    0x240006cf   COMPRESSED   0x00000001   PAD
    0x240006d0   COMPRESSED   0x0000017e   Data   RW        11201    .data               process_flow.o
    0x2400084e   COMPRESSED   0x00000002   PAD
    0x24000850   COMPRESSED   0x00000019   Data   RW        11353    .data               sensor.o
    0x24000869   COMPRESSED   0x00000003   PAD
    0x2400086c   COMPRESSED   0x00000010   Data   RW        11526    .data               clamp_head_ctrl.o
    0x2400087c   COMPRESSED   0x00000014   Data   RW        11624    .data               yaw_heading_ctrl.o
    0x24000890   COMPRESSED   0x0000004c   Data   RW        11719    .data               chassis_vel_pid.o
    0x240008dc   COMPRESSED   0x000000b0   Data   RW        11807    .data               app_zone2.o
    0x2400098c   COMPRESSED   0x00000030   Data   RW        12441    .data               app_zone3.o
    0x240009bc   COMPRESSED   0x00000004   Data   RW        12754    .data               mc_w.l(errno.o)
    0x240009c0        -       0x000001e0   Zero   RW          451    .bss                fdcan.o
    0x24000ba0        -       0x00000098   Zero   RW          508    .bss                tim.o
    0x24000c38        -       0x00000468   Zero   RW          575    .bss                usart.o
    0x240010a0        -       0x0000004c   Zero   RW          812    .bss                stm32h7xx_hal_timebase_tim.o
    0x240010ec        -       0x00000040   Zero   RW         6439    .bss                queue.o
    0x2400112c        -       0x000004c4   Zero   RW         6895    .bss                tasks.o
    0x240015f0        -       0x00000118   Zero   RW         7245    .bss                timers.o
    0x24001708        -       0x000006b8   Zero   RW         7493    .bss                cmsis_os2.o
    0x24001dc0        -       0x00003c00   Zero   RW         7953    .bss                heap_4.o
    0x240059c0        -       0x0000005c   Zero   RW         8168    .bss                bsp_uart.o
    0x24005a1c        -       0x00000a70   Zero   RW         8456    .bss                chassis.o
    0x2400648c        -       0x000006a0   Zero   RW         8564    .bss                kfs.o
    0x24006b2c        -       0x00000598   Zero   RW         8629    .bss                lift.o
    0x240070c4        -       0x00000048   Zero   RW         8897    .bss                sensor_task.o
    0x2400710c        -       0x00000074   Zero   RW         8951    .bss                remote_control.o
    0x24007180        -       0x00000069   Zero   RW         9118    .bss                r1_link.o
    0x240071e9   COMPRESSED   0x00000003   PAD
    0x240071ec        -       0x0000009e   Zero   RW         9588    .bss                upper_pc_protocol.o
    0x2400728a   COMPRESSED   0x00000002   PAD
    0x2400728c        -       0x000002dc   Zero   RW         9864    .bss                usb_device.o
    0x24007568        -       0x00000200   Zero   RW         9908    .bss                usbd_desc.o
    0x24007768        -       0x00001000   Zero   RW        10002    .bss                usbd_cdc_if.o
    0x24008768        -       0x00000704   Zero   RW        10096    .bss                usbd_conf.o
    0x24008e6c        -       0x00000018   Zero   RW        10733    .bss                chassis_heading_hold.o
    0x24008e84        -       0x0000001c   Zero   RW        10912    .bss                odom_nav_goto.o
    0x24008ea0        -       0x0000000c   Zero   RW        11045    .bss                nav_goto_dingdian_debug.o
    0x24008eac        -       0x00000014   Zero   RW        11200    .bss                process_flow.o
    0x24008ec0        -       0x00000024   Zero   RW        11352    .bss                sensor.o
    0x24008ee4        -       0x00000014   Zero   RW        11622    .bss                yaw_heading_ctrl.o
    0x24008ef8        -       0x0000001e   Zero   RW        11805    .bss                app_zone2.o
    0x24008f16   COMPRESSED   0x00000002   PAD
    0x24008f18        -       0x00000038   Zero   RW        12248    .bss                app_zone1.o
    0x24008f50        -       0x00000020   Zero   RW        12440    .bss                app_zone3.o
    0x24008f70        -       0x00000400   Zero   RW            1    STACK               startup_stm32h723xx.o


==============================================================================

Image component sizes


      Code (inc. data)   RO Data    RW Data    ZI Data      Debug   Object Name

        24          0          0          0          0        483   app_init.o
        96         10          0          0         56       4503   app_zone1.o
      6358        964          8        176         30      44700   app_zone2.o
      1884        178          0         48         32      22966   app_zone3.o
       984        136          0        112          0       5476   bsp_can.o
      1892         96          0          1         92       6031   bsp_uart.o
      1218        150          0         32          0       2485   can_task.o
      1860        226          0        148       2672      15825   chassis.o
      3986        236          0        300         24      14906   chassis_heading_hold.o
         0          0          0         76          0       1324   chassis_vel_pid.o
       480         74          0         16          0       6937   clamp_head_ctrl.o
       516         34          0          4       1720      71254   cmsis_os2.o
       122         14          0          0          0       1688   common.o
       608         18          0          4          0       4248   dji_motor.o
      1804        110          0         12          0      11306   dm_motor.o
        68          4          0          0          0        890   dma.o
         0          0          0          0          0      24212   event_groups.o
       932         56          0          4        480       3533   fdcan.o
       118         48        188         16          0       5656   freertos.o
        38          0          0          0          0       2899   global.o
       360         16          0          0          0       1231   gpio.o
       684         60          0         28      15360       5615   heap_4.o
       816         52         24          0          0       5031   imu.o
      3108        374          0        225       1696       9916   kfs.o
      2062        398          0        104       1432      12778   lift.o
       124          0          0          0          0       3137   list.o
       484         22          0          0          0    1262332   main.o
       124         22        572          0          0       6166   map.o
       508         24          0          5          0       3699   motion_task.o
       390         32         60          5          0       9077   motor.o
         0          0          0          0          0       2644   mpu_wrappers_v2.o
       496         50         16          2         12       6511   nav_goto_dingdian_debug.o
       478         36         64          0          0       6614   odom_center_offset.o
      2790        194          0        157         28      16756   odom_nav_goto.o
       774         20          0          0          0       8232   pid.o
      1014         92          0         12          0      11989   port.o
      4198        568          0        382         20      22957   process_flow.o
      1140         16          0          0         64      13825   queue.o
       784        160          0         56        105       8178   r1_link.o
       178          0          0          0          0       2945   r1_link_sig.o
       490          0          0          0          0       5757   r1_r2_connect.o
       210         50          0          3          0       3015   r1_uart_rx_dispatch.o
       224         58          0         24          0       3539   r1_usart1_link.o
       196          0          0          0          0       4171   r1_usart1_proto.o
       212         52          0         24          0       3539   r1_usart3_link.o
       182          0          0          0          0       2983   r1_usart3_proto.o
       128          0          0          0          0       3481   r1_zone3_parse.o
       790        146          0          0          0       2556   register.o
       864         78          0         48        116       7136   remote_control.o
       828         72          0         25         36       5534   sensor.o
        88          4          0          0         72       2059   sensor_task.o
        44         12        716          0       1024        840   startup_stm32h723xx.o
       172         34          0          9          0      23022   stm32h7xx_hal.o
       422         40          0          0          0      40580   stm32h7xx_hal_cortex.o
      7036        138          8          0          0      11702   stm32h7xx_hal_dma.o
      1036         22          0          0          0       2665   stm32h7xx_hal_dma_ex.o
      3786         52         92          0          0      24316   stm32h7xx_hal_fdcan.o
       536         48          0          0          0       2915   stm32h7xx_hal_gpio.o
        48          6          0          0          0        934   stm32h7xx_hal_msp.o
      3670         16          0          0          0      13872   stm32h7xx_hal_pcd.o
       130          4          0          0          0       3205   stm32h7xx_hal_pcd_ex.o
       116         12          0          0          0       1342   stm32h7xx_hal_pwr_ex.o
      3496        120          0          0          0       7609   stm32h7xx_hal_rcc.o
      5140        112          0          0          0       7337   stm32h7xx_hal_rcc_ex.o
      3500        386          0          0          0      18523   stm32h7xx_hal_tim.o
       234         38          0          0          0       3296   stm32h7xx_hal_tim_ex.o
       148         20          0          0         76       1599   stm32h7xx_hal_timebase_tim.o
      6428        214         24          0          0      39387   stm32h7xx_hal_uart.o
       608         14         16          0          0       7399   stm32h7xx_hal_uart_ex.o
       426         86          0          0          0       9981   stm32h7xx_it.o
      4064         90          0          0          0      23072   stm32h7xx_ll_usb.o
         0          0          0          0          0        392   stream_buffer.o
       230         26          0          0          0       2867   structure.o
       304         38         16          8          0       1885   system_stm32h7xx.o
      3282        342          0         64       1220      31417   tasks.o
       468         36          0          0        152       3695   tim.o
      1058        120          0         20        280      34236   timers.o
      1402         94          0         31        158      11219   upper_pc_protocol.o
      1748        116          0          0       1128       5762   usart.o
        80         16          0          0        732        780   usb_device.o
      1772         52          0        138          0      14365   usbd_cdc.o
       354         56          0         25       4096       5716   usbd_cdc_if.o
       984         28          0          0       1796      17664   usbd_conf.o
      1372          0          0          0          0      16637   usbd_core.o
      2420         22          0          1          0      18096   usbd_ctlreq.o
       386        122          0         94        512       7053   usbd_desc.o
       182          0          0          0          0       4832   usbd_ioreq.o
       832        162          0          7          0       4660   weapon.o
      1098        116         16         20         20      14176   yaw_heading_ctrl.o

    ----------------------------------------------------------------------
    106834       7760       1852       2492      35248    2153773   Object Totals
         0          0         32          0          0          0   (incl. Generated)
       110          0          0         26          7          0   (incl. Padding)

    ----------------------------------------------------------------------

      Code (inc. data)   RO Data    RW Data    ZI Data      Debug   Library Member Name

       336         60          0          0          0        136   cosf.o
        24         14          0          0          0        116   dunder.o
       252          6          0          0          0        144   fmod.o
       176          0          0          0          0        168   fmodf.o
        38          0          0          0          0        116   fpclassifyf.o
        38         12          0          0          0        348   funder.o
       340         24         32          0          0        160   rredf.o
       404         60          0          0          0        212   sinf.o
        58          0          0          0          0        136   sqrtf.o
        86          0          0          0          0          0   __dczerorl2.o
         0          0          0          0          0          0   entry.o
         0          0          0          0          0          0   entry10a.o
         0          0          0          0          0          0   entry11a.o
         8          4          0          0          0          0   entry2.o
         4          0          0          0          0          0   entry5.o
         0          0          0          0          0          0   entry7b.o
         0          0          0          0          0          0   entry8b.o
         8          4          0          0          0          0   entry9a.o
        12          6          0          4          0         68   errno.o
        30          0          0          0          0          0   handlers.o
        36          8          0          0          0         68   init.o
         0          0          0          0          0          0   iusefp.o
        30          0          0          0          0         68   llshl.o
        32          0          0          0          0         68   llushr.o
        26          0          0          0          0         80   memcmp.o
        36          0          0          0          0         68   memcpya.o
        36          0          0          0          0        108   memseta.o
        98          0          0          0          0         92   uldiv.o
       186          0          0          0          0        176   depilogue.o
       134          0          0          0          0         96   drem.o
       110          0          0          0          0        168   fepilogue.o
        82          0          0          0          0         96   frem.o

    ----------------------------------------------------------------------
      2634        198         32          4          0       2692   Library Totals
        14          0          0          0          0          0   (incl. Padding)

    ----------------------------------------------------------------------

      Code (inc. data)   RO Data    RW Data    ZI Data      Debug   Library Name

      1666        176         32          0          0       1536   m_wv.l
       442         22          0          4          0        620   mc_w.l
       512          0          0          0          0        536   mf_w.l

    ----------------------------------------------------------------------
      2634        198         32          4          0       2692   Library Totals

    ----------------------------------------------------------------------

==============================================================================


      Code (inc. data)   RO Data    RW Data    ZI Data      Debug   

    109468       7958       1884       2496      35248    2081229   Grand Totals
    109468       7958       1884        744      35248    2081229   ELF Image Totals (compressed)
    109468       7958       1884        744          0          0   ROM Totals

==============================================================================

    Total RO  Size (Code + RO Data)               111352 ( 108.74kB)
    Total RW  Size (RW Data + ZI Data)             37744 (  36.86kB)
    Total ROM Size (Code + RO Data + RW Data)     112096 ( 109.47kB)

==============================================================================

