<html>
<body>
<pre>
<h1>礦ision Build Log</h1>
<h2>Tool Versions:</h2>
IDE-Version: μVision V5.40.0.12
Copyright (C) 2024 ARM Ltd and ARM Germany GmbH. All rights reserved.
License Information: 111111 Administrator, 11, LIC=14HV2-9A31Q-Y83FK-ZT92N-EYBST-P6V39
 
Tool Versions:
Toolchain:       MDK-ARM Plus  Version: 5.40.0.5
Toolchain Path:  E:\Keil_v5\ARM\ARMCC\Bin
C Compiler:      Armcc.exe V5.06 update 6 (build 750)
Assembler:       Armasm.exe V5.06 update 6 (build 750)
Linker/Locator:  ArmLink.exe V5.06 update 6 (build 750)
Library Manager: ArmAr.exe V5.06 update 6 (build 750)
Hex Converter:   FromElf.exe V5.06 update 6 (build 750)
CPU DLL:         SARMCM3.DLL V5.40.0.5
Dialog DLL:      DCM.DLL V1.17.5.0
Target DLL:      CMSIS_AGDI.dll V1.33.21.0
Dialog DLL:      TCM.DLL V1.56.4.0
 
<h2>Project:</h2>
E:\EK\main_R2\RC26_H7_R2\RC26_H7_R2\MDK-ARM\RC26_H7_R1.uvprojx
Project File Date:  06/07/2026

<h2>Output:</h2>
*** Using Compiler 'V5.06 update 6 (build 750)', folder: 'E:\Keil_v5\ARM\ARMCC\Bin'
Rebuild target 'RC26_H7_R1'
assembling startup_stm32h723xx.s...
compiling stm32h7xx_hal_pcd_ex.c...
../Drivers/CMSIS/Include/cachel1_armv7.h(188): warning:  #1041-D: alignment for an auto object may not be larger than 8
      } locals
../Drivers/STM32H7xx_HAL_Driver/Src/stm32h7xx_hal_pcd_ex.c: 1 warning, 0 errors
compiling stm32h7xx_hal_msp.c...
../Drivers/CMSIS/Include/cachel1_armv7.h(188): warning:  #1041-D: alignment for an auto object may not be larger than 8
      } locals
../Core/Src/stm32h7xx_hal_msp.c: 1 warning, 0 errors
compiling stm32h7xx_hal_pcd.c...
../Drivers/CMSIS/Include/cachel1_armv7.h(188): warning:  #1041-D: alignment for an auto object may not be larger than 8
      } locals
../Drivers/STM32H7xx_HAL_Driver/Src/stm32h7xx_hal_pcd.c: 1 warning, 0 errors
compiling dma.c...
../Drivers/CMSIS/Include/cachel1_armv7.h(188): warning:  #1041-D: alignment for an auto object may not be larger than 8
      } locals
../Core/Src/dma.c: 1 warning, 0 errors
compiling usart.c...
../Drivers/CMSIS/Include/cachel1_armv7.h(188): warning:  #1041-D: alignment for an auto object may not be larger than 8
      } locals
../Core/Src/usart.c: 1 warning, 0 errors
compiling stm32h7xx_hal_timebase_tim.c...
../Drivers/CMSIS/Include/cachel1_armv7.h(188): warning:  #1041-D: alignment for an auto object may not be larger than 8
      } locals
../Core/Src/stm32h7xx_hal_timebase_tim.c: 1 warning, 0 errors
compiling stm32h7xx_hal_tim_ex.c...
../Drivers/CMSIS/Include/cachel1_armv7.h(188): warning:  #1041-D: alignment for an auto object may not be larger than 8
      } locals
../Drivers/STM32H7xx_HAL_Driver/Src/stm32h7xx_hal_tim_ex.c: 1 warning, 0 errors
compiling stm32h7xx_it.c...
../Drivers/CMSIS/Include/cachel1_armv7.h(188): warning:  #1041-D: alignment for an auto object may not be larger than 8
      } locals
../user/inc/app_init.h(177): warning:  #1-D: last line of file ends without a newline
  #endif /* APP_INIT_H */
../Core/Src/stm32h7xx_it.c: 2 warnings, 0 errors
compiling gpio.c...
../Drivers/CMSIS/Include/cachel1_armv7.h(188): warning:  #1041-D: alignment for an auto object may not be larger than 8
      } locals
../Core/Src/gpio.c: 1 warning, 0 errors
compiling tim.c...
../Drivers/CMSIS/Include/cachel1_armv7.h(188): warning:  #1041-D: alignment for an auto object may not be larger than 8
      } locals
../Core/Src/tim.c: 1 warning, 0 errors
compiling stm32h7xx_ll_usb.c...
../Drivers/CMSIS/Include/cachel1_armv7.h(188): warning:  #1041-D: alignment for an auto object may not be larger than 8
      } locals
../Drivers/STM32H7xx_HAL_Driver/Src/stm32h7xx_ll_usb.c: 1 warning, 0 errors
compiling fdcan.c...
../Drivers/CMSIS/Include/cachel1_armv7.h(188): warning:  #1041-D: alignment for an auto object may not be larger than 8
      } locals
../Core/Src/fdcan.c: 1 warning, 0 errors
compiling freertos.c...
../Drivers/CMSIS/Include/cachel1_armv7.h(188): warning:  #1041-D: alignment for an auto object may not be larger than 8
      } locals
../Core/Src/freertos.c: 1 warning, 0 errors
compiling main.c...
../Drivers/CMSIS/Include/cachel1_armv7.h(188): warning:  #1041-D: alignment for an auto object may not be larger than 8
      } locals
../user/inc/app_init.h(177): warning:  #1-D: last line of file ends without a newline
  #endif /* APP_INIT_H */
../Core/Src/main.c: 2 warnings, 0 errors
compiling stm32h7xx_hal_rcc.c...
../Drivers/CMSIS/Include/cachel1_armv7.h(188): warning:  #1041-D: alignment for an auto object may not be larger than 8
      } locals
../Drivers/STM32H7xx_HAL_Driver/Src/stm32h7xx_hal_rcc.c: 1 warning, 0 errors
compiling stm32h7xx_hal_tim.c...
../Drivers/CMSIS/Include/cachel1_armv7.h(188): warning:  #1041-D: alignment for an auto object may not be larger than 8
      } locals
../Drivers/STM32H7xx_HAL_Driver/Src/stm32h7xx_hal_tim.c: 1 warning, 0 errors
compiling stm32h7xx_hal_flash_ex.c...
../Drivers/CMSIS/Include/cachel1_armv7.h(188): warning:  #1041-D: alignment for an auto object may not be larger than 8
      } locals
../Drivers/STM32H7xx_HAL_Driver/Src/stm32h7xx_hal_flash_ex.c: 1 warning, 0 errors
compiling stm32h7xx_hal_hsem.c...
../Drivers/CMSIS/Include/cachel1_armv7.h(188): warning:  #1041-D: alignment for an auto object may not be larger than 8
      } locals
../Drivers/STM32H7xx_HAL_Driver/Src/stm32h7xx_hal_hsem.c: 1 warning, 0 errors
compiling stm32h7xx_hal_pwr.c...
../Drivers/CMSIS/Include/cachel1_armv7.h(188): warning:  #1041-D: alignment for an auto object may not be larger than 8
      } locals
../Drivers/STM32H7xx_HAL_Driver/Src/stm32h7xx_hal_pwr.c: 1 warning, 0 errors
compiling stm32h7xx_hal_flash.c...
../Drivers/CMSIS/Include/cachel1_armv7.h(188): warning:  #1041-D: alignment for an auto object may not be larger than 8
      } locals
../Drivers/STM32H7xx_HAL_Driver/Src/stm32h7xx_hal_flash.c: 1 warning, 0 errors
compiling mpu_wrappers_v2.c...
compiling croutine.c...
compiling stm32h7xx_hal_cortex.c...
../Drivers/CMSIS/Include/cachel1_armv7.h(188): warning:  #1041-D: alignment for an auto object may not be larger than 8
      } locals
../Drivers/STM32H7xx_HAL_Driver/Src/stm32h7xx_hal_cortex.c: 1 warning, 0 errors
compiling event_groups.c...
compiling list.c...
compiling stm32h7xx_hal_gpio.c...
../Drivers/CMSIS/Include/cachel1_armv7.h(188): warning:  #1041-D: alignment for an auto object may not be larger than 8
      } locals
../Drivers/STM32H7xx_HAL_Driver/Src/stm32h7xx_hal_gpio.c: 1 warning, 0 errors
compiling stm32h7xx_hal_mdma.c...
../Drivers/CMSIS/Include/cachel1_armv7.h(188): warning:  #1041-D: alignment for an auto object may not be larger than 8
      } locals
../Drivers/STM32H7xx_HAL_Driver/Src/stm32h7xx_hal_mdma.c: 1 warning, 0 errors
compiling stm32h7xx_hal.c...
../Drivers/CMSIS/Include/cachel1_armv7.h(188): warning:  #1041-D: alignment for an auto object may not be larger than 8
      } locals
../Drivers/STM32H7xx_HAL_Driver/Src/stm32h7xx_hal.c: 1 warning, 0 errors
compiling stream_buffer.c...
compiling queue.c...
compiling timers.c...
compiling heap_4.c...
compiling tasks.c...
compiling port.c...
compiling bsp_tim.c...
compiling stm32h7xx_hal_dma_ex.c...
../Drivers/CMSIS/Include/cachel1_armv7.h(188): warning:  #1041-D: alignment for an auto object may not be larger than 8
      } locals
../Drivers/STM32H7xx_HAL_Driver/Src/stm32h7xx_hal_dma_ex.c: 1 warning, 0 errors
compiling stm32h7xx_hal_pwr_ex.c...
../Drivers/CMSIS/Include/cachel1_armv7.h(188): warning:  #1041-D: alignment for an auto object may not be larger than 8
      } locals
../Drivers/STM32H7xx_HAL_Driver/Src/stm32h7xx_hal_pwr_ex.c: 1 warning, 0 errors
compiling stm32h7xx_hal_rcc_ex.c...
../Drivers/CMSIS/Include/cachel1_armv7.h(188): warning:  #1041-D: alignment for an auto object may not be larger than 8
      } locals
../Drivers/STM32H7xx_HAL_Driver/Src/stm32h7xx_hal_rcc_ex.c: 1 warning, 0 errors
compiling stm32h7xx_hal_exti.c...
../Drivers/CMSIS/Include/cachel1_armv7.h(188): warning:  #1041-D: alignment for an auto object may not be larger than 8
      } locals
../Drivers/STM32H7xx_HAL_Driver/Src/stm32h7xx_hal_exti.c: 1 warning, 0 errors
compiling stm32h7xx_hal_i2c_ex.c...
../Drivers/CMSIS/Include/cachel1_armv7.h(188): warning:  #1041-D: alignment for an auto object may not be larger than 8
      } locals
../Drivers/STM32H7xx_HAL_Driver/Src/stm32h7xx_hal_i2c_ex.c: 1 warning, 0 errors
compiling stm32h7xx_hal_i2c.c...
../Drivers/CMSIS/Include/cachel1_armv7.h(188): warning:  #1041-D: alignment for an auto object may not be larger than 8
      } locals
../Drivers/STM32H7xx_HAL_Driver/Src/stm32h7xx_hal_i2c.c: 1 warning, 0 errors
compiling stm32h7xx_hal_fdcan.c...
../Drivers/CMSIS/Include/cachel1_armv7.h(188): warning:  #1041-D: alignment for an auto object may not be larger than 8
      } locals
../Drivers/STM32H7xx_HAL_Driver/Src/stm32h7xx_hal_fdcan.c: 1 warning, 0 errors
compiling stm32h7xx_hal_dma.c...
../Drivers/CMSIS/Include/cachel1_armv7.h(188): warning:  #1041-D: alignment for an auto object may not be larger than 8
      } locals
../Drivers/STM32H7xx_HAL_Driver/Src/stm32h7xx_hal_dma.c: 1 warning, 0 errors
compiling system_stm32h7xx.c...
../Drivers/CMSIS/Include/cachel1_armv7.h(188): warning:  #1041-D: alignment for an auto object may not be larger than 8
      } locals
../Core/Src/system_stm32h7xx.c: 1 warning, 0 errors
compiling master_control.c...
compiling stm32h7xx_hal_uart_ex.c...
../Drivers/CMSIS/Include/cachel1_armv7.h(188): warning:  #1041-D: alignment for an auto object may not be larger than 8
      } locals
../Drivers/STM32H7xx_HAL_Driver/Src/stm32h7xx_hal_uart_ex.c: 1 warning, 0 errors
compiling R1_R2_connect.c...
compiling dji_motor.c...
../Drivers/CMSIS/Include/cachel1_armv7.h(188): warning:  #1041-D: alignment for an auto object may not be larger than 8
      } locals
..\user\src\dji_motor.c: 1 warning, 0 errors
compiling r1_link_sig.c...
compiling stm32h7xx_hal_uart.c...
../Drivers/CMSIS/Include/cachel1_armv7.h(188): warning:  #1041-D: alignment for an auto object may not be larger than 8
      } locals
../Drivers/STM32H7xx_HAL_Driver/Src/stm32h7xx_hal_uart.c: 1 warning, 0 errors
compiling bsp_can.c...
../Drivers/CMSIS/Include/cachel1_armv7.h(188): warning:  #1041-D: alignment for an auto object may not be larger than 8
      } locals
../user/inc/app_init.h(177): warning:  #1-D: last line of file ends without a newline
  #endif /* APP_INIT_H */
../user/inc/chassis_vel_pid.h(41): warning:  #1-D: last line of file ends without a newline
  #endif
..\user\src\bsp_can.c: 3 warnings, 0 errors
compiling r1_usart1_proto.c...
compiling r1_usart1_link.c...
compiling bsp_uart.c...
../Drivers/CMSIS/Include/cachel1_armv7.h(188): warning:  #1041-D: alignment for an auto object may not be larger than 8
      } locals
../user/inc/app_init.h(177): warning:  #1-D: last line of file ends without a newline
  #endif /* APP_INIT_H */
..\user\src\bsp_uart.c: 2 warnings, 0 errors
compiling r1_usart3_proto.c...
compiling r1_usart3_link.c...
compiling upper_pc_protocol.c...
../user/inc/app_init.h(177): warning:  #1-D: last line of file ends without a newline
  #endif /* APP_INIT_H */
..\user\src\upper_pc_protocol.c(35): warning:  #177-D: variable "payload"  was declared but never referenced
  static uint8_t  payload[RC_FRAME_MAX_PAYLOAD];
..\user\src\upper_pc_protocol.c: 2 warnings, 0 errors
compiling pid.c...
compiling dm_motor.c...
../Drivers/CMSIS/Include/cachel1_armv7.h(188): warning:  #1041-D: alignment for an auto object may not be larger than 8
      } locals
..\user\src\dm_motor.c: 1 warning, 0 errors
compiling motor.c...
../Drivers/CMSIS/Include/cachel1_armv7.h(188): warning:  #1041-D: alignment for an auto object may not be larger than 8
      } locals
../user/inc/app_init.h(177): warning:  #1-D: last line of file ends without a newline
  #endif /* APP_INIT_H */
..\user\src\motor.c(9): warning:  #177-D: variable "Motor"  was declared but never referenced
      MotorModule *Motor = (MotorModule *)base;
..\user\src\motor.c(17): warning:  #177-D: variable "Motor"  was declared but never referenced
      MotorModule *Motor = (MotorModule*)base;
..\user\src\motor.c: 4 warnings, 0 errors
compiling cmsis_os2.c...
../Drivers/CMSIS/Include/cachel1_armv7.h(188): warning:  #1041-D: alignment for an auto object may not be larger than 8
      } locals
../Middlewares/Third_Party/FreeRTOS/Source/CMSIS_RTOS_V2/cmsis_os2.c: 1 warning, 0 errors
compiling kfs.c...
../Drivers/CMSIS/Include/cachel1_armv7.h(188): warning:  #1041-D: alignment for an auto object may not be larger than 8
      } locals
../user/inc/app_init.h(177): warning:  #1-D: last line of file ends without a newline
  #endif /* APP_INIT_H */
../user/inc/chassis_vel_pid.h(41): warning:  #1-D: last line of file ends without a newline
  #endif
..\user\src\kfs.c(266): warning:  #550-D: variable "ch3_prev"  was set but never used
  			static uint16_t ch3_prev = 0;
..\user\src\kfs.c(599): warning:  #1-D: last line of file ends without a newline
  }
..\user\src\kfs.c(99): warning:  #550-D: variable "flex_pos_inited"  was set but never used
  static uint8_t flex_pos_inited = 0U;       /* 位置环是否已初始化 */
..\user\src\kfs.c: 6 warnings, 0 errors
compiling chassis.c...
../Drivers/CMSIS/Include/cachel1_armv7.h(188): warning:  #1041-D: alignment for an auto object may not be larger than 8
      } locals
../user/inc/app_init.h(177): warning:  #1-D: last line of file ends without a newline
  #endif /* APP_INIT_H */
../user/inc/chassis_vel_pid.h(41): warning:  #1-D: last line of file ends without a newline
  #endif
../user/inc/Process_Flow.h(255): warning:  #1-D: last line of file ends without a newline
  #endif
..\user\src\chassis.c: 4 warnings, 0 errors
compiling lift.c...
../Drivers/CMSIS/Include/cachel1_armv7.h(188): warning:  #1041-D: alignment for an auto object may not be larger than 8
      } locals
../user/inc/app_init.h(177): warning:  #1-D: last line of file ends without a newline
  #endif /* APP_INIT_H */
../user/inc/chassis_vel_pid.h(41): warning:  #1-D: last line of file ends without a newline
  #endif
..\user\src\lift.c: 3 warnings, 0 errors
compiling weapon.c...
../Drivers/CMSIS/Include/cachel1_armv7.h(188): warning:  #1041-D: alignment for an auto object may not be larger than 8
      } locals
../user/inc/app_init.h(177): warning:  #1-D: last line of file ends without a newline
  #endif /* APP_INIT_H */
../user/inc/chassis_vel_pid.h(41): warning:  #1-D: last line of file ends without a newline
  #endif
..\user\src\weapon.c(55): warning:  #177-D: function "weapon_master_drive_by_bits"  was declared but never referenced
  static void weapon_master_drive_by_bits(uint8_t action_bits)
..\user\src\weapon.c: 4 warnings, 0 errors
compiling Can_Task.c...
../Drivers/CMSIS/Include/cachel1_armv7.h(188): warning:  #1041-D: alignment for an auto object may not be larger than 8
      } locals
../user/inc/app_init.h(177): warning:  #1-D: last line of file ends without a newline
  #endif /* APP_INIT_H */
../user/inc/chassis_vel_pid.h(41): warning:  #1-D: last line of file ends without a newline
  #endif
../user/inc/Process_Flow.h(255): warning:  #1-D: last line of file ends without a newline
  #endif
..\user\src\Can_Task.c: 4 warnings, 0 errors
compiling Motion_Task.c...
../Drivers/CMSIS/Include/cachel1_armv7.h(188): warning:  #1041-D: alignment for an auto object may not be larger than 8
      } locals
../user/inc/app_init.h(177): warning:  #1-D: last line of file ends without a newline
  #endif /* APP_INIT_H */
../user/inc/chassis_vel_pid.h(41): warning:  #1-D: last line of file ends without a newline
  #endif
../user/inc/Process_Flow.h(255): warning:  #1-D: last line of file ends without a newline
  #endif
..\user\src\Motion_Task.c(135): warning:  #1-D: last line of file ends without a newline
  }
..\user\src\Motion_Task.c: 5 warnings, 0 errors
compiling Sensor_Task.c...
../user/inc/app_init.h(177): warning:  #1-D: last line of file ends without a newline
  #endif /* APP_INIT_H */
../Drivers/CMSIS/Include/cachel1_armv7.h(188): warning:  #1041-D: alignment for an auto object may not be larger than 8
      } locals
..\user\src\Sensor_Task.c: 2 warnings, 0 errors
compiling map.c...
compiling r1_link.c...
../user/inc/app_init.h(177): warning:  #1-D: last line of file ends without a newline
  #endif /* APP_INIT_H */
../Drivers/CMSIS/Include/cachel1_armv7.h(188): warning:  #1041-D: alignment for an auto object may not be larger than 8
      } locals
..\user\src\r1_link.c: 2 warnings, 0 errors
compiling r1_uart_rx_dispatch.c...
../user/inc/app_init.h(177): warning:  #1-D: last line of file ends without a newline
  #endif /* APP_INIT_H */
../Drivers/CMSIS/Include/cachel1_armv7.h(188): warning:  #1041-D: alignment for an auto object may not be larger than 8
      } locals
..\user\src\r1_uart_rx_dispatch.c: 2 warnings, 0 errors
compiling odom_center_offset.c...
../user/inc/app_init.h(177): warning:  #1-D: last line of file ends without a newline
  #endif /* APP_INIT_H */
..\user\src\odom_center_offset.c: 1 warning, 0 errors
compiling global.c...
../Drivers/CMSIS/Include/cachel1_armv7.h(188): warning:  #1041-D: alignment for an auto object may not be larger than 8
      } locals
..\user\src\global.c: 1 warning, 0 errors
compiling remote_control.c...
../user/inc/app_init.h(177): warning:  #1-D: last line of file ends without a newline
  #endif /* APP_INIT_H */
../Drivers/CMSIS/Include/cachel1_armv7.h(188): warning:  #1041-D: alignment for an auto object may not be larger than 8
      } locals
..\user\src\remote_control.c(162): warning:  #177-D: variable "now_ms"  was declared but never referenced
      uint32_t now_ms;
..\user\src\remote_control.c(14): warning:  #550-D: variable "s_rc_last_good_rx_ms"  was set but never used
  static uint32_t s_rc_last_good_rx_ms = 0U;
..\user\src\remote_control.c(18): warning:  #550-D: variable "s_rc_timeout_latched"  was set but never used
  static uint8_t s_rc_timeout_latched = 0U;
..\user\src\remote_control.c: 5 warnings, 0 errors
compiling usbd_desc.c...
../Drivers/CMSIS/Include/cachel1_armv7.h(188): warning:  #1041-D: alignment for an auto object may not be larger than 8
      } locals
../USB_DEVICE/App/usbd_desc.c: 1 warning, 0 errors
compiling usb_device.c...
../Drivers/CMSIS/Include/cachel1_armv7.h(188): warning:  #1041-D: alignment for an auto object may not be larger than 8
      } locals
../USB_DEVICE/App/usb_device.c: 1 warning, 0 errors
compiling register.c...
../Drivers/CMSIS/Include/cachel1_armv7.h(188): warning:  #1041-D: alignment for an auto object may not be larger than 8
      } locals
../user/inc/app_init.h(177): warning:  #1-D: last line of file ends without a newline
  #endif /* APP_INIT_H */
../user/inc/chassis_vel_pid.h(41): warning:  #1-D: last line of file ends without a newline
  #endif
..\user\src\register.c: 3 warnings, 0 errors
compiling yaw_heading_ctrl.c...
../user/inc/app_init.h(177): warning:  #1-D: last line of file ends without a newline
  #endif /* APP_INIT_H */
../user/inc/Process_Flow.h(255): warning:  #1-D: last line of file ends without a newline
  #endif
..\user\src\yaw_heading_ctrl.c: 2 warnings, 0 errors
compiling usbd_conf.c...
../Drivers/CMSIS/Include/cachel1_armv7.h(188): warning:  #1041-D: alignment for an auto object may not be larger than 8
      } locals
../USB_DEVICE/Target/usbd_conf.c: 1 warning, 0 errors
compiling usbd_core.c...
../Drivers/CMSIS/Include/cachel1_armv7.h(188): warning:  #1041-D: alignment for an auto object may not be larger than 8
      } locals
../Middlewares/ST/STM32_USB_Device_Library/Core/Src/usbd_core.c: 1 warning, 0 errors
compiling chassis_vel_pid.c...
../user/inc/chassis_vel_pid.h(41): warning:  #1-D: last line of file ends without a newline
  #endif
..\user\src\chassis_vel_pid.c(37): warning:  #1-D: last line of file ends without a newline
  };
..\user\src\chassis_vel_pid.c: 2 warnings, 0 errors
compiling app_init.c...
../user/inc/app_init.h(177): warning:  #1-D: last line of file ends without a newline
  #endif /* APP_INIT_H */
..\user\src\app_init.c: 1 warning, 0 errors
compiling usbd_cdc_if.c...
../Drivers/CMSIS/Include/cachel1_armv7.h(188): warning:  #1041-D: alignment for an auto object may not be larger than 8
      } locals
../USB_DEVICE/App/usbd_cdc_if.c: 1 warning, 0 errors
compiling usbd_ioreq.c...
../Drivers/CMSIS/Include/cachel1_armv7.h(188): warning:  #1041-D: alignment for an auto object may not be larger than 8
      } locals
../Middlewares/ST/STM32_USB_Device_Library/Core/Src/usbd_ioreq.c: 1 warning, 0 errors
compiling r1_zone3_parse.c...
compiling usbd_ctlreq.c...
../Drivers/CMSIS/Include/cachel1_armv7.h(188): warning:  #1041-D: alignment for an auto object may not be larger than 8
      } locals
../Middlewares/ST/STM32_USB_Device_Library/Core/Src/usbd_ctlreq.c: 1 warning, 0 errors
compiling chassis_heading_hold.c...
../Drivers/CMSIS/Include/cachel1_armv7.h(188): warning:  #1041-D: alignment for an auto object may not be larger than 8
      } locals
../user/inc/app_init.h(177): warning:  #1-D: last line of file ends without a newline
  #endif /* APP_INIT_H */
..\user\src\chassis_heading_hold.c: 2 warnings, 0 errors
compiling common.c...
../Drivers/CMSIS/Include/cachel1_armv7.h(188): warning:  #1041-D: alignment for an auto object may not be larger than 8
      } locals
..\user\src\common.c: 1 warning, 0 errors
compiling usbd_cdc.c...
../Drivers/CMSIS/Include/cachel1_armv7.h(188): warning:  #1041-D: alignment for an auto object may not be larger than 8
      } locals
../Middlewares/ST/STM32_USB_Device_Library/Class/CDC/Src/usbd_cdc.c: 1 warning, 0 errors
compiling odom_nav_goto.c...
../user/inc/app_init.h(177): warning:  #1-D: last line of file ends without a newline
  #endif /* APP_INIT_H */
../Drivers/CMSIS/Include/cachel1_armv7.h(188): warning:  #1041-D: alignment for an auto object may not be larger than 8
      } locals
../user/inc/Process_Flow.h(255): warning:  #1-D: last line of file ends without a newline
  #endif
../user/inc/chassis_vel_pid.h(41): warning:  #1-D: last line of file ends without a newline
  #endif
..\user\src\odom_nav_goto.c: 4 warnings, 0 errors
compiling nav_goto_dingdian_debug.c...
../Drivers/CMSIS/Include/cachel1_armv7.h(188): warning:  #1041-D: alignment for an auto object may not be larger than 8
      } locals
../user/inc/app_init.h(177): warning:  #1-D: last line of file ends without a newline
  #endif /* APP_INIT_H */
..\user\src\nav_goto_dingdian_debug.c: 2 warnings, 0 errors
compiling sensor.c...
../Drivers/CMSIS/Include/cachel1_armv7.h(188): warning:  #1041-D: alignment for an auto object may not be larger than 8
      } locals
..\user\src\sensor.c(203): warning:  #1-D: last line of file ends without a newline
  }
..\user\src\sensor.c: 2 warnings, 0 errors
compiling Process_Flow.c...
../user/inc/app_init.h(177): warning:  #1-D: last line of file ends without a newline
  #endif /* APP_INIT_H */
../user/inc/Process_Flow.h(255): warning:  #1-D: last line of file ends without a newline
  #endif
../Drivers/CMSIS/Include/cachel1_armv7.h(188): warning:  #1041-D: alignment for an auto object may not be larger than 8
      } locals
..\user\src\Process_Flow.c(1235): warning:  #1-D: last line of file ends without a newline
  }
..\user\src\Process_Flow.c: 4 warnings, 0 errors
compiling structure.c...
../Drivers/CMSIS/Include/cachel1_armv7.h(188): warning:  #1041-D: alignment for an auto object may not be larger than 8
      } locals
..\user\src\structure.c(4): warning:  #177-D: variable "Structure"  was declared but never referenced
      StructureModule *Structure = (StructureModule *)base;
..\user\src\structure.c(12): warning:  #177-D: variable "Structure"  was declared but never referenced
      StructureModule *Structure = (StructureModule*)base;
..\user\src\structure.c: 3 warnings, 0 errors
compiling clamp_head_ctrl.c...
../Drivers/CMSIS/Include/cachel1_armv7.h(188): warning:  #1041-D: alignment for an auto object may not be larger than 8
      } locals
..\user\src\clamp_head_ctrl.c: 1 warning, 0 errors
compiling imu.c...
../user/inc/app_init.h(177): warning:  #1-D: last line of file ends without a newline
  #endif /* APP_INIT_H */
../Drivers/CMSIS/Include/cachel1_armv7.h(188): warning:  #1041-D: alignment for an auto object may not be larger than 8
      } locals
..\user\src\imu.c: 2 warnings, 0 errors
compiling app_flow_dispatch.c...
../Drivers/CMSIS/Include/cachel1_armv7.h(188): warning:  #1041-D: alignment for an auto object may not be larger than 8
      } locals
../user/inc/app_init.h(177): warning:  #1-D: last line of file ends without a newline
  #endif /* APP_INIT_H */
../user/inc/Process_Flow.h(255): warning:  #1-D: last line of file ends without a newline
  #endif
../user/inc/chassis_vel_pid.h(41): warning:  #1-D: last line of file ends without a newline
  #endif
..\user\src\app_flow_dispatch.c: 4 warnings, 0 errors
compiling app_zone2.c...
../user/inc/app_init.h(177): warning:  #1-D: last line of file ends without a newline
  #endif /* APP_INIT_H */
../Drivers/CMSIS/Include/cachel1_armv7.h(188): warning:  #1041-D: alignment for an auto object may not be larger than 8
      } locals
../user/inc/Process_Flow.h(255): warning:  #1-D: last line of file ends without a newline
  #endif
..\user\src\app_zone2.c(242): warning:  #550-D: variable "s_step_pre_delay_tick"  was set but never used
  static uint32_t s_step_pre_delay_tick;
..\user\src\app_zone2.c(750): warning:  #177-D: function "z2_exec_face_beat"  was declared but never referenced
  static z2_exec_result_t z2_exec_face_beat(app_zone2_field_dir_t fd)
..\user\src\app_zone2.c: 5 warnings, 0 errors
compiling app_zone1.c...
../user/inc/app_init.h(177): warning:  #1-D: last line of file ends without a newline
  #endif /* APP_INIT_H */
../user/inc/Process_Flow.h(255): warning:  #1-D: last line of file ends without a newline
  #endif
../Drivers/CMSIS/Include/cachel1_armv7.h(188): warning:  #1041-D: alignment for an auto object may not be larger than 8
      } locals
../user/inc/chassis_vel_pid.h(41): warning:  #1-D: last line of file ends without a newline
  #endif
..\user\src\app_zone1.c: 4 warnings, 0 errors
compiling app_zone3.c...
../user/inc/app_init.h(177): warning:  #1-D: last line of file ends without a newline
  #endif /* APP_INIT_H */
../user/inc/Process_Flow.h(255): warning:  #1-D: last line of file ends without a newline
  #endif
../Drivers/CMSIS/Include/cachel1_armv7.h(188): warning:  #1041-D: alignment for an auto object may not be larger than 8
      } locals
..\user\src\app_zone3.c(634): warning:  #1-D: last line of file ends without a newline
  }
..\user\src\app_zone3.c: 4 warnings, 0 errors
linking...
Program Size: Code=109468 RO-data=1884 RW-data=2496 ZI-data=35248  
FromELF: creating hex file...
"RC26_H7_R1\RC26_H7_R1.axf" - 0 Error(s), 144 Warning(s).

<h2>Software Packages used:</h2>

Package Vendor: ARM
                https://www.keil.com/pack/ARM.CMSIS.6.1.0.pack
                ARM::CMSIS@6.1.0
                CMSIS (Common Microcontroller Software Interface Standard)
   * Component: CORE Version: 6.1.0

Package Vendor: Keil
                https://www.keil.com/pack/Keil.STM32H7xx_DFP.2.6.0.pack
                Keil::STM32H7xx_DFP@2.6.0
                STMicroelectronics STM32H7 Series Device Support and Examples

<h2>Collection of Component include folders:</h2>
  ./RTE/_RC26_H7_R1
  E:/Keil_v5/ARM/Packs/ARM/CMSIS/6.1.0/CMSIS/Core/Include
  E:/Keil_v5/ARM/Packs/Keil/STM32H7xx_DFP/2.6.0/Drivers/CMSIS/Device/ST/STM32H7xx/Include

<h2>Collection of Component Files used:</h2>

   * Component: ARM::CMSIS:CORE@6.1.0
      Include file:  CMSIS/Core/Include/tz_context.h
Build Time Elapsed:  00:03:03
</pre>
</body>
</html>
